PASS preset prism.tine 0.01672
PASS preset prism.reed 0.01525
PASS preset prism.celeste 0.01528
PASS preset prism.glass 0.01211
PASS preset prism.wood 0.00967
PASS preset prism.kalimba 0.01245
PASS preset prism.vibes 0.01214
PASS preset prism.nylon 0.01456
PASS preset prism.steel 0.01363
PASS preset prism.mutepluck 0.01069
PASS preset prism.roundbass 0.0174
PASS preset prism.rubberbass 0.01644
PASS preset prism.glasspad 0.00933
PASS preset prism.choirpad 0.01019
PASS preset prism.air 0.02536
PASS preset prism.clarinet 0.02084
PASS preset prism.lead 0.00618
PASS preset prism.pulse 0.00906
PASS preset prism.deepdrum 0.0057
PASS preset prism.drydrum 0.00427
PASS preset prism.brushdrum 0.00317
PASS preset epiano 0.00742
PASS preset felt 0.00557
PASS preset brightpiano 0.00584
PASS preset organ 0.01042
PASS preset toy 0.00729
PASS preset bell 0.00758
PASS preset marimba 0.00743
PASS preset kalimba 0.00746
PASS preset vibes 0.00752
PASS preset pluck 0.0112
PASS preset harp 0.00557
PASS preset chippluck 0.009
PASS preset roundbass 0.02092
PASS preset subbass 0.01372
PASS preset acidbass 0.00523
PASS preset fmbass 0.0077
PASS preset cloudpad 0.00925
PASS preset warmpad 0.00751
PASS preset strings 0.00653
PASS preset air 0.01009
PASS preset sinelead 0.01372
PASS preset sawlead 0.00648
PASS preset chip 0.00899
PASS preset fmlead 0.00705
PASS preset drums 0.00494
PASS preset softdrums 0.00362
PASS preset studio.va.round 0.00933
PASS preset studio.va.pluckbass 0.00429
PASS preset studio.va.acid 0.00247
PASS preset studio.va.rubber 0.00503
PASS preset studio.va.sawlead 0.00275
PASS preset studio.va.pulselead 0.00589
PASS preset studio.va.slidelead 0.00529
PASS preset studio.va.brass 0.00273
PASS preset studio.va.stab 0.00217
PASS preset studio.va.silk 0.00347
PASS preset studio.va.darkpad 0.00625
PASS preset studio.va.breath 0.00453
PASS preset studio.va.motion 0.00398
PASS preset studio.fm.tine 0.00555
PASS preset studio.fm.softkeys 0.00692
PASS preset studio.fm.slap 0.00557
PASS preset studio.fm.woodbass 0.00658
PASS preset studio.fm.koto 0.00335
PASS preset studio.fm.harp 0.00425
PASS preset studio.fm.bell 0.0066
PASS preset studio.fm.steel 0.00322
PASS preset studio.fm.organ 0.0073
PASS preset studio.fm.reed 0.00484
PASS preset studio.fm.orbit 0.01265
PASS preset studio.fm.crystal 0.0052
PASS preset studio.drum.round 0.00506
PASS preset studio.drum.punch 0.00367
PASS preset studio.drum.dry 0.00373
PASS preset studio.drum.metal 0.00312
PASS combination studio.combo.warm 0.03608
PASS combination studio.combo.warm.sparse 0.03515
PASS combination studio.combo.warm.ending 0.03539
PASS combination studio.combo.city 0.02001
PASS combination studio.combo.city.sparse 0.01942
PASS combination studio.combo.city.ending 0.01911
PASS combination studio.combo.night 0.0216
PASS combination studio.combo.night.sparse 0.02077
PASS combination studio.combo.night.ending 0.02129
PASS combination studio.combo.pulse 0.02071
PASS combination studio.combo.pulse.sparse 0.02047
PASS combination studio.combo.pulse.ending 0.02016
PASS combination studio.combo.air 0.02455
PASS combination studio.combo.air.sparse 0.02418
PASS combination studio.combo.air.ending 0.02394
PASS combination studio.combo.edge 0.02147
PASS combination studio.combo.edge.sparse 0.02071
PASS combination studio.combo.edge.ending 0.02079
PASS combination recipe.pop 0.03041
PASS combination recipe.lofi 0.03017
PASS combination recipe.dance 0.03919
PASS combination recipe.halftime 0.03015
PASS combination recipe.rock 0.03044
PASS combination recipe.penta 0.0236
PASS combination recipe.canon 0.02101
PASS combination recipe.dialogue 0.03189
{'presets': 76, 'combinations': 26, 'legacyExact': 33, 'legacyWithinQuantization': 55}
