START 01-home-and-length-entry
PASS 01-home-and-length-entry
START 02-music-library-excludes-sounds
PASS 02-music-library-excludes-sounds
START 03-one-sound-chooser-in-track-panel
PASS 03-one-sound-chooser-in-track-panel
START 04-sound-use-preserves-notes-and-undo
PASS 04-sound-use-preserves-notes-and-undo
START 05-sound-fixed-target-despite-selection
PASS 05-sound-fixed-target-despite-selection
START 06-deleted-sound-target-blocked
PASS 06-deleted-sound-target-blocked
START 07-preview-does-not-write
PASS 07-preview-does-not-write
START 08-take-cancel-preserves-geometry
PASS 08-take-cancel-preserves-geometry
START 09-template-click-place-single-undo
PASS 09-template-click-place-single-undo
START 10-real-mouse-drag-library-to-arrangement
PASS 10-real-mouse-drag-library-to-arrangement
START 11-ordered-batch-place-and-undo
PASS 11-ordered-batch-place-and-undo
START 12-parallel-batch-allocates-tracks
PASS 12-parallel-batch-allocates-tracks
START 13-trim-empty-tail-and-undo
PASS 13-trim-empty-tail-and-undo
START 14-resize-protects-existing-blocks
PASS 14-resize-protects-existing-blocks
START 15-delete-time-and-whole-undo
PASS 15-delete-time-and-whole-undo
START 16-clear-content-keeps-time
PASS 16-clear-content-keeps-time
START 17-pitch-axis-stays-visible-horizontally
PASS 17-pitch-axis-stays-visible-horizontally
START 18-pitch-ruler-drag-only-changes-view
PASS 18-pitch-ruler-drag-only-changes-view
START 19-pan-tool-browses-pitch-range
PASS 19-pan-tool-browses-pitch-range
START 20-short-window-major-controls-reachable
PASS 20-short-window-major-controls-reachable
START 21-real-project-file-download
PASS 21-real-project-file-download
START 22-generation-and-preview-regression
PASS 22-generation-and-preview-regression
START 23-play-mix-stop-regression
PASS 23-play-mix-stop-regression
START 24-library-restores-search-context
PASS 24-library-restores-search-context
START 25-time-edit-undo-redo-restores-loop
PASS 25-time-edit-undo-redo-restores-loop
START 26-stale-time-confirmation-does-not-overwrite
PASS 26-stale-time-confirmation-does-not-overwrite
START 27-deep-sound-only-current-parameters-real-slider
PASS 27-deep-sound-only-current-parameters-real-slider
START 28-resource-manager-without-second-sound-chooser
PASS 28-resource-manager-without-second-sound-chooser
START 29-collections-visible-pinned-favorites-and-reopen
PASS 29-collections-visible-pinned-favorites-and-reopen
START 30-applied-material-in-recent-and-currently-used
PASS 30-applied-material-in-recent-and-currently-used
START 31-all-five-examples-discoverable-with-safe-audition
PASS 31-all-five-examples-discoverable-with-safe-audition
START 32-example-independent-new-work-preserves-old-adapter
PASS 32-example-independent-new-work-preserves-old-adapter
START 33-batch-series-hover-plan-audition-apply-one-undo
PASS 33-batch-series-hover-plan-audition-apply-one-undo
START 34-parallel-explicit-existing-tracks-preview-with-song
PASS 34-parallel-explicit-existing-tracks-preview-with-song
START 35-batch-escape-cleans-audio-ghost-and-restores-library
PASS 35-batch-escape-cleans-audio-ghost-and-restores-library
START 36-batch-stale-related-edit-requires-recheck
PASS 36-batch-stale-related-edit-requires-recheck
START 37-batch-application-preserves-unrelated-edit
PASS 37-batch-application-preserves-unrelated-edit
START 38-batch-reorder-new-series-one-track
PASS 38-batch-reorder-new-series-one-track
START 39-real-native-multi-drag-stable-plan-before-apply
PASS 39-real-native-multi-drag-stable-plan-before-apply
START 40-clear-unrelated-first-bar-keeps-one-sustained-event
PASS 40-clear-unrelated-first-bar-keeps-one-sustained-event
START 41-delete-time-exact-seven-bars-download-reopen-contract
PASS 41-delete-time-exact-seven-bars-download-reopen-contract
START 42-short-window-batch-controls-reachable
PASS 42-short-window-batch-controls-reachable
START 43-batch-preview-export-keeps-unapplied-plan
PASS 43-batch-preview-export-keeps-unapplied-plan
START 44-music-and-sound-collections-remain-separate
PASS 44-music-and-sound-collections-remain-separate
START 45-long-batch-preview-extends-scroll-not-existing-geometry
PASS 45-long-batch-preview-extends-scroll-not-existing-geometry
START 46-unavailable-saved-material-keeps-identity-and-explanation
PASS 46-unavailable-saved-material-keeps-identity-and-explanation
START 47-resource-drums-no-hidden-template-or-preset-browser
PASS 47-resource-drums-no-hidden-template-or-preset-browser
{"passed": 47, "failed": 0}
