
> gridtone@2.2.1 pretest
> node scripts/catalog-build.mjs


> gridtone@2.2.1 test
> node --test tests/*.test.mjs

TAP version 13
# Subtest: F1 两块四小节和弦连续放入，八小节上下文完整
ok 1 - F1 两块四小节和弦连续放入，八小节上下文完整
  ---
  duration_ms: 7.538355
  type: 'test'
  ...
# Subtest: F2 rhythm忽略残留ending意图，原节奏保持
ok 2 - F2 rhythm忽略残留ending意图，原节奏保持
  ---
  duration_ms: 14.662949
  type: 'test'
  ...
# Subtest: F2 anchors忽略残留ending，句尾支点保持
ok 3 - F2 anchors忽略残留ending，句尾支点保持
  ---
  duration_ms: 14.731559
  type: 'test'
  ...
# Subtest: F4 调内候选追踪key/scale的有效输入
ok 4 - F4 调内候选追踪key/scale的有效输入
  ---
  duration_ms: 19.092592
  type: 'test'
  ...
# Subtest: 控制：无关轨音量修改保留，纯和弦候选不依赖参考标签
ok 5 - 控制：无关轨音量修改保留，纯和弦候选不依赖参考标签
  ---
  duration_ms: 18.250691
  type: 'test'
  ...
# Subtest: C-B01 parallel uses explicit existing tracks and preserves their sounds
ok 6 - C-B01 parallel uses explicit existing tracks and preserves their sounds
  ---
  duration_ms: 8.575732
  type: 'test'
  ...
# Subtest: C-B02 suggested targets reuse matching free voices
ok 7 - C-B02 suggested targets reuse matching free voices
  ---
  duration_ms: 0.619312
  type: 'test'
  ...
# Subtest: C-B03 occupied tracks are not suggested and are never overwritten
ok 8 - C-B03 occupied tracks are not suggested and are never overwritten
  ---
  duration_ms: 0.864873
  type: 'test'
  ...
# Subtest: C-B04 existing plus new is an atomic mixed target plan
ok 9 - C-B04 existing plus new is an atomic mixed target plan
  ---
  duration_ms: 1.666766
  type: 'test'
  ...
# Subtest: C-B05 ordered lengths 4+4+2 at bar5 occupy exactly ten bars
ok 10 - C-B05 ordered lengths 4+4+2 at bar5 occupy exactly ten bars
  ---
  duration_ms: 1.772188
  type: 'test'
  ...
# Subtest: C-B06 a new series creates one track, not one track per block
ok 11 - C-B06 a new series creates one track, not one track per block
  ---
  duration_ms: 1.510569
  type: 'test'
  ...
# Subtest: C-B07 source snapshots include key mapping and original drum timing
ok 12 - C-B07 source snapshots include key mapping and original drum timing
  ---
  duration_ms: 1.064882
  type: 'test'
  ...
# Subtest: C-B08 invalid duplicate parallel track assignment rejects whole batch
ok 13 - C-B08 invalid duplicate parallel track assignment rejects whole batch
  ---
  duration_ms: 0.890815
  type: 'test'
  ...
# Subtest: C-B09 changing a relevant target invalidates candidate, unrelated track preserved
ok 14 - C-B09 changing a relevant target invalidates candidate, unrelated track preserved
  ---
  duration_ms: 6.51358
  type: 'test'
  ...
# Subtest: C-B10 actual materialized plan uses exactly preview clip IDs and range
ok 15 - C-B10 actual materialized plan uses exactly preview clip IDs and range
  ---
  duration_ms: 3.492105
  type: 'test'
  ...
# Subtest: C-B11 batch never accepts sounds, songs, too many items or invalid times
ok 16 - C-B11 batch never accepts sounds, songs, too many items or invalid times
  ---
  duration_ms: 0.688285
  type: 'test'
  ...
# Subtest: C-L01 migration merges old catalog and wide library favorites once
ok 17 - C-L01 migration merges old catalog and wide library favorites once
  ---
  duration_ms: 0.775243
  type: 'test'
  ...
# Subtest: C-L02 empty tray is intentionally empty after reopening
ok 18 - C-L02 empty tray is intentionally empty after reopening
  ---
  duration_ms: 0.867106
  type: 'test'
  ...
# Subtest: C-L03 storage denial preserves in-window data with a truthful error
ok 19 - C-L03 storage denial preserves in-window data with a truthful error
  ---
  duration_ms: 0.9766
  type: 'test'
  ...
# Subtest: C-L04 corrupted legacy collection values do not break startup
ok 20 - C-L04 corrupted legacy collection values do not break startup
  ---
  duration_ms: 0.209588
  type: 'test'
  ...
# Subtest: C-L05 unavailable identifiers remain stored for later resource reimport
ok 21 - C-L05 unavailable identifiers remain stored for later resource reimport
  ---
  duration_ms: 0.712644
  type: 'test'
  ...
# Subtest: C-L06 used collection comes from placed music only, not unused patterns
ok 22 - C-L06 used collection comes from placed music only, not unused patterns
  ---
  duration_ms: 139.408965
  type: 'test'
  ...
# Subtest: C-L07 old catalog songs still exist and copy independently
ok 23 - C-L07 old catalog songs still exist and copy independently
  ---
  duration_ms: 38.186457
  type: 'test'
  ...
# Subtest: C-L08 an original template records identity for the used collection
ok 24 - C-L08 an original template records identity for the used collection
  ---
  duration_ms: 45.983602
  type: 'test'
  ...
# Subtest: C-L09 old untagged material is identified by exact music, never a name guess
ok 25 - C-L09 old untagged material is identified by exact music, never a name guess
  ---
  duration_ms: 92.008223
  type: 'test'
  ...
# Subtest: C-T01 clear outside a long note never invents attacks
ok 26 - C-T01 clear outside a long note never invents attacks
  ---
  duration_ms: 5.707196
  type: 'test'
  ...
# Subtest: C-T02 exact 1-bar deletion preserves one surviving sustain
ok 27 - C-T02 exact 1-bar deletion preserves one surviving sustain
  ---
  duration_ms: 1.884504
  type: 'test'
  ...
# Subtest: C-T02 exact 2-bar deletion preserves one surviving sustain
ok 28 - C-T02 exact 2-bar deletion preserves one surviving sustain
  ---
  duration_ms: 1.1612
  type: 'test'
  ...
# Subtest: C-T02 exact 3-bar deletion preserves one surviving sustain
ok 29 - C-T02 exact 3-bar deletion preserves one surviving sustain
  ---
  duration_ms: 0.720996
  type: 'test'
  ...
# Subtest: C-T02 exact 5-bar deletion preserves one surviving sustain
ok 30 - C-T02 exact 5-bar deletion preserves one surviving sustain
  ---
  duration_ms: 0.760881
  type: 'test'
  ...
# Subtest: C-T02 exact 7-bar deletion preserves one surviving sustain
ok 31 - C-T02 exact 7-bar deletion preserves one surviving sustain
  ---
  duration_ms: 0.799364
  type: 'test'
  ...
# Subtest: C-T03 delete the middle of one sustain joins it once
ok 32 - C-T03 delete the middle of one sustain joins it once
  ---
  duration_ms: 0.51504
  type: 'test'
  ...
# Subtest: C-T04 clear the middle creates only the two intentional sides
ok 33 - C-T04 clear the middle creates only the two intentional sides
  ---
  duration_ms: 0.861538
  type: 'test'
  ...
# Subtest: C-T05 all unaffected compiled notes survive humanize, swing and transpose
ok 34 - C-T05 all unaffected compiled notes survive humanize, swing and transpose
  ---
  duration_ms: 2.439407
  type: 'test'
  ...
# Subtest: C-T06 shared unedited instance retains original pattern and sound events
ok 35 - C-T06 shared unedited instance retains original pattern and sound events
  ---
  duration_ms: 1.102319
  type: 'test'
  ...
# Subtest: C-T07 clear harmony gaps and retained silence without splitting unrelated notes
ok 36 - C-T07 clear harmony gaps and retained silence without splitting unrelated notes
  ---
  duration_ms: 1.44607
  type: 'test'
  ...
# Subtest: C-T08 exact phrase lengths 1..16 validate, out of bounds reject
ok 37 - C-T08 exact phrase lengths 1..16 validate, out of bounds reject
  ---
  duration_ms: 5.005192
  type: 'test'
  ...
# Subtest: C-T09 deletion moves every track and loop through one time mapping
ok 38 - C-T09 deletion moves every track and loop through one time mapping
  ---
  duration_ms: 0.74698
  type: 'test'
  ...
# Subtest: C-T10 source and edited-instance identity are conserved appropriately
ok 39 - C-T10 source and edited-instance identity are conserved appropriately
  ---
  duration_ms: 0.981419
  type: 'test'
  ...
# Subtest: C-T11 matrix checks exact outside events for every 8-bar interval
ok 40 - C-T11 matrix checks exact outside events for every 8-bar interval
  ---
  duration_ms: 40.854882
  type: 'test'
  ...
# Subtest: Evidence: missing or NOT_RUN reports cannot silently pass
ok 41 - Evidence: missing or NOT_RUN reports cannot silently pass
  ---
  duration_ms: 0.952822
  type: 'test'
  ...
# Subtest: Evidence: a correct count cannot hide an individual failure
ok 42 - Evidence: a correct count cannot hide an individual failure
  ---
  duration_ms: 0.216168
  type: 'test'
  ...
# Subtest: Evidence: full engineering requires all six real task outcomes
ok 43 - Evidence: full engineering requires all six real task outcomes
  ---
  duration_ms: 0.588957
  type: 'test'
  ...
# Subtest: Evidence: stale builds and short soak logs remain unclosed
ok 44 - Evidence: stale builds and short soak logs remain unclosed
  ---
  duration_ms: 0.129555
  type: 'test'
  ...
# Subtest: DS01 one-based position roundtrip for integer, triplet, and fractional ticks
ok 45 - DS01 one-based position roundtrip for integer, triplet, and fractional ticks
  ---
  duration_ms: 2.399332
  type: 'test'
  ...
# Subtest: DS02 malformed and out-of-bounds positions rejected
ok 46 - DS02 malformed and out-of-bounds positions rejected
  ---
  duration_ms: 0.490798
  type: 'test'
  ...
# Subtest: DS03 musical end boundary and duration ranges explicit
ok 47 - DS03 musical end boundary and duration ranges explicit
  ---
  duration_ms: 0.29982
  type: 'test'
  ...
# Subtest: DS04 pan formatter consistent in all positions
ok 48 - DS04 pan formatter consistent in all positions
  ---
  duration_ms: 0.499019
  type: 'test'
  ...
# Subtest: DS05 every chord quality has a readable Chinese name
ok 49 - DS05 every chord quality has a readable Chinese name
  ---
  duration_ms: 0.320603
  type: 'test'
  ...
# Subtest: DS06 button role, size, busy and accessible name declared
ok 50 - DS06 button role, size, busy and accessible name declared
  ---
  duration_ms: 1.157317
  type: 'test'
  ...
# Subtest: DS07 invalid component variations rejected
ok 51 - DS07 invalid component variations rejected
  ---
  duration_ms: 0.490148
  type: 'test'
  ...
# Subtest: DS08 legacy compatibility explicitly identifies small icon key and transport
ok 52 - DS08 legacy compatibility explicitly identifies small icon key and transport
  ---
  duration_ms: 0.295277
  type: 'test'
  ...
# Subtest: DS09 sources cannot inject markup through material names
ok 53 - DS09 sources cannot inject markup through material names
  ---
  duration_ms: 5.411637
  type: 'test'
  ...
# Subtest: DS10 single material has exact duration and original notes
ok 54 - DS10 single material has exact duration and original notes
  ---
  duration_ms: 4.321336
  type: 'test'
  ...
# Subtest: DS11 all eight combination previews derive from actual composition roles
ok 55 - DS11 all eight combination previews derive from actual composition roles
  ---
  duration_ms: 223.081656
  type: 'test'
  ...
# Subtest: DS12 example projects cannot start material drags
ok 56 - DS12 example projects cannot start material drags
  ---
  duration_ms: 7.749248
  type: 'test'
  ...
# Subtest: DS13 independent audition favorite and pick actions
ok 57 - DS13 independent audition favorite and pick actions
  ---
  duration_ms: 2.787536
  type: 'test'
  ...
# Subtest: DS14 placement previews contain no editable note or clip identities
ok 58 - DS14 placement previews contain no editable note or clip identities
  ---
  duration_ms: 2.710697
  type: 'test'
  ...
# Subtest: DS15 projection comparison distinguishes unchanged changed removed with multiplicity
ok 59 - DS15 projection comparison distinguishes unchanged changed removed with multiplicity
  ---
  duration_ms: 0.31489
  type: 'test'
  ...
# Subtest: DS16 partial retention is labelled by actual dimension; false flags not hard-kept
ok 60 - DS16 partial retention is labelled by actual dimension; false flags not hard-kept
  ---
  duration_ms: 0.130359
  type: 'test'
  ...
# Subtest: DS17 range retention and rest boundaries stay external to projection
ok 61 - DS17 range retention and rest boundaries stay external to projection
  ---
  duration_ms: 0.110476
  type: 'test'
  ...
# Subtest: DS18 comparison score uses caller-shared music coordinates
ok 62 - DS18 comparison score uses caller-shared music coordinates
  ---
  duration_ms: 0.319338
  type: 'test'
  ...
# Subtest: DS19 preflight missing harmony is visible before computation
ok 63 - DS19 preflight missing harmony is visible before computation
  ---
  duration_ms: 14.142427
  type: 'test'
  ...
# Subtest: DS20 preparation uses task choices and disclosed advanced controls
ok 64 - DS20 preparation uses task choices and disclosed advanced controls
  ---
  duration_ms: 12.626219
  type: 'test'
  ...
# Subtest: DS21 result precedes settings and adoption becomes main action
ok 65 - DS21 result precedes settings and adoption becomes main action
  ---
  duration_ms: 52.182177
  type: 'test'
  ...
# Subtest: DS22 read-only projection never writes into original project
ok 66 - DS22 read-only projection never writes into original project
  ---
  duration_ms: 38.582296
  type: 'test'
  ...
# Subtest: DS23 target and dependency changes remove applicable projected result
ok 67 - DS23 target and dependency changes remove applicable projected result
  ---
  duration_ms: 36.370697
  type: 'test'
  ...
# Subtest: DS24 human timing drafts prevent generation on invalid range
ok 68 - DS24 human timing drafts prevent generation on invalid range
  ---
  duration_ms: 33.977028
  type: 'test'
  ...
# Subtest: DS25 generation needs 4 or 8 bars, not just valid endpoints
ok 69 - DS25 generation needs 4 or 8 bars, not just valid endpoints
  ---
  duration_ms: 13.458024
  type: 'test'
  ...
# Subtest: DS26 mode changes keep calculation whitelist while presentation changes
ok 70 - DS26 mode changes keep calculation whitelist while presentation changes
  ---
  duration_ms: 15.707323
  type: 'test'
  ...
# Subtest: DS27 metadata identities and version stay v3 through presentation
ok 71 - DS27 metadata identities and version stay v3 through presentation
  ---
  duration_ms: 5.482584
  type: 'test'
  ...
# Subtest: DS28 formatter is used for initial slider center, not 0 percent
ok 72 - DS28 formatter is used for initial slider center, not 0 percent
  ---
  duration_ms: 0.164032
  type: 'test'
  ...
# Subtest: DS29 all major flows have coverage owners and production modules
ok 73 - DS29 all major flows have coverage owners and production modules
  ---
  duration_ms: 0.252856
  type: 'test'
  ...
# Subtest: DS30 legacy sound data/algorithms stay frozen; approved v2 extensions use explicit allowlist
ok 74 - DS30 legacy sound data/algorithms stay frozen; approved v2 extensions use explicit allowlist
  ---
  duration_ms: 1.799009
  type: 'test'
  ...
# Subtest: DS31 known browser storage errors are actionable Chinese without renaming user data
ok 75 - DS31 known browser storage errors are actionable Chinese without renaming user data
  ---
  duration_ms: 0.344331
  type: 'test'
  ...
# Subtest: MG25: old screenshots and stale browser build cannot pass
ok 76 - MG25: old screenshots and stale browser build cannot pass
  ---
  duration_ms: 1.983009
  type: 'test'
  ...
# Subtest: MG26: individual failure cannot hide behind passing count
ok 77 - MG26: individual failure cannot hide behind passing count
  ---
  duration_ms: 0.239143
  type: 'test'
  ...
# Subtest: MG27: ten minutes cannot satisfy thirty-minute contract
ok 78 - MG27: ten minutes cannot satisfy thirty-minute contract
  ---
  duration_ms: 0.280356
  type: 'test'
  ...
# Subtest: MG28: retained sources after stop fail soak
ok 79 - MG28: retained sources after stop fail soak
  ---
  duration_ms: 0.244852
  type: 'test'
  ...
# Subtest: MG29: valid engineering report does not require pretending native results
ok 80 - MG29: valid engineering report does not require pretending native results
  ---
  duration_ms: 1.726041
  type: 'test'
  ...
# Subtest: MG30: missing audio comparison is still incomplete
ok 81 - MG30: missing audio comparison is still incomplete
  ---
  duration_ms: 0.230068
  type: 'test'
  ...
# Subtest: MG01 one palette dependency before the components and view modules
ok 82 - MG01 one palette dependency before the components and view modules
  ---
  duration_ms: 1.390959
  type: 'test'
  ...
# Subtest: MG02 each semantic musical role exceeds body contrast on its surface
ok 83 - MG02 each semantic musical role exceeds body contrast on its surface
  ---
  duration_ms: 3.236469
  type: 'test'
  ...
# Subtest: MG03 custom extreme and arbitrary colors stay readable without mutation
ok 84 - MG03 custom extreme and arbitrary colors stay readable without mutation
  ---
  duration_ms: 11.681856
  type: 'test'
  ...
# Subtest: MG04 invalid color values are safe fallback, not CSS injection
ok 85 - MG04 invalid color values are safe fallback, not CSS injection
  ---
  duration_ms: 0.723968
  type: 'test'
  ...
# Subtest: MG05 palette cache identity is stable
ok 86 - MG05 palette cache identity is stable
  ---
  duration_ms: 0.263182
  type: 'test'
  ...
# Subtest: MG06 palette derivation never edits music documents
ok 87 - MG06 palette derivation never edits music documents
  ---
  duration_ms: 18.746947
  type: 'test'
  ...
# Subtest: MG07 single material identity survives shelf and placement projection
ok 88 - MG07 single material identity survives shelf and placement projection
  ---
  duration_ms: 2.990663
  type: 'test'
  ...
# Subtest: MG08 projection has no music hit-target or selectable note attributes
ok 89 - MG08 projection has no music hit-target or selectable note attributes
  ---
  duration_ms: 3.912205
  type: 'test'
  ...
# Subtest: MG09 malicious names are escaped in every material stage
ok 90 - MG09 malicious names are escaped in every material stage
  ---
  duration_ms: 3.586015
  type: 'test'
  ...
# Subtest: MG10 all material type identities are explicit
ok 91 - MG10 all material type identities are explicit
  ---
  duration_ms: 34.933035
  type: 'test'
  ...
# Subtest: MG11 multi-track previews retain original color and timing semantics
ok 92 - MG11 multi-track previews retain original color and timing semantics
  ---
  duration_ms: 10.650189
  type: 'test'
  ...
# Subtest: MG12 formatters still roundtrip fractional, triplet and boundary positions
ok 93 - MG12 formatters still roundtrip fractional, triplet and boundary positions
  ---
  duration_ms: 0.644559
  type: 'test'
  ...
# Subtest: MG13 empty selection never becomes a destructive palette-side operation
ok 94 - MG13 empty selection never becomes a destructive palette-side operation
  ---
  duration_ms: 10.929565
  type: 'test'
  ...
# Subtest: MG14 controls expose meaningful kind and dimension
ok 95 - MG14 controls expose meaningful kind and dimension
  ---
  duration_ms: 0.531188
  type: 'test'
  ...
# Subtest: MG15 only explicit button dimensions are accepted
ok 96 - MG15 only explicit button dimensions are accepted
  ---
  duration_ms: 0.37131
  type: 'test'
  ...
# Subtest: MG16 appearances preserve original preference keys
ok 97 - MG16 appearances preserve original preference keys
  ---
  duration_ms: 0.224414
  type: 'test'
  ...
# Subtest: MG17 shared geometry is not overridden by theme calibration
ok 98 - MG17 shared geometry is not overridden by theme calibration
  ---
  duration_ms: 0.575882
  type: 'test'
  ...
# Subtest: MG18 no transition-all or animated geometry anywhere in active styles
ok 99 - MG18 no transition-all or animated geometry anywhere in active styles
  ---
  duration_ms: 0.888157
  type: 'test'
  ...
# Subtest: MG19 reduced motion is available for system and user independently
ok 100 - MG19 reduced motion is available for system and user independently
  ---
  duration_ms: 0.218045
  type: 'test'
  ...
# Subtest: MG20 no music command depends on animationend or transitionend
ok 101 - MG20 no music command depends on animationend or transitionend
  ---
  duration_ms: 6.665958
  type: 'test'
  ...
# Subtest: MG21 no dangling tokens except values supplied by live key and slider elements
ok 102 - MG21 no dangling tokens except values supplied by live key and slider elements
  ---
  duration_ms: 1.504668
  type: 'test'
  ...
# Subtest: MG22 a single UI palette does not change catalog IDs or preset counts
ok 103 - MG22 a single UI palette does not change catalog IDs or preset counts
  ---
  duration_ms: 2.419136
  type: 'test'
  ...
# Subtest: MG23 viewport preferences and comparison styles never enter engineering schema
ok 104 - MG23 viewport preferences and comparison styles never enter engineering schema
  ---
  duration_ms: 7.529283
  type: 'test'
  ...
# Subtest: MG24 important notices remain live and actionable text
ok 105 - MG24 important notices remain live and actionable text
  ---
  duration_ms: 0.251678
  type: 'test'
  ...
# Subtest: MG31 legacy precision form and insertion menu belong to actual layout families
ok 106 - MG31 legacy precision form and insertion menu belong to actual layout families
  ---
  duration_ms: 0.31718
  type: 'test'
  ...
# Subtest: MG32 chord paint options and stale banners have named auxiliary layouts
ok 107 - MG32 chord paint options and stale banners have named auxiliary layouts
  ---
  duration_ms: 0.142838
  type: 'test'
  ...
# Subtest: Q01 late audition failure cannot stop a newer audition
ok 108 - Q01 late audition failure cannot stop a newer audition
  ---
  duration_ms: 3.641004
  type: 'test'
  ...
# Subtest: Q02 late normal-play failure cannot stop a newer audition
ok 109 - Q02 late normal-play failure cannot stop a newer audition
  ---
  duration_ms: 3.438814
  type: 'test'
  ...
# Subtest: Q03 changing loop range after paused audition clears preview ownership
ok 110 - Q03 changing loop range after paused audition clears preview ownership
  ---
  duration_ms: 1.466236
  type: 'test'
  ...
# Subtest: Q04 export current listening chooses preview document and scope
ok 111 - Q04 export current listening chooses preview document and scope
  ---
  duration_ms: 2.742349
  type: 'test'
  ...
# Subtest: Q05 baking performance must not confirm stale harmonic intent
ok 112 - Q05 baking performance must not confirm stale harmonic intent
  ---
  duration_ms: 15.426324
  type: 'test'
  ...
# Subtest: Q06 drum candidate invalidated when target drum mapping changes
ok 113 - Q06 drum candidate invalidated when target drum mapping changes
  ---
  duration_ms: 21.853758
  type: 'test'
  ...
# Subtest: Q07 generated bass dependency tracks source drum role mapping
ok 114 - Q07 generated bass dependency tracks source drum role mapping
  ---
  duration_ms: 9.893698
  type: 'test'
  ...
# Subtest: Q08 stopped pending playback does not surface a stale failure
ok 115 - Q08 stopped pending playback does not surface a stale failure
  ---
  duration_ms: 0.792875
  type: 'test'
  ...
# Subtest: Q09 current audition failure restores the original listening range
ok 116 - Q09 current audition failure restores the original listening range
  ---
  duration_ms: 1.180147
  type: 'test'
  ...
# Subtest: Q10 successive previews restore the pre-preview time exactly once
ok 117 - Q10 successive previews restore the pre-preview time exactly once
  ---
  duration_ms: 1.368718
  type: 'test'
  ...
# Subtest: Q11 changing range during playback listens to the document at the new range
ok 118 - Q11 changing range during playback listens to the document at the new range
  ---
  duration_ms: 0.992786
  type: 'test'
  ...
# Subtest: Q12 invalid playback range leaves existing transport untouched
ok 119 - Q12 invalid playback range leaves existing transport untouched
  ---
  duration_ms: 1.067497
  type: 'test'
  ...
# Subtest: Q13 export selection is an independent snapshot
ok 120 - Q13 export selection is an independent snapshot
  ---
  duration_ms: 1.044622
  type: 'test'
  ...
# Subtest: Q14 paused candidate retains current-export identity
ok 121 - Q14 paused candidate retains current-export identity
  ---
  duration_ms: 1.636586
  type: 'test'
  ...
# Subtest: Q15 saved mute and temporary solo remain separate in all export selection paths
ok 122 - Q15 saved mute and temporary solo remain separate in all export selection paths
  ---
  duration_ms: 3.505721
  type: 'test'
  ...
# Subtest: Q16 a confirmed harmony retains confirmation after a proved performance bake
ok 123 - Q16 a confirmed harmony retains confirmation after a proved performance bake
  ---
  duration_ms: 5.25375
  type: 'test'
  ...
# Subtest: Q17 baking a track with no harmonic intent never invents it
ok 124 - Q17 baking a track with no harmonic intent never invents it
  ---
  duration_ms: 0.104857
  type: 'test'
  ...
# Subtest: Q18 drum mapping fingerprint ignores name and same-role sound changes
ok 125 - Q18 drum mapping fingerprint ignores name and same-role sound changes
  ---
  duration_ms: 4.300998
  type: 'test'
  ...
# Subtest: Q19 mapping-aware source dependency survives project roundtrip
ok 126 - Q19 mapping-aware source dependency survives project roundtrip
  ---
  duration_ms: 9.330147
  type: 'test'
  ...
# Subtest: Q20 old generation sources without mapping hash remain readable
ok 127 - Q20 old generation sources without mapping hash remain readable
  ---
  duration_ms: 4.746403
  type: 'test'
  ...
# Subtest: Q21 copy preserves mapping-aware dependencies and performance identity
ok 128 - Q21 copy preserves mapping-aware dependencies and performance identity
  ---
  duration_ms: 24.454214
  type: 'test'
  ...
# Subtest: Q22 drum remapping preserves timing, identity, and rejects missing target roles
ok 129 - Q22 drum remapping preserves timing, identity, and rejects missing target roles
  ---
  duration_ms: 6.051681
  type: 'test'
  ...
# Subtest: Q23 closing a paused preview cancels its pending resume safely
ok 130 - Q23 closing a paused preview cancels its pending resume safely
  ---
  duration_ms: 0.531539
  type: 'test'
  ...
# Subtest: Q24 property matrix: all recipes remain valid and reproducible at 12 keys
ok 131 - Q24 property matrix: all recipes remain valid and reproducible at 12 keys
  ---
  duration_ms: 1740.295126
  type: 'test'
  ...
# Subtest: Q25 newly generated documents remain readable by the unchanged 1.7.1 v3 validator
ok 132 - Q25 newly generated documents remain readable by the unchanged 1.7.1 v3 validator
  ---
  duration_ms: 74.431772
  type: 'test'
  ...
# Subtest: Recovery: shrinking tail respects a placed empty block
ok 133 - Recovery: shrinking tail respects a placed empty block
  ---
  duration_ms: 3.077876
  type: 'test'
  ...
# Subtest: Recovery: tail trim only changes song length
ok 134 - Recovery: tail trim only changes song length
  ---
  duration_ms: 1.765878
  type: 'test'
  ...
# Subtest: Recovery: resize rejects invalid lengths
ok 135 - Recovery: resize rejects invalid lengths
  ---
  duration_ms: 1.611511
  type: 'test'
  ...
# Subtest: Recovery: time clear retains length and leaves an actual gap
ok 136 - Recovery: time clear retains length and leaves an actual gap
  ---
  duration_ms: 2.725361
  type: 'test'
  ...
# Subtest: Recovery: time delete shifts all tracks equally
ok 137 - Recovery: time delete shifts all tracks equally
  ---
  duration_ms: 1.233966
  type: 'test'
  ...
# Subtest: Recovery: deleting the whole time is rejected; clearing is allowed
ok 138 - Recovery: deleting the whole time is rejected; clearing is allowed
  ---
  duration_ms: 0.713998
  type: 'test'
  ...
# Subtest: Recovery: sliced harmonic intent follows notes
ok 139 - Recovery: sliced harmonic intent follows notes
  ---
  duration_ms: 0.667722
  type: 'test'
  ...
# Subtest: Recovery: stale harmonic intent remains stale after time operation
ok 140 - Recovery: stale harmonic intent remains stale after time operation
  ---
  duration_ms: 0.803108
  type: 'test'
  ...
# Subtest: Recovery: retained notes and empty ranges are clipped validly
ok 141 - Recovery: retained notes and empty ranges are clipped validly
  ---
  duration_ms: 1.143203
  type: 'test'
  ...
# Subtest: Recovery: shared patterns outside edited range retain originals
ok 142 - Recovery: shared patterns outside edited range retain originals
  ---
  duration_ms: 1.720952
  type: 'test'
  ...
# Subtest: Recovery: serialized time edits 0..1 remain valid
ok 143 - Recovery: serialized time edits 0..1 remain valid
  ---
  duration_ms: 3.063856
  type: 'test'
  ...
# Subtest: Recovery: serialized time edits 1..3 remain valid
ok 144 - Recovery: serialized time edits 1..3 remain valid
  ---
  duration_ms: 1.669215
  type: 'test'
  ...
# Subtest: Recovery: serialized time edits 2..7 remain valid
ok 145 - Recovery: serialized time edits 2..7 remain valid
  ---
  duration_ms: 0.766097
  type: 'test'
  ...
# Subtest: Recovery: serialized time edits 3..6 remain valid
ok 146 - Recovery: serialized time edits 3..6 remain valid
  ---
  duration_ms: 2.177651
  type: 'test'
  ...
# Subtest: Recovery: serialized time edits 4..8 remain valid
ok 147 - Recovery: serialized time edits 4..8 remain valid
  ---
  duration_ms: 0.764541
  type: 'test'
  ...
# Subtest: Recovery: serialized time edits 0..8 remain valid
ok 148 - Recovery: serialized time edits 0..8 remain valid
  ---
  duration_ms: 1.949433
  type: 'test'
  ...
# Subtest: Recovery: serialized time edits 8..16 remain valid
ok 149 - Recovery: serialized time edits 8..16 remain valid
  ---
  duration_ms: 2.22803
  type: 'test'
  ...
# Subtest: Recovery: serialized time edits 7..9 remain valid
ok 150 - Recovery: serialized time edits 7..9 remain valid
  ---
  duration_ms: 1.703181
  type: 'test'
  ...
# Subtest: Recovery: invalid ranges are atomic
ok 151 - Recovery: invalid ranges are atomic
  ---
  duration_ms: 3.792887
  type: 'test'
  ...
# Subtest: Recovery: song tick mapping covers before, within, after deletion
ok 152 - Recovery: song tick mapping covers before, within, after deletion
  ---
  duration_ms: 0.277066
  type: 'test'
  ...
# Subtest: Recovery: ordered batch adds independent clips preserving track sound
ok 153 - Recovery: ordered batch adds independent clips preserving track sound
  ---
  duration_ms: 8.181852
  type: 'test'
  ...
# Subtest: Recovery: parallel batch allocates tracks at same position
ok 154 - Recovery: parallel batch allocates tracks at same position
  ---
  duration_ms: 2.04922
  type: 'test'
  ...
# Subtest: Recovery: mixed-kind series batch is rejected
ok 155 - Recovery: mixed-kind series batch is rejected
  ---
  duration_ms: 0.295424
  type: 'test'
  ...
# Subtest: Recovery: batch overlap is rejected without partial writes
ok 156 - Recovery: batch overlap is rejected without partial writes
  ---
  duration_ms: 3.490261
  type: 'test'
  ...
# Subtest: Recovery: batch exceeding timeline is rejected
ok 157 - Recovery: batch exceeding timeline is rejected
  ---
  duration_ms: 1.970346
  type: 'test'
  ...
# Subtest: Recovery: existing source data unaffected by new UI
ok 158 - Recovery: existing source data unaffected by new UI
  ---
  duration_ms: 0.520555
  type: 'test'
  ...
# Subtest: F1 partial known harmony leaves a precise unresolved gap
ok 159 - F1 partial known harmony leaves a precise unresolved gap
  ---
  duration_ms: 11.42921
  type: 'test'
  ...
# Subtest: F1 replacing unknown content removes only interval intent
ok 160 - F1 replacing unknown content removes only interval intent
  ---
  duration_ms: 10.851947
  type: 'test'
  ...
# Subtest: F1 splits a harmonic event across both replacement boundaries
ok 161 - F1 splits a harmonic event across both replacement boundaries
  ---
  duration_ms: 2.40634
  type: 'test'
  ...
# Subtest: F1 pre-existing stale outside intent is never auto-confirmed
ok 162 - F1 pre-existing stale outside intent is never auto-confirmed
  ---
  duration_ms: 1.8232
  type: 'test'
  ...
# Subtest: F1 full replacement can replace stale intent with explicit new intent
ok 163 - F1 full replacement can replace stale intent with explicit new intent
  ---
  duration_ms: 1.758804
  type: 'test'
  ...
# Subtest: F1 shared instance becomes independent and keeps the original intact
ok 164 - F1 shared instance becomes independent and keeps the original intact
  ---
  duration_ms: 2.906967
  type: 'test'
  ...
# Subtest: F1 roundtrip preserves harmonic collage and note IDs
ok 165 - F1 roundtrip preserves harmonic collage and note IDs
  ---
  duration_ms: 7.168234
  type: 'test'
  ...
# Subtest: F1 crossing note split keeps two exterior pieces and retained identity
ok 166 - F1 crossing note split keeps two exterior pieces and retained identity
  ---
  duration_ms: 2.277616
  type: 'test'
  ...
# Subtest: F2 operation whitelist generate
ok 167 - F2 operation whitelist generate
  ---
  duration_ms: 0.880284
  type: 'test'
  ...
# Subtest: F2 operation whitelist rhythm
ok 168 - F2 operation whitelist rhythm
  ---
  duration_ms: 0.506692
  type: 'test'
  ...
# Subtest: F2 operation whitelist anchors
ok 169 - F2 operation whitelist anchors
  ---
  duration_ms: 0.221967
  type: 'test'
  ...
# Subtest: F2 operation whitelist ending
ok 170 - F2 operation whitelist ending
  ---
  duration_ms: 0.12904
  type: 'test'
  ...
# Subtest: F2 operation whitelist answer
ok 171 - F2 operation whitelist answer
  ---
  duration_ms: 0.09934
  type: 'test'
  ...
# Subtest: F2 100 seeds preserve full rhythm even with hostile hidden options
ok 172 - F2 100 seeds preserve full rhythm even with hostile hidden options
  ---
  duration_ms: 412.435141
  type: 'test'
  ...
# Subtest: F2 skeleton is respected only in compatible generation modes
ok 173 - F2 skeleton is respected only in compatible generation modes
  ---
  duration_ms: 8.915498
  type: 'test'
  ...
# Subtest: F2 all and range retention preserve rests, fields and IDs
ok 174 - F2 all and range retention preserve rests, fields and IDs
  ---
  duration_ms: 16.522709
  type: 'test'
  ...
# Subtest: F2 all retained content returns no fabricated duplicate candidates
ok 175 - F2 all retained content returns no fabricated duplicate candidates
  ---
  duration_ms: 11.240285
  type: 'test'
  ...
# Subtest: F2 16-bar partial generation preserves unselected half
ok 176 - F2 16-bar partial generation preserves unselected half
  ---
  duration_ms: 13.420451
  type: 'test'
  ...
# Subtest: F4 source harmony edit invalidates candidate
ok 177 - F4 source harmony edit invalidates candidate
  ---
  duration_ms: 15.696006
  type: 'test'
  ...
# Subtest: F4 unrelated project name and track name do not lock workbench
ok 178 - F4 unrelated project name and track name do not lock workbench
  ---
  duration_ms: 24.127786
  type: 'test'
  ...
# Subtest: F4 scale is tracked for diatonic candidates
ok 179 - F4 scale is tracked for diatonic candidates
  ---
  duration_ms: 18.306866
  type: 'test'
  ...
# Subtest: F4 project switch rejects candidate
ok 180 - F4 project switch rejects candidate
  ---
  duration_ms: 19.181268
  type: 'test'
  ...
# Subtest: F4 late ready after cancel cannot reactivate candidate
ok 181 - F4 late ready after cancel cannot reactivate candidate
  ---
  duration_ms: 9.544014
  type: 'test'
  ...
# Subtest: F4 parameter invalidation immediately empties candidates
ok 182 - F4 parameter invalidation immediately empties candidates
  ---
  duration_ms: 15.68263
  type: 'test'
  ...
# Subtest: F4 patch conflict is atomic and unrelated changes survive
ok 183 - F4 patch conflict is atomic and unrelated changes survive
  ---
  duration_ms: 0.189039
  type: 'test'
  ...
# Subtest: F5 shared time snapping grid 0
ok 184 - F5 shared time snapping grid 0
  ---
  duration_ms: 0.119698
  type: 'test'
  ...
# Subtest: F5 shared time snapping grid 80
ok 185 - F5 shared time snapping grid 80
  ---
  duration_ms: 0.045404
  type: 'test'
  ...
# Subtest: F5 shared time snapping grid 120
ok 186 - F5 shared time snapping grid 120
  ---
  duration_ms: 0.04488
  type: 'test'
  ...
# Subtest: F5 shared time snapping grid 160
ok 187 - F5 shared time snapping grid 160
  ---
  duration_ms: 0.035781
  type: 'test'
  ...
# Subtest: F5 shared time snapping grid 240
ok 188 - F5 shared time snapping grid 240
  ---
  duration_ms: 0.091065
  type: 'test'
  ...
# Subtest: F5 shared time snapping grid 320
ok 189 - F5 shared time snapping grid 320
  ---
  duration_ms: 0.096441
  type: 'test'
  ...
# Subtest: F5 shared time snapping grid 480
ok 190 - F5 shared time snapping grid 480
  ---
  duration_ms: 0.039826
  type: 'test'
  ...
# Subtest: support: each duration and pattern length obeys shared contract
ok 191 - support: each duration and pattern length obeys shared contract
  ---
  duration_ms: 3.538906
  type: 'test'
  ...
# Subtest: support: track duplication preserves internal sharing and isolates originals
ok 192 - support: track duplication preserves internal sharing and isolates originals
  ---
  duration_ms: 0.62656
  type: 'test'
  ...
# Subtest: support: accompaniment sees sustained references across the left boundary
ok 193 - support: accompaniment sees sustained references across the left boundary
  ---
  duration_ms: 0.301515
  type: 'test'
  ...
# Subtest: support: bass pitch and density are genuine parameters
ok 194 - support: bass pitch and density are genuine parameters
  ---
  duration_ms: 6.86183
  type: 'test'
  ...
# Subtest: support: eight recipes compile and roundtrip with full harmonic sources
ok 195 - support: eight recipes compile and roundtrip with full harmonic sources
  ---
  duration_ms: 106.645756
  type: 'test'
  ...
# Subtest: support: reordered tracks do not alter group generation music
ok 196 - support: reordered tracks do not alter group generation music
  ---
  duration_ms: 24.455704
  type: 'test'
  ...
# Subtest: support: 100 seeds are deterministic and yield distinct musical candidates
ok 197 - support: 100 seeds are deterministic and yield distinct musical candidates
  ---
  duration_ms: 663.039917
  type: 'test'
  ...
# Subtest: built-in templates and 47 presets come from validated catalog configuration
ok 198 - built-in templates and 47 presets come from validated catalog configuration
  ---
  duration_ms: 24.608691
  type: 'test'
  ...
# Subtest: example pack installs one sound, nine-row kit, three templates, and a real WAV
ok 199 - example pack installs one sound, nine-row kit, three templates, and a real WAV
  ---
  duration_ms: 3.266942
  type: 'test'
  ...
# Subtest: reimporting identical material is idempotent
ok 200 - reimporting identical material is idempotent
  ---
  duration_ms: 24.395118
  type: 'test'
  ...
# Subtest: changed library id cannot replace sound already used in a project
ok 201 - changed library id cannot replace sound already used in a project
  ---
  duration_ms: 3.555773
  type: 'test'
  ...
# Subtest: unknown engine and malicious data fail before any library mutation
ok 202 - unknown engine and malicious data fail before any library mutation
  ---
  duration_ms: 15.158823
  type: 'test'
  ...
# Subtest: missing dependency is reported atomically
ok 203 - missing dependency is reported atomically
  ---
  duration_ms: 0.704875
  type: 'test'
  ...
# Subtest: duplicate ids, unsafe ids, invalid timing, and oversized rows rejected
ok 204 - duplicate ids, unsafe ids, invalid timing, and oversized rows rejected
  ---
  duration_ms: 8.629822
  type: 'test'
  ...
# Subtest: custom sound applied to new track is pinned in project, original stays unchanged
ok 205 - custom sound applied to new track is pinned in project, original stays unchanged
  ---
  duration_ms: 8.279156
  type: 'test'
  ...
# Subtest: drum kit application pins sample and exposes ninth row for editing
ok 206 - drum kit application pins sample and exposes ninth row for editing
  ---
  duration_ms: 3.580599
  type: 'test'
  ...
# Subtest: two uses of a template create distinct independent pattern and note ids
ok 207 - two uses of a template create distinct independent pattern and note ids
  ---
  duration_ms: 2.389399
  type: 'test'
  ...
# Subtest: new insertion validates collisions without altering original arrangement
ok 208 - new insertion validates collisions without altering original arrangement
  ---
  duration_ms: 0.593965
  type: 'test'
  ...
# Subtest: template replacement retains shared references and repeats a shorter template
ok 209 - template replacement retains shared references and repeats a shorter template
  ---
  duration_ms: 1.137807
  type: 'test'
  ...
# Subtest: oversized replacement never truncates or shifts existing clips silently
ok 210 - oversized replacement never truncates or shifts existing clips silently
  ---
  duration_ms: 0.355241
  type: 'test'
  ...
# Subtest: existing track retains sound unless explicit sound replacement requested
ok 211 - existing track retains sound unless explicit sound replacement requested
  ---
  duration_ms: 1.043527
  type: 'test'
  ...
# Subtest: template pitch conversion is explicit; source template and global reference retained
ok 212 - template pitch conversion is explicit; source template and global reference retained
  ---
  duration_ms: 0.778676
  type: 'test'
  ...
# Subtest: whole-song template regenerates identity and embeds custom dependencies
ok 213 - whole-song template regenerates identity and embeds custom dependencies
  ---
  duration_ms: 7.627175
  type: 'test'
  ...
# Subtest: saved project opens in clean runtime with custom sound and drum samples, without imported library
ok 214 - saved project opens in clean runtime with custom sound and drum samples, without imported library
  ---
  duration_ms: 24.126225
  type: 'test'
  ...
# Subtest: missing sound opens with explicit diagnostic and never falls back to piano
ok 215 - missing sound opens with explicit diagnostic and never falls back to piano
  ---
  duration_ms: 0.596567
  type: 'test'
  ...
# Subtest: missing sample stays editable and is blocked only for an audible target
ok 216 - missing sample stays editable and is blocked only for an audible target
  ---
  duration_ms: 4.021688
  type: 'test'
  ...
# Subtest: track and note ids cannot escape HTML attributes in imported projects
ok 217 - track and note ids cannot escape HTML attributes in imported projects
  ---
  duration_ms: 0.321472
  type: 'test'
  ...
# Subtest: a project cannot silently shadow a built-in kit
ok 218 - a project cannot silently shadow a built-in kit
  ---
  duration_ms: 0.447434
  type: 'test'
  ...
# Subtest: opening a kit with missing sample preserves repairable content and reports it
ok 219 - opening a kit with missing sample preserves repairable content and reports it
  ---
  duration_ms: 0.589917
  type: 'test'
  ...
# Subtest: catalog refuses a drum pattern with melodic engine atomically
ok 220 - catalog refuses a drum pattern with melodic engine atomically
  ---
  duration_ms: 10.88682
  type: 'test'
  ...
# Subtest: timebase: a 4/4 bar contains sixteen 240-tick cells
ok 221 - timebase: a 4/4 bar contains sixteen 240-tick cells
  ---
  duration_ms: 1.717822
  type: 'test'
  ...
# Subtest: original demo validates and has four tracks, eight bars
ok 222 - original demo validates and has four tracks, eight bars
  ---
  duration_ms: 10.840837
  type: 'test'
  ...
# Subtest: blank project is playable, valid, and contains one empty pattern
ok 223 - blank project is playable, valid, and contains one empty pattern
  ---
  duration_ms: 0.348078
  type: 'test'
  ...
# Subtest: preset library retains 26 legacy definitions and adds 21 distinct instrument presets
ok 224 - preset library retains 26 legacy definitions and adds 21 distinct instrument presets
  ---
  duration_ms: 0.38953
  type: 'test'
  ...
# Subtest: MIDI pitch naming uses C4 = 60
ok 225 - MIDI pitch naming uses C4 = 60
  ---
  duration_ms: 0.196615
  type: 'test'
  ...
# Subtest: scale membership and nearest-pitch snapping
ok 226 - scale membership and nearest-pitch snapping
  ---
  duration_ms: 0.552898
  type: 'test'
  ...
# Subtest: chord input expands into independent editable notes
ok 227 - chord input expands into independent editable notes
  ---
  duration_ms: 1.3762
  type: 'test'
  ...
# Subtest: chord input never exceeds MIDI pitch 127
ok 228 - chord input never exceeds MIDI pitch 127
  ---
  duration_ms: 0.488075
  type: 'test'
  ...
# Subtest: time reversal accounts for the full note duration
ok 229 - time reversal accounts for the full note duration
  ---
  duration_ms: 0.618304
  type: 'test'
  ...
# Subtest: applying time reversal twice restores the original
ok 230 - applying time reversal twice restores the original
  ---
  duration_ms: 0.845019
  type: 'test'
  ...
# Subtest: pitch reflection is centred on the first selected note
ok 231 - pitch reflection is centred on the first selected note
  ---
  duration_ms: 0.410979
  type: 'test'
  ...
# Subtest: scale-locked reflection yields in-scale pitches
ok 232 - scale-locked reflection yields in-scale pitches
  ---
  duration_ms: 0.209621
  type: 'test'
  ...
# Subtest: octave movement clamps at MIDI endpoints
ok 233 - octave movement clamps at MIDI endpoints
  ---
  duration_ms: 0.31145
  type: 'test'
  ...
# Subtest: circular shift wraps starts and clips tails at pattern end
ok 234 - circular shift wraps starts and clips tails at pattern end
  ---
  duration_ms: 0.367403
  type: 'test'
  ...
# Subtest: doubling creates fresh ids and a second copy one pattern later
ok 235 - doubling creates fresh ids and a second copy one pattern later
  ---
  duration_ms: 0.362119
  type: 'test'
  ...
# Subtest: variation copy is independent of original
ok 236 - variation copy is independent of original
  ---
  duration_ms: 0.236798
  type: 'test'
  ...
# Subtest: compilation respects mute and solo
ok 237 - compilation respects mute and solo
  ---
  duration_ms: 1.164442
  type: 'test'
  ...
# Subtest: compiling a single pattern has its own duration and no other tracks
ok 238 - compiling a single pattern has its own duration and no other tracks
  ---
  duration_ms: 0.765693
  type: 'test'
  ...
# Subtest: repeated clips share musical content at distinct positions
ok 239 - repeated clips share musical content at distinct positions
  ---
  duration_ms: 0.219754
  type: 'test'
  ...
# Subtest: arpeggiator unfolds simultaneous notes without mutating source
ok 240 - arpeggiator unfolds simultaneous notes without mutating source
  ---
  duration_ms: 0.53131
  type: 'test'
  ...
# Subtest: descending and bouncing arpeggio orders
ok 241 - descending and bouncing arpeggio orders
  ---
  duration_ms: 0.737543
  type: 'test'
  ...
# Subtest: arpeggio leaves single-note phrases unchanged
ok 242 - arpeggio leaves single-note phrases unchanged
  ---
  duration_ms: 0.261246
  type: 'test'
  ...
# Subtest: humanization is deterministic and within pattern bounds
ok 243 - humanization is deterministic and within pattern bounds
  ---
  duration_ms: 0.297292
  type: 'test'
  ...
# Subtest: swing delays alternate sixteenth cells, preserving raw note data
ok 244 - swing delays alternate sixteenth cells, preserving raw note data
  ---
  duration_ms: 0.17803
  type: 'test'
  ...
# Subtest: drum pipeline preserves drum keys and bypasses arpeggio
ok 245 - drum pipeline preserves drum keys and bypasses arpeggio
  ---
  duration_ms: 0.296707
  type: 'test'
  ...
# Subtest: placement rejects overlaps and supports moving its own clip
ok 246 - placement rejects overlaps and supports moving its own clip
  ---
  duration_ms: 0.264451
  type: 'test'
  ...
# Subtest: validation rejects version, tempo and track-count corruption
ok 247 - validation rejects version, tempo and track-count corruption
  ---
  duration_ms: 0.635599
  type: 'test'
  ...
# Subtest: validation rejects invalid, out-of-bounds and duplicate note ids
ok 248 - validation rejects invalid, out-of-bounds and duplicate note ids
  ---
  duration_ms: 1.986677
  type: 'test'
  ...
# Subtest: validation rejects overlapping arrangement clips
ok 249 - validation rejects overlapping arrangement clips
  ---
  duration_ms: 0.312166
  type: 'test'
  ...
# Subtest: v2 preserves missing sample reference for explicit repair
ok 250 - v2 preserves missing sample reference for explicit repair
  ---
  duration_ms: 0.163699
  type: 'test'
  ...
# Subtest: maximum track count and project length retain valid structure
ok 251 - maximum track count and project length retain valid structure
  ---
  duration_ms: 1.916993
  type: 'test'
  ...
# Subtest: project JSON round trip preserves complete musical data
ok 252 - project JSON round trip preserves complete musical data
  ---
  duration_ms: 2.195176
  type: 'test'
  ...
# Subtest: MIDI has a valid format-1 header and 960 PPQ division
ok 253 - MIDI has a valid format-1 header and 960 PPQ division
  ---
  duration_ms: 1.431173
  type: 'test'
  ...
# Subtest: MIDI timing and note events match compiled musical events
ok 254 - MIDI timing and note events match compiled musical events
  ---
  duration_ms: 5.74222
  type: 'test'
  ...
# Subtest: MIDI reserves channel 10 for percussion and encodes tempo
ok 255 - MIDI reserves channel 10 for percussion and encodes tempo
  ---
  duration_ms: 3.024118
  type: 'test'
  ...
# Subtest: MIDI export includes note pipeline and swing
ok 256 - MIDI export includes note pipeline and swing
  ---
  duration_ms: 0.40333
  type: 'test'
  ...
# Subtest: MIDI export explicitly rejects more than 15 melodic channels
ok 257 - MIDI export explicitly rejects more than 15 melodic channels
  ---
  duration_ms: 0.402549
  type: 'test'
  ...
# Subtest: 16-bit WAV header is stereo, interleaved, and correctly sized
ok 258 - 16-bit WAV header is stereo, interleaved, and correctly sized
  ---
  duration_ms: 0.368795
  type: 'test'
  ...
# Subtest: WAV scaling and clipping avoid int16 overflow
ok 259 - WAV scaling and clipping avoid int16 overflow
  ---
  duration_ms: 0.107928
  type: 'test'
  ...
# Subtest: custom instruments can register a new renderer
ok 260 - custom instruments can register a new renderer
  ---
  duration_ms: 0.133502
  type: 'test'
  ...
# Subtest: fixed viewport is a window, never forced to include distant notes
ok 261 - fixed viewport is a window, never forced to include distant notes
  ---
  duration_ms: 8.546074
  type: 'test'
  ...
# Subtest: simplified rows retain chromatic notes within view without rewriting data
ok 262 - simplified rows retain chromatic notes within view without rewriting data
  ---
  duration_ms: 0.711019
  type: 'test'
  ...
# Subtest: view pan zoom and fit leave compiled music untouched
ok 263 - view pan zoom and fit leave compiled music untouched
  ---
  duration_ms: 2.431469
  type: 'test'
  ...
# Subtest: semitone mirror does not depend on visible scale or reference key
ok 264 - semitone mirror does not depend on visible scale or reference key
  ---
  duration_ms: 0.506017
  type: 'test'
  ...
# Subtest: diatonic reflection uses degree distance and is reversible for in-scale data
ok 265 - diatonic reflection uses degree distance and is reversible for in-scale data
  ---
  duration_ms: 0.631724
  type: 'test'
  ...
# Subtest: diatonic reflection refuses to silently alter chromatic notes
ok 266 - diatonic reflection refuses to silently alter chromatic notes
  ---
  duration_ms: 0.523429
  type: 'test'
  ...
# Subtest: explicit transpose changes pitches while preserving times, ids and intervals
ok 267 - explicit transpose changes pitches while preserving times, ids and intervals
  ---
  duration_ms: 1.836637
  type: 'test'
  ...
# Subtest: key transpose uses nearest direction and scale adaptation is explicit
ok 268 - key transpose uses nearest direction and scale adaptation is explicit
  ---
  duration_ms: 0.392311
  type: 'test'
  ...
# Subtest: invalid pitch and incompatible scales reject without partially changing source
ok 269 - invalid pitch and incompatible scales reject without partially changing source
  ---
  duration_ms: 0.659727
  type: 'test'
  ...
# Subtest: candidate selection changes only selected notes, preserves reference and document
ok 270 - candidate selection changes only selected notes, preserves reference and document
  ---
  duration_ms: 0.804026
  type: 'test'
  ...
# Subtest: isolated pattern ignores project mute and unrelated temporary solo
ok 271 - isolated pattern ignores project mute and unrelated temporary solo
  ---
  duration_ms: 12.612741
  type: 'test'
  ...
# Subtest: bar audition clips and carries sustained notes at its local zero
ok 272 - bar audition clips and carries sustained notes at its local zero
  ---
  duration_ms: 1.191391
  type: 'test'
  ...
# Subtest: selected tracks isolate two tracks, independent from mute and solo
ok 273 - selected tracks isolate two tracks, independent from mute and solo
  ---
  duration_ms: 1.614428
  type: 'test'
  ...
# Subtest: invalid local scope fails explicitly rather than quietly playing all
ok 274 - invalid local scope fails explicitly rather than quietly playing all
  ---
  duration_ms: 1.056284
  type: 'test'
  ...
# Subtest: playback controller follows editor pattern, exits local, keeps full song across workspaces
ok 275 - playback controller follows editor pattern, exits local, keeps full song across workspaces
  ---
  duration_ms: 1.970592
  type: 'test'
  ...
# Subtest: whole-song export ignores temporary solo but respects project mute
ok 276 - whole-song export ignores temporary solo but respects project mute
  ---
  duration_ms: 2.88551
  type: 'test'
  ...
# Subtest: candidate audition does not mutate document, and stop restores original target
ok 277 - candidate audition does not mutate document, and stop restores original target
  ---
  duration_ms: 3.203066
  type: 'test'
  ...
# Subtest: stop during pending audio initialization invalidates a main start
ok 278 - stop during pending audio initialization invalidates a main start
  ---
  duration_ms: 0.636428
  type: 'test'
  ...
# Subtest: stop during pending note preview invalidates preview generation
ok 279 - stop during pending note preview invalidates preview generation
  ---
  duration_ms: 0.74362
  type: 'test'
  ...
# Subtest: fingerprint has semantic skins, transparency fallback, and touch sizing in shared manifest
ok 280 - fingerprint has semantic skins, transparency fallback, and touch sizing in shared manifest
  ---
  duration_ms: 1.901469
  type: 'test'
  ...
# Subtest: new presets use seven different synthesis families, legacy 26 remain addressable
ok 281 - new presets use seven different synthesis families, legacy 26 remain addressable
  ---
  duration_ms: 0.335776
  type: 'test'
  ...
# Subtest: 24 harmonic recipes are independently named and fit the supported clip lengths
ok 282 - 24 harmonic recipes are independently named and fit the supported clip lengths
  ---
  duration_ms: 0.139254
  type: 'test'
  ...
# Subtest: every progression in twelve keys, three voicings and four rhythms produces valid ordinary notes
ok 283 - every progression in twelve keys, three voicings and four rhythms produces valid ordinary notes
  ---
  duration_ms: 425.139449
  type: 'test'
  ...
# Subtest: voicing preserves chord pitch classes and never invents a scale correction
ok 284 - voicing preserves chord pitch classes and never invents a scale correction
  ---
  duration_ms: 9.641564
  type: 'test'
  ...
# Subtest: minor dominant retains raised leading tone; half diminished chord has flat fifth
ok 285 - minor dominant retains raised leading tone; half diminished chord has flat fifth
  ---
  duration_ms: 0.305174
  type: 'test'
  ...
# Subtest: a smooth four-chord loop moves less than root-position in the standard pop example
ok 286 - a smooth four-chord loop moves less than root-position in the standard pop example
  ---
  duration_ms: 0.454234
  type: 'test'
  ...
# Subtest: progression invalid options are rejected rather than silently changing pitches
ok 287 - progression invalid options are rejected rather than silently changing pitches
  ---
  duration_ms: 0.423638
  type: 'test'
  ...
# Subtest: generated chord pattern can be applied, independently edited, saved and reopened
ok 288 - generated chord pattern can be applied, independently edited, saved and reopened
  ---
  duration_ms: 5.503299
  type: 'test'
  ...
# Subtest: short existing clip refuses long harmonic replacement and preserves shared references
ok 289 - short existing clip refuses long harmonic replacement and preserves shared references
  ---
  duration_ms: 1.637063
  type: 'test'
  ...
# Subtest: new catalog has exact starter roles and all old seven template ids still exist
ok 290 - new catalog has exact starter roles and all old seven template ids still exist
  ---
  duration_ms: 1.865493
  type: 'test'
  ...
# Subtest: every template can be applied to a fresh song, compiled, serialized and reopened
ok 291 - every template can be applied to a fresh song, compiled, serialized and reopened
  ---
  duration_ms: 75.812265
  type: 'test'
  ...
# Subtest: new drum templates use 16-cell grid, distinguish velocities, and contain no duplicate hit
ok 292 - new drum templates use 16-cell grid, distinguish velocities, and contain no duplicate hit
  ---
  duration_ms: 4.801531
  type: 'test'
  ...
# Subtest: starter songs have matching four tracks, eight bars, no overlapping clips
ok 293 - starter songs have matching four tracks, eight bars, no overlapping clips
  ---
  duration_ms: 7.388074
  type: 'test'
  ...
# Subtest: multi-sample registry validates zones before importing anything
ok 294 - multi-sample registry validates zones before importing anything
  ---
  duration_ms: 1.692481
  type: 'test'
  ...
# Subtest: multi-sample missing dependency cannot partially install a sound
ok 295 - multi-sample missing dependency cannot partially install a sound
  ---
  duration_ms: 0.41901
  type: 'test'
  ...
# Subtest: multi-sample assets pin to a project and survive a clean runtime without its library
ok 296 - multi-sample assets pin to a project and survive a clean runtime without its library
  ---
  duration_ms: 34.441554
  type: 'test'
  ...
# Subtest: missing embedded multi-sample remains openable and repairable without silent fallback
ok 297 - missing embedded multi-sample remains openable and repairable without silent fallback
  ---
  duration_ms: 0.561529
  type: 'test'
  ...
# Subtest: R1: migrates v1 without mutating source or musical notes
ok 298 - R1: migrates v1 without mutating source or musical notes
  ---
  duration_ms: 13.173313
  type: 'test'
  ...
# Subtest: R1: view-only browsing does not change project or compiled notes
ok 299 - R1: view-only browsing does not change project or compiled notes
  ---
  duration_ms: 13.53083
  type: 'test'
  ...
# Subtest: R1: all clip openings resolve coherent track/pattern/instance
ok 300 - R1: all clip openings resolve coherent track/pattern/instance
  ---
  duration_ms: 1.408776
  type: 'test'
  ...
# Subtest: R1: deleted selections and monitoring ids reconcile
ok 301 - R1: deleted selections and monitoring ids reconcile
  ---
  duration_ms: 1.293198
  type: 'test'
  ...
# Subtest: R1: local scope and labels use actual pattern length
ok 302 - R1: local scope and labels use actual pattern length
  ---
  duration_ms: 1.216161
  type: 'test'
  ...
# Subtest: ST01 new library has bounded versions, unique IDs and valid definitions
ok 303 - ST01 new library has bounded versions, unique IDs and valid definitions
  ---
  duration_ms: 22.213288
  type: 'test'
  ...
# Subtest: ST02 every new preset roundtrips with exact synthesis definition
ok 304 - ST02 every new preset roundtrips with exact synthesis definition
  ---
  duration_ms: 20.508843
  type: 'test'
  ...
# Subtest: ST03 invalid DSP values and missing synth definitions are rejected
ok 305 - ST03 invalid DSP values and missing synth definitions are rejected
  ---
  duration_ms: 20.557615
  type: 'test'
  ...
# Subtest: ST04 FM operator topology is data-only and bounded
ok 306 - ST04 FM operator topology is data-only and bounded
  ---
  duration_ms: 6.619135
  type: 'test'
  ...
# Subtest: ST05 built-in source files retained byte-for-byte for 47 legacy presets
ok 307 - ST05 built-in source files retained byte-for-byte for 47 legacy presets
  ---
  duration_ms: 2.764097
  type: 'test'
  ...
# Subtest: ST06 new library is not an imported user pack
ok 308 - ST06 new library is not an imported user pack
  ---
  duration_ms: 3.77379
  type: 'test'
  ...
# Subtest: ST07 all sound IDs have a discoverable family, with older variants explicit
ok 309 - ST07 all sound IDs have a discoverable family, with older variants explicit
  ---
  duration_ms: 8.524684
  type: 'test'
  ...
# Subtest: ST08 family classification and query do not mutate legacy music
ok 310 - ST08 family classification and query do not mutate legacy music
  ---
  duration_ms: 49.173722
  type: 'test'
  ...
# Subtest: ST09 18 combination variants have distinct musical fields
ok 311 - ST09 18 combination variants have distinct musical fields
  ---
  duration_ms: 155.050433
  type: 'test'
  ...
# Subtest: ST10 every combination has correct eight-bar harmony and a blank writing track
ok 312 - ST10 every combination has correct eight-bar harmony and a blank writing track
  ---
  duration_ms: 140.629421
  type: 'test'
  ...
# Subtest: ST11 ending versions resolve to the actual tonic harmony
ok 313 - ST11 ending versions resolve to the actual tonic harmony
  ---
  duration_ms: 27.327282
  type: 'test'
  ...
# Subtest: ST12 applying a combination preserves old tracks, tempo unless explicit, and output range
ok 314 - ST12 applying a combination preserves old tracks, tempo unless explicit, and output range
  ---
  duration_ms: 37.312463
  type: 'test'
  ...
# Subtest: ST13 wrong placement and capacity failures preserve original
ok 315 - ST13 wrong placement and capacity failures preserve original
  ---
  duration_ms: 4.333741
  type: 'test'
  ...
# Subtest: ST14 performed timing is not swung or humanized twice
ok 316 - ST14 performed timing is not swung or humanized twice
  ---
  duration_ms: 3.081691
  type: 'test'
  ...
# Subtest: ST15 ordinary pre-existing notes retain global Swing
ok 317 - ST15 ordinary pre-existing notes retain global Swing
  ---
  duration_ms: 0.293009
  type: 'test'
  ...
# Subtest: ST16 source-derived flags and attribution survive local placement and save
ok 318 - ST16 source-derived flags and attribution survive local placement and save
  ---
  duration_ms: 2.501886
  type: 'test'
  ...
# Subtest: ST17 importing performed source preserves exact onset and velocity
ok 319 - ST17 importing performed source preserves exact onset and velocity
  ---
  duration_ms: 2.879065
  type: 'test'
  ...
# Subtest: ST18 original selected MIDI bytes match independent Git blob receipts
ok 320 - ST18 original selected MIDI bytes match independent Git blob receipts
  ---
  duration_ms: 1.554415
  type: 'test'
  ...
# Subtest: ST19 sound replacement changes neither old note material nor other tracks
ok 321 - ST19 sound replacement changes neither old note material nor other tracks
  ---
  duration_ms: 11.856083
  type: 'test'
  ...
# Subtest: ST20 drum sound adoption maps a custom kit by role and preserves musical identity
ok 322 - ST20 drum sound adoption maps a custom kit by role and preserves musical identity
  ---
  duration_ms: 12.614994
  type: 'test'
  ...
# Subtest: ST21 related voices retain old IDs, exact renderer delegation is available
ok 323 - ST21 related voices retain old IDs, exact renderer delegation is available
  ---
  duration_ms: 0.186839
  type: 'test'
  ...
# Subtest: ST22 source authoring notes and normalized presets remain read-only during combination generation
ok 324 - ST22 source authoring notes and normalized presets remain read-only during combination generation
  ---
  duration_ms: 83.863274
  type: 'test'
  ...
# Subtest: ST23 reference base key does not rewrite existing compositions
ok 325 - ST23 reference base key does not rewrite existing compositions
  ---
  duration_ms: 6.889843
  type: 'test'
  ...
# Subtest: ST24 keyboard platform mappings are separate data
ok 326 - ST24 keyboard platform mappings are separate data
  ---
  duration_ms: 0.42514
  type: 'test'
  ...
# Subtest: ST25 IME, text, prevented events and unrelated modifiers are isolated
ok 327 - ST25 IME, text, prevented events and unrelated modifiers are isolated
  ---
  duration_ms: 0.427044
  type: 'test'
  ...
# Subtest: ST26 save is a command even when a text field has focus
ok 328 - ST26 save is a command even when a text field has focus
  ---
  duration_ms: 0.168621
  type: 'test'
  ...
# Subtest: ST27 deletion maps Mac backward/forward and Windows delete without conflating select
ok 329 - ST27 deletion maps Mac backward/forward and Windows delete without conflating select
  ---
  duration_ms: 0.278299
  type: 'test'
  ...
# Subtest: ST28 cut notes captures clipboard and deletes in one pure transaction
ok 330 - ST28 cut notes captures clipboard and deletes in one pure transaction
  ---
  duration_ms: 11.375752
  type: 'test'
  ...
# Subtest: ST29 cut interval preserves rests and splits boundary notes consistently
ok 331 - ST29 cut interval preserves rests and splits boundary notes consistently
  ---
  duration_ms: 1.073324
  type: 'test'
  ...
# Subtest: ST30 cut last track refuses before deleting or replacing clipboard
ok 332 - ST30 cut last track refuses before deleting or replacing clipboard
  ---
  duration_ms: 0.588895
  type: 'test'
  ...
# Subtest: ST31 clipboard envelope safely roundtrips data and rejects reserved keys
ok 333 - ST31 clipboard envelope safely roundtrips data and rejects reserved keys
  ---
  duration_ms: 0.569916
  type: 'test'
  ...
# Subtest: ST32 patch/family lookup has no dependency on ID rewriting
ok 334 - ST32 patch/family lookup has no dependency on ID rewriting
  ---
  duration_ms: 19.89349
  type: 'test'
  ...
# Subtest: ST33 old no-performed projects compile identically under previous model
ok 335 - ST33 old no-performed projects compile identically under previous model
  ---
  duration_ms: 191.596897
  type: 'test'
  ...
# Subtest: ST34 optional performed marker rejects non-boolean data
ok 336 - ST34 optional performed marker rejects non-boolean data
  ---
  duration_ms: 10.254741
  type: 'test'
  ...
# Subtest: ST35 advanced own sound is data, serialized independently of its source preset
ok 337 - ST35 advanced own sound is data, serialized independently of its source preset
  ---
  duration_ms: 1.636743
  type: 'test'
  ...
# Subtest: ST36 native curve conversion stays finite and ordered
ok 338 - ST36 native curve conversion stays finite and ordered
  ---
  duration_ms: 0.429736
  type: 'test'
  ...
# Subtest: ST37 platform override still works when persistence is unavailable
ok 339 - ST37 platform override still works when persistence is unavailable
  ---
  duration_ms: 42.91492
  type: 'test'
  ...
# Subtest: ST38 bundled pack count matches the visible imported pack list
ok 340 - ST38 bundled pack count matches the visible imported pack list
  ---
  duration_ms: 24.0114
  type: 'test'
  ...
# Subtest: ST39 source metadata survives a derived template import and placement
ok 341 - ST39 source metadata survives a derived template import and placement
  ---
  duration_ms: 11.064674
  type: 'test'
  ...
# Subtest: ST40 invalid source metadata is rejected before library mutation
ok 342 - ST40 invalid source metadata is rejected before library mutation
  ---
  duration_ms: 0.592514
  type: 'test'
  ...
# Subtest: ST41 ending variants preserve the first seven bars of their melodic material
ok 343 - ST41 ending variants preserve the first seven bars of their melodic material
  ---
  duration_ms: 60.28524
  type: 'test'
  ...
# Subtest: ST42 assembled human-rhythm combinations retain both excerpt attributions
ok 344 - ST42 assembled human-rhythm combinations retain both excerpt attributions
  ---
  duration_ms: 10.824532
  type: 'test'
  ...
# Subtest: W01 new project opens one arrangement workspace with closed lower editor
ok 345 - W01 new project opens one arrangement workspace with closed lower editor
  ---
  duration_ms: 34.259995
  type: 'test'
  ...
# Subtest: W02 opening a block shows its content without a second page
ok 346 - W02 opening a block shows its content without a second page
  ---
  duration_ms: 33.242446
  type: 'test'
  ...
# Subtest: W03 no active target never falls back to deleting opened content
ok 347 - W03 no active target never falls back to deleting opened content
  ---
  duration_ms: 28.040537
  type: 'test'
  ...
# Subtest: W04 selecting track leaves opened pattern and cursor unchanged
ok 348 - W04 selecting track leaves opened pattern and cursor unchanged
  ---
  duration_ms: 27.075726
  type: 'test'
  ...
# Subtest: W05 note Copy never moves edit cursor or changes the project
ok 349 - W05 note Copy never moves edit cursor or changes the project
  ---
  duration_ms: 26.408128
  type: 'test'
  ...
# Subtest: W06 note Paste uses explicit edit cursor, independent of transport fields
ok 350 - W06 note Paste uses explicit edit cursor, independent of transport fields
  ---
  duration_ms: 26.894658
  type: 'test'
  ...
# Subtest: W07 overflow paste is rejected without clamp or mutation
ok 351 - W07 overflow paste is rejected without clamp or mutation
  ---
  duration_ms: 32.92014
  type: 'test'
  ...
# Subtest: W08 duplicate notes is immediate and independent of the clipboard
ok 352 - W08 duplicate notes is immediate and independent of the clipboard
  ---
  duration_ms: 26.818843
  type: 'test'
  ...
# Subtest: W09 Delete notes does not remove block instances
ok 353 - W09 Delete notes does not remove block instances
  ---
  duration_ms: 25.048429
  type: 'test'
  ...
# Subtest: W10 Delete block removes only occurrence and keeps shared pattern
ok 354 - W10 Delete block removes only occurrence and keeps shared pattern
  ---
  duration_ms: 30.83926
  type: 'test'
  ...
# Subtest: W11 stale selection ids cannot delete a fallback block
ok 355 - W11 stale selection ids cannot delete a fallback block
  ---
  duration_ms: 21.87294
  type: 'test'
  ...
# Subtest: W12 music block duplicate creates independent pattern and ids
ok 356 - W12 music block duplicate creates independent pattern and ids
  ---
  duration_ms: 25.767502
  type: 'test'
  ...
# Subtest: W13 associated repeat keeps shared content explicit
ok 357 - W13 associated repeat keeps shared content explicit
  ---
  duration_ms: 22.938128
  type: 'test'
  ...
# Subtest: W14 unlink isolates only selected shared occurrence
ok 358 - W14 unlink isolates only selected shared occurrence
  ---
  duration_ms: 33.56074
  type: 'test'
  ...
# Subtest: W15 music block clipboard pastes at arrangement cursor
ok 359 - W15 music block clipboard pastes at arrangement cursor
  ---
  duration_ms: 28.325141
  type: 'test'
  ...
# Subtest: W16 block clipboard incompatible target is atomic
ok 360 - W16 block clipboard incompatible target is atomic
  ---
  duration_ms: 24.455466
  type: 'test'
  ...
# Subtest: W17 track copy and paste preserve internal sharing and isolate source
ok 361 - W17 track copy and paste preserve internal sharing and isolate source
  ---
  duration_ms: 25.959286
  type: 'test'
  ...
# Subtest: W18 Delete track cannot delete final remaining track
ok 362 - W18 Delete track cannot delete final remaining track
  ---
  duration_ms: 13.377511
  type: 'test'
  ...
# Subtest: W19 deleting different track keeps opened pattern intact
ok 363 - W19 deleting different track keeps opened pattern intact
  ---
  duration_ms: 30.552346
  type: 'test'
  ...
# Subtest: W20 two timelines cannot be active command owners simultaneously
ok 364 - W20 two timelines cannot be active command owners simultaneously
  ---
  duration_ms: 21.350714
  type: 'test'
  ...
# Subtest: W21 Select all in notes never selects other tracks
ok 365 - W21 Select all in notes never selects other tracks
  ---
  duration_ms: 22.721108
  type: 'test'
  ...
# Subtest: W22 Select all in arrangement selects all occurrences
ok 366 - W22 Select all in arrangement selects all occurrences
  ---
  duration_ms: 29.513893
  type: 'test'
  ...
# Subtest: W23 mix page disables destructive composition commands
ok 367 - W23 mix page disables destructive composition commands
  ---
  duration_ms: 22.816249
  type: 'test'
  ...
# Subtest: W24 range copies silence and clips boundary sustains
ok 368 - W24 range copies silence and clips boundary sustains
  ---
  duration_ms: 25.47126
  type: 'test'
  ...
# Subtest: W25 range delete splits long note and preserves outside
ok 369 - W25 range delete splits long note and preserves outside
  ---
  duration_ms: 24.402036
  type: 'test'
  ...
# Subtest: W26 range duplicate preserves length including rests
ok 370 - W26 range duplicate preserves length including rests
  ---
  duration_ms: 31.850448
  type: 'test'
  ...
# Subtest: W27 range clear preserves outside harmony intervals
ok 371 - W27 range clear preserves outside harmony intervals
  ---
  duration_ms: 35.215964
  type: 'test'
  ...
# Subtest: W28 clipboard from stale harmony never acquires confirmation
ok 372 - W28 clipboard from stale harmony never acquires confirmation
  ---
  duration_ms: 29.316126
  type: 'test'
  ...
# Subtest: W29 range copy/paste carries known harmony to empty destination
ok 373 - W29 range copy/paste carries known harmony to empty destination
  ---
  duration_ms: 26.666194
  type: 'test'
  ...
# Subtest: W30 applying range paste to occupied content requires explicit range
ok 374 - W30 applying range paste to occupied content requires explicit range
  ---
  duration_ms: 21.943011
  type: 'test'
  ...
# Subtest: W31 range validity rejects reversed and out-of-bounds spans
ok 375 - W31 range validity rejects reversed and out-of-bounds spans
  ---
  duration_ms: 24.289963
  type: 'test'
  ...
# Subtest: W32 clipboard and editing targets remain outside musical document
ok 376 - W32 clipboard and editing targets remain outside musical document
  ---
  duration_ms: 28.489136
  type: 'test'
  ...
# Subtest: W33 every exposed basic command has one state definition
ok 377 - W33 every exposed basic command has one state definition
  ---
  duration_ms: 21.923177
  type: 'test'
  ...
# Subtest: W34 note clipboard rejects drum targets without mutation
ok 378 - W34 note clipboard rejects drum targets without mutation
  ---
  duration_ms: 23.260183
  type: 'test'
  ...
# Subtest: W35 empty range can be copied as intentional rest
ok 379 - W35 empty range can be copied as intentional rest
  ---
  duration_ms: 21.71008
  type: 'test'
  ...
# Subtest: W36 duplicate clips checks collisions without partial inserts
ok 380 - W36 duplicate clips checks collisions without partial inserts
  ---
  duration_ms: 30.848653
  type: 'test'
  ...
# Subtest: W37 clear pattern explicitly clears related content, not clip identity
ok 381 - W37 clear pattern explicitly clears related content, not clip identity
  ---
  duration_ms: 17.913944
  type: 'test'
  ...
# Subtest: W38 note range delete maintains valid retained references
ok 382 - W38 note range delete maintains valid retained references
  ---
  duration_ms: 16.054437
  type: 'test'
  ...
# Subtest: W39 deletion of selected pattern invalidates target, never falls back
ok 383 - W39 deletion of selected pattern invalidates target, never falls back
  ---
  duration_ms: 14.153583
  type: 'test'
  ...
# Subtest: W40 copies retain current input document and legacy file version
ok 384 - W40 copies retain current input document and legacy file version
  ---
  duration_ms: 22.130081
  type: 'test'
  ...
# Subtest: W41 legacy phrase workspace preference migrates without rewriting music
ok 385 - W41 legacy phrase workspace preference migrates without rewriting music
  ---
  duration_ms: 7.947322
  type: 'test'
  ...
# Subtest: W42 save/reload workspace keeps panel size and open state, not live selection
ok 386 - W42 save/reload workspace keeps panel size and open state, not live selection
  ---
  duration_ms: 7.604897
  type: 'test'
  ...
# Subtest: W43 closed editor preference stays closed when restored
ok 387 - W43 closed editor preference stays closed when restored
  ---
  duration_ms: 7.143319
  type: 'test'
  ...
# Subtest: W44 same shared content opened at a different instance reports change
ok 388 - W44 same shared content opened at a different instance reports change
  ---
  duration_ms: 16.710617
  type: 'test'
  ...
# Subtest: W45 expanding whole pattern copy preserves legacy metadata shape
ok 389 - W45 expanding whole pattern copy preserves legacy metadata shape
  ---
  duration_ms: 19.396546
  type: 'test'
  ...
# Subtest: W46 track clipboard copied into another project includes self-contained voice settings
ok 390 - W46 track clipboard copied into another project includes self-contained voice settings
  ---
  duration_ms: 13.350716
  type: 'test'
  ...
# Subtest: W47 repeated selection ids resolve to one object
ok 391 - W47 repeated selection ids resolve to one object
  ---
  duration_ms: 14.009642
  type: 'test'
  ...
# Subtest: W48 current build has one layout owner and no old properties renderer
ok 392 - W48 current build has one layout owner and no old properties renderer
  ---
  duration_ms: 0.27098
  type: 'test'
  ...
# Subtest: W49 explicit quantization aligns onset only and preserves identity/duration
ok 393 - W49 explicit quantization aligns onset only and preserves identity/duration
  ---
  duration_ms: 14.316481
  type: 'test'
  ...
# Subtest: W50 quantization rejects free-grid and overflow rather than silently cropping
ok 394 - W50 quantization rejects free-grid and overflow rather than silently cropping
  ---
  duration_ms: 16.698859
  type: 'test'
  ...
1..394
# tests 394
# suites 0
# pass 394
# fail 0
# cancelled 0
# skipped 0
# todo 0
# duration_ms 3895.90886
