
> gridtone@2.2.1 pretest
> node scripts/catalog-build.mjs


> gridtone@2.2.1 test
> node --test tests/*.test.mjs

TAP version 13
# Subtest: F1 两块四小节和弦连续放入，八小节上下文完整
ok 1 - F1 两块四小节和弦连续放入，八小节上下文完整
  ---
  duration_ms: 48.516637
  type: 'test'
  ...
# Subtest: F2 rhythm忽略残留ending意图，原节奏保持
ok 2 - F2 rhythm忽略残留ending意图，原节奏保持
  ---
  duration_ms: 351.906402
  type: 'test'
  ...
# Subtest: F2 anchors忽略残留ending，句尾支点保持
ok 3 - F2 anchors忽略残留ending，句尾支点保持
  ---
  duration_ms: 33.049241
  type: 'test'
  ...
# Subtest: F4 调内候选追踪key/scale的有效输入
ok 4 - F4 调内候选追踪key/scale的有效输入
  ---
  duration_ms: 19.161343
  type: 'test'
  ...
# Subtest: 控制：无关轨音量修改保留，纯和弦候选不依赖参考标签
ok 5 - 控制：无关轨音量修改保留，纯和弦候选不依赖参考标签
  ---
  duration_ms: 27.466385
  type: 'test'
  ...
# Subtest: C-B01 parallel uses explicit existing tracks and preserves their sounds
ok 6 - C-B01 parallel uses explicit existing tracks and preserves their sounds
  ---
  duration_ms: 7.287045
  type: 'test'
  ...
# Subtest: C-B02 suggested targets reuse matching free voices
ok 7 - C-B02 suggested targets reuse matching free voices
  ---
  duration_ms: 0.410369
  type: 'test'
  ...
# Subtest: C-B03 occupied tracks are not suggested and are never overwritten
ok 8 - C-B03 occupied tracks are not suggested and are never overwritten
  ---
  duration_ms: 5.329213
  type: 'test'
  ...
# Subtest: C-B04 existing plus new is an atomic mixed target plan
ok 9 - C-B04 existing plus new is an atomic mixed target plan
  ---
  duration_ms: 3.039574
  type: 'test'
  ...
# Subtest: C-B05 ordered lengths 4+4+2 at bar5 occupy exactly ten bars
ok 10 - C-B05 ordered lengths 4+4+2 at bar5 occupy exactly ten bars
  ---
  duration_ms: 6.088438
  type: 'test'
  ...
# Subtest: C-B06 a new series creates one track, not one track per block
ok 11 - C-B06 a new series creates one track, not one track per block
  ---
  duration_ms: 2.112048
  type: 'test'
  ...
# Subtest: C-B07 source snapshots include key mapping and original drum timing
ok 12 - C-B07 source snapshots include key mapping and original drum timing
  ---
  duration_ms: 5.499117
  type: 'test'
  ...
# Subtest: C-B08 invalid duplicate parallel track assignment rejects whole batch
ok 13 - C-B08 invalid duplicate parallel track assignment rejects whole batch
  ---
  duration_ms: 1.419843
  type: 'test'
  ...
# Subtest: C-B09 changing a relevant target invalidates candidate, unrelated track preserved
ok 14 - C-B09 changing a relevant target invalidates candidate, unrelated track preserved
  ---
  duration_ms: 10.106411
  type: 'test'
  ...
# Subtest: C-B10 actual materialized plan uses exactly preview clip IDs and range
ok 15 - C-B10 actual materialized plan uses exactly preview clip IDs and range
  ---
  duration_ms: 5.517313
  type: 'test'
  ...
# Subtest: C-B11 batch never accepts sounds, songs, too many items or invalid times
ok 16 - C-B11 batch never accepts sounds, songs, too many items or invalid times
  ---
  duration_ms: 1.397185
  type: 'test'
  ...
# Subtest: C-L01 migration merges old catalog and wide library favorites once
ok 17 - C-L01 migration merges old catalog and wide library favorites once
  ---
  duration_ms: 1.20674
  type: 'test'
  ...
# Subtest: C-L02 empty tray is intentionally empty after reopening
ok 18 - C-L02 empty tray is intentionally empty after reopening
  ---
  duration_ms: 3.702501
  type: 'test'
  ...
# Subtest: C-L03 storage denial preserves in-window data with a truthful error
ok 19 - C-L03 storage denial preserves in-window data with a truthful error
  ---
  duration_ms: 1.012419
  type: 'test'
  ...
# Subtest: C-L04 corrupted legacy collection values do not break startup
ok 20 - C-L04 corrupted legacy collection values do not break startup
  ---
  duration_ms: 0.217672
  type: 'test'
  ...
# Subtest: C-L05 unavailable identifiers remain stored for later resource reimport
ok 21 - C-L05 unavailable identifiers remain stored for later resource reimport
  ---
  duration_ms: 1.034014
  type: 'test'
  ...
# Subtest: C-L06 used collection comes from placed music only, not unused patterns
ok 22 - C-L06 used collection comes from placed music only, not unused patterns
  ---
  duration_ms: 0.375078
  type: 'test'
  ...
# Subtest: C-L07 old catalog songs still exist and copy independently
ok 23 - C-L07 old catalog songs still exist and copy independently
  ---
  duration_ms: 26.889904
  type: 'test'
  ...
# Subtest: C-L08 an original template records identity for the used collection
ok 24 - C-L08 an original template records identity for the used collection
  ---
  duration_ms: 12.00714
  type: 'test'
  ...
# Subtest: C-T01 clear outside a long note never invents attacks
ok 25 - C-T01 clear outside a long note never invents attacks
  ---
  duration_ms: 4.893044
  type: 'test'
  ...
# Subtest: C-T02 exact 1-bar deletion preserves one surviving sustain
ok 26 - C-T02 exact 1-bar deletion preserves one surviving sustain
  ---
  duration_ms: 2.130714
  type: 'test'
  ...
# Subtest: C-T02 exact 2-bar deletion preserves one surviving sustain
ok 27 - C-T02 exact 2-bar deletion preserves one surviving sustain
  ---
  duration_ms: 0.693769
  type: 'test'
  ...
# Subtest: C-T02 exact 3-bar deletion preserves one surviving sustain
ok 28 - C-T02 exact 3-bar deletion preserves one surviving sustain
  ---
  duration_ms: 0.598156
  type: 'test'
  ...
# Subtest: C-T02 exact 5-bar deletion preserves one surviving sustain
ok 29 - C-T02 exact 5-bar deletion preserves one surviving sustain
  ---
  duration_ms: 1.31168
  type: 'test'
  ...
# Subtest: C-T02 exact 7-bar deletion preserves one surviving sustain
ok 30 - C-T02 exact 7-bar deletion preserves one surviving sustain
  ---
  duration_ms: 1.131573
  type: 'test'
  ...
# Subtest: C-T03 delete the middle of one sustain joins it once
ok 31 - C-T03 delete the middle of one sustain joins it once
  ---
  duration_ms: 0.740048
  type: 'test'
  ...
# Subtest: C-T04 clear the middle creates only the two intentional sides
ok 32 - C-T04 clear the middle creates only the two intentional sides
  ---
  duration_ms: 1.039157
  type: 'test'
  ...
# Subtest: C-T05 all unaffected compiled notes survive humanize, swing and transpose
ok 33 - C-T05 all unaffected compiled notes survive humanize, swing and transpose
  ---
  duration_ms: 3.133053
  type: 'test'
  ...
# Subtest: C-T06 shared unedited instance retains original pattern and sound events
ok 34 - C-T06 shared unedited instance retains original pattern and sound events
  ---
  duration_ms: 1.737263
  type: 'test'
  ...
# Subtest: C-T07 clear harmony gaps and retained silence without splitting unrelated notes
ok 35 - C-T07 clear harmony gaps and retained silence without splitting unrelated notes
  ---
  duration_ms: 1.539348
  type: 'test'
  ...
# Subtest: C-T08 exact phrase lengths 1..16 validate, out of bounds reject
ok 36 - C-T08 exact phrase lengths 1..16 validate, out of bounds reject
  ---
  duration_ms: 6.588711
  type: 'test'
  ...
# Subtest: C-T09 deletion moves every track and loop through one time mapping
ok 37 - C-T09 deletion moves every track and loop through one time mapping
  ---
  duration_ms: 0.987388
  type: 'test'
  ...
# Subtest: C-T10 source and edited-instance identity are conserved appropriately
ok 38 - C-T10 source and edited-instance identity are conserved appropriately
  ---
  duration_ms: 0.76109
  type: 'test'
  ...
# Subtest: C-T11 matrix checks exact outside events for every 8-bar interval
ok 39 - C-T11 matrix checks exact outside events for every 8-bar interval
  ---
  duration_ms: 35.941894
  type: 'test'
  ...
# Subtest: Evidence: missing or NOT_RUN reports cannot silently pass
ok 40 - Evidence: missing or NOT_RUN reports cannot silently pass
  ---
  duration_ms: 1.018496
  type: 'test'
  ...
# Subtest: Evidence: a correct count cannot hide an individual failure
ok 41 - Evidence: a correct count cannot hide an individual failure
  ---
  duration_ms: 0.56602
  type: 'test'
  ...
# Subtest: Evidence: full engineering requires all six real task outcomes
ok 42 - Evidence: full engineering requires all six real task outcomes
  ---
  duration_ms: 0.97982
  type: 'test'
  ...
# Subtest: Evidence: stale builds and short soak logs remain unclosed
ok 43 - Evidence: stale builds and short soak logs remain unclosed
  ---
  duration_ms: 0.154687
  type: 'test'
  ...
# Subtest: DS01 one-based position roundtrip for integer, triplet, and fractional ticks
ok 44 - DS01 one-based position roundtrip for integer, triplet, and fractional ticks
  ---
  duration_ms: 2.542297
  type: 'test'
  ...
# Subtest: DS02 malformed and out-of-bounds positions rejected
ok 45 - DS02 malformed and out-of-bounds positions rejected
  ---
  duration_ms: 0.431235
  type: 'test'
  ...
# Subtest: DS03 musical end boundary and duration ranges explicit
ok 46 - DS03 musical end boundary and duration ranges explicit
  ---
  duration_ms: 0.229643
  type: 'test'
  ...
# Subtest: DS04 pan formatter consistent in all positions
ok 47 - DS04 pan formatter consistent in all positions
  ---
  duration_ms: 0.452347
  type: 'test'
  ...
# Subtest: DS05 every chord quality has a readable Chinese name
ok 48 - DS05 every chord quality has a readable Chinese name
  ---
  duration_ms: 0.263916
  type: 'test'
  ...
# Subtest: DS06 button role, size, busy and accessible name declared
ok 49 - DS06 button role, size, busy and accessible name declared
  ---
  duration_ms: 0.804001
  type: 'test'
  ...
# Subtest: DS07 invalid component variations rejected
ok 50 - DS07 invalid component variations rejected
  ---
  duration_ms: 0.247376
  type: 'test'
  ...
# Subtest: DS08 legacy compatibility explicitly identifies small icon key and transport
ok 51 - DS08 legacy compatibility explicitly identifies small icon key and transport
  ---
  duration_ms: 0.128009
  type: 'test'
  ...
# Subtest: DS09 sources cannot inject markup through material names
ok 52 - DS09 sources cannot inject markup through material names
  ---
  duration_ms: 4.131978
  type: 'test'
  ...
# Subtest: DS10 single material has exact duration and original notes
ok 53 - DS10 single material has exact duration and original notes
  ---
  duration_ms: 2.937589
  type: 'test'
  ...
# Subtest: DS11 all eight combination previews derive from actual composition roles
ok 54 - DS11 all eight combination previews derive from actual composition roles
  ---
  duration_ms: 145.917117
  type: 'test'
  ...
# Subtest: DS12 example projects cannot start material drags
ok 55 - DS12 example projects cannot start material drags
  ---
  duration_ms: 5.391082
  type: 'test'
  ...
# Subtest: DS13 independent audition favorite and pick actions
ok 56 - DS13 independent audition favorite and pick actions
  ---
  duration_ms: 2.002063
  type: 'test'
  ...
# Subtest: DS14 placement previews contain no editable note or clip identities
ok 57 - DS14 placement previews contain no editable note or clip identities
  ---
  duration_ms: 5.593789
  type: 'test'
  ...
# Subtest: DS15 projection comparison distinguishes unchanged changed removed with multiplicity
ok 58 - DS15 projection comparison distinguishes unchanged changed removed with multiplicity
  ---
  duration_ms: 0.340912
  type: 'test'
  ...
# Subtest: DS16 partial retention is labelled by actual dimension; false flags not hard-kept
ok 59 - DS16 partial retention is labelled by actual dimension; false flags not hard-kept
  ---
  duration_ms: 0.125241
  type: 'test'
  ...
# Subtest: DS17 range retention and rest boundaries stay external to projection
ok 60 - DS17 range retention and rest boundaries stay external to projection
  ---
  duration_ms: 0.112083
  type: 'test'
  ...
# Subtest: DS18 comparison score uses caller-shared music coordinates
ok 61 - DS18 comparison score uses caller-shared music coordinates
  ---
  duration_ms: 0.290926
  type: 'test'
  ...
# Subtest: DS19 preflight missing harmony is visible before computation
ok 62 - DS19 preflight missing harmony is visible before computation
  ---
  duration_ms: 13.799879
  type: 'test'
  ...
# Subtest: DS20 preparation uses task choices and disclosed advanced controls
ok 63 - DS20 preparation uses task choices and disclosed advanced controls
  ---
  duration_ms: 22.417953
  type: 'test'
  ...
# Subtest: DS21 result precedes settings and adoption becomes main action
ok 64 - DS21 result precedes settings and adoption becomes main action
  ---
  duration_ms: 71.809949
  type: 'test'
  ...
# Subtest: DS22 read-only projection never writes into original project
ok 65 - DS22 read-only projection never writes into original project
  ---
  duration_ms: 32.128287
  type: 'test'
  ...
# Subtest: DS23 target and dependency changes remove applicable projected result
ok 66 - DS23 target and dependency changes remove applicable projected result
  ---
  duration_ms: 37.058743
  type: 'test'
  ...
# Subtest: DS24 human timing drafts prevent generation on invalid range
ok 67 - DS24 human timing drafts prevent generation on invalid range
  ---
  duration_ms: 16.566385
  type: 'test'
  ...
# Subtest: DS25 generation needs 4 or 8 bars, not just valid endpoints
ok 68 - DS25 generation needs 4 or 8 bars, not just valid endpoints
  ---
  duration_ms: 114.617572
  type: 'test'
  ...
# Subtest: DS26 mode changes keep calculation whitelist while presentation changes
ok 69 - DS26 mode changes keep calculation whitelist while presentation changes
  ---
  duration_ms: 25.847303
  type: 'test'
  ...
# Subtest: DS27 metadata identities and version stay v3 through presentation
ok 70 - DS27 metadata identities and version stay v3 through presentation
  ---
  duration_ms: 9.260902
  type: 'test'
  ...
# Subtest: DS28 formatter is used for initial slider center, not 0 percent
ok 71 - DS28 formatter is used for initial slider center, not 0 percent
  ---
  duration_ms: 0.156401
  type: 'test'
  ...
# Subtest: DS29 all major flows have coverage owners and production modules
ok 72 - DS29 all major flows have coverage owners and production modules
  ---
  duration_ms: 0.290432
  type: 'test'
  ...
# Subtest: DS30 legacy sound data/algorithms stay frozen; approved v2 extensions use explicit allowlist
ok 73 - DS30 legacy sound data/algorithms stay frozen; approved v2 extensions use explicit allowlist
  ---
  duration_ms: 1.87028
  type: 'test'
  ...
# Subtest: DS31 known browser storage errors are actionable Chinese without renaming user data
ok 74 - DS31 known browser storage errors are actionable Chinese without renaming user data
  ---
  duration_ms: 0.343395
  type: 'test'
  ...
# Subtest: MG25: old screenshots and stale browser build cannot pass
ok 75 - MG25: old screenshots and stale browser build cannot pass
  ---
  duration_ms: 1.005837
  type: 'test'
  ...
# Subtest: MG26: individual failure cannot hide behind passing count
ok 76 - MG26: individual failure cannot hide behind passing count
  ---
  duration_ms: 0.146809
  type: 'test'
  ...
# Subtest: MG27: ten minutes cannot satisfy thirty-minute contract
ok 77 - MG27: ten minutes cannot satisfy thirty-minute contract
  ---
  duration_ms: 0.153127
  type: 'test'
  ...
# Subtest: MG28: retained sources after stop fail soak
ok 78 - MG28: retained sources after stop fail soak
  ---
  duration_ms: 0.110754
  type: 'test'
  ...
# Subtest: MG29: valid engineering report does not require pretending native results
ok 79 - MG29: valid engineering report does not require pretending native results
  ---
  duration_ms: 0.68635
  type: 'test'
  ...
# Subtest: MG30: missing audio comparison is still incomplete
ok 80 - MG30: missing audio comparison is still incomplete
  ---
  duration_ms: 0.118472
  type: 'test'
  ...
# Subtest: MG01 one palette dependency before the components and view modules
ok 81 - MG01 one palette dependency before the components and view modules
  ---
  duration_ms: 1.513611
  type: 'test'
  ...
# Subtest: MG02 each semantic musical role exceeds body contrast on its surface
ok 82 - MG02 each semantic musical role exceeds body contrast on its surface
  ---
  duration_ms: 2.091707
  type: 'test'
  ...
# Subtest: MG03 custom extreme and arbitrary colors stay readable without mutation
ok 83 - MG03 custom extreme and arbitrary colors stay readable without mutation
  ---
  duration_ms: 12.62824
  type: 'test'
  ...
# Subtest: MG04 invalid color values are safe fallback, not CSS injection
ok 84 - MG04 invalid color values are safe fallback, not CSS injection
  ---
  duration_ms: 0.998739
  type: 'test'
  ...
# Subtest: MG05 palette cache identity is stable
ok 85 - MG05 palette cache identity is stable
  ---
  duration_ms: 0.361022
  type: 'test'
  ...
# Subtest: MG06 palette derivation never edits music documents
ok 86 - MG06 palette derivation never edits music documents
  ---
  duration_ms: 19.041052
  type: 'test'
  ...
# Subtest: MG07 single material identity survives shelf and placement projection
ok 87 - MG07 single material identity survives shelf and placement projection
  ---
  duration_ms: 4.020908
  type: 'test'
  ...
# Subtest: MG08 projection has no music hit-target or selectable note attributes
ok 88 - MG08 projection has no music hit-target or selectable note attributes
  ---
  duration_ms: 2.983035
  type: 'test'
  ...
# Subtest: MG09 malicious names are escaped in every material stage
ok 89 - MG09 malicious names are escaped in every material stage
  ---
  duration_ms: 3.695503
  type: 'test'
  ...
# Subtest: MG10 all material type identities are explicit
ok 90 - MG10 all material type identities are explicit
  ---
  duration_ms: 44.957156
  type: 'test'
  ...
# Subtest: MG11 multi-track previews retain original color and timing semantics
ok 91 - MG11 multi-track previews retain original color and timing semantics
  ---
  duration_ms: 10.146974
  type: 'test'
  ...
# Subtest: MG12 formatters still roundtrip fractional, triplet and boundary positions
ok 92 - MG12 formatters still roundtrip fractional, triplet and boundary positions
  ---
  duration_ms: 0.633337
  type: 'test'
  ...
# Subtest: MG13 empty selection never becomes a destructive palette-side operation
ok 93 - MG13 empty selection never becomes a destructive palette-side operation
  ---
  duration_ms: 10.166825
  type: 'test'
  ...
# Subtest: MG14 controls expose meaningful kind and dimension
ok 94 - MG14 controls expose meaningful kind and dimension
  ---
  duration_ms: 0.445039
  type: 'test'
  ...
# Subtest: MG15 only explicit button dimensions are accepted
ok 95 - MG15 only explicit button dimensions are accepted
  ---
  duration_ms: 0.387369
  type: 'test'
  ...
# Subtest: MG16 appearances preserve original preference keys
ok 96 - MG16 appearances preserve original preference keys
  ---
  duration_ms: 1.531769
  type: 'test'
  ...
# Subtest: MG17 shared geometry is not overridden by theme calibration
ok 97 - MG17 shared geometry is not overridden by theme calibration
  ---
  duration_ms: 0.433952
  type: 'test'
  ...
# Subtest: MG18 no transition-all or animated geometry anywhere in active styles
ok 98 - MG18 no transition-all or animated geometry anywhere in active styles
  ---
  duration_ms: 0.474665
  type: 'test'
  ...
# Subtest: MG19 reduced motion is available for system and user independently
ok 99 - MG19 reduced motion is available for system and user independently
  ---
  duration_ms: 0.243762
  type: 'test'
  ...
# Subtest: MG20 no music command depends on animationend or transitionend
ok 100 - MG20 no music command depends on animationend or transitionend
  ---
  duration_ms: 6.27047
  type: 'test'
  ...
# Subtest: MG21 no dangling tokens except values supplied by live key and slider elements
ok 101 - MG21 no dangling tokens except values supplied by live key and slider elements
  ---
  duration_ms: 0.770528
  type: 'test'
  ...
# Subtest: MG22 a single UI palette does not change catalog IDs or preset counts
ok 102 - MG22 a single UI palette does not change catalog IDs or preset counts
  ---
  duration_ms: 1.646132
  type: 'test'
  ...
# Subtest: MG23 viewport preferences and comparison styles never enter engineering schema
ok 103 - MG23 viewport preferences and comparison styles never enter engineering schema
  ---
  duration_ms: 7.173256
  type: 'test'
  ...
# Subtest: MG24 important notices remain live and actionable text
ok 104 - MG24 important notices remain live and actionable text
  ---
  duration_ms: 0.348066
  type: 'test'
  ...
# Subtest: MG31 legacy precision form and insertion menu belong to actual layout families
ok 105 - MG31 legacy precision form and insertion menu belong to actual layout families
  ---
  duration_ms: 0.235687
  type: 'test'
  ...
# Subtest: MG32 chord paint options and stale banners have named auxiliary layouts
ok 106 - MG32 chord paint options and stale banners have named auxiliary layouts
  ---
  duration_ms: 0.144779
  type: 'test'
  ...
# Subtest: Q01 late audition failure cannot stop a newer audition
ok 107 - Q01 late audition failure cannot stop a newer audition
  ---
  duration_ms: 5.413347
  type: 'test'
  ...
# Subtest: Q02 late normal-play failure cannot stop a newer audition
ok 108 - Q02 late normal-play failure cannot stop a newer audition
  ---
  duration_ms: 10.65847
  type: 'test'
  ...
# Subtest: Q03 changing loop range after paused audition clears preview ownership
ok 109 - Q03 changing loop range after paused audition clears preview ownership
  ---
  duration_ms: 2.062797
  type: 'test'
  ...
# Subtest: Q04 export current listening chooses preview document and scope
ok 110 - Q04 export current listening chooses preview document and scope
  ---
  duration_ms: 4.877399
  type: 'test'
  ...
# Subtest: Q05 baking performance must not confirm stale harmonic intent
ok 111 - Q05 baking performance must not confirm stale harmonic intent
  ---
  duration_ms: 65.46495
  type: 'test'
  ...
# Subtest: Q06 drum candidate invalidated when target drum mapping changes
ok 112 - Q06 drum candidate invalidated when target drum mapping changes
  ---
  duration_ms: 27.285288
  type: 'test'
  ...
# Subtest: Q07 generated bass dependency tracks source drum role mapping
ok 113 - Q07 generated bass dependency tracks source drum role mapping
  ---
  duration_ms: 29.971205
  type: 'test'
  ...
# Subtest: Q08 stopped pending playback does not surface a stale failure
ok 114 - Q08 stopped pending playback does not surface a stale failure
  ---
  duration_ms: 1.348893
  type: 'test'
  ...
# Subtest: Q09 current audition failure restores the original listening range
ok 115 - Q09 current audition failure restores the original listening range
  ---
  duration_ms: 2.310284
  type: 'test'
  ...
# Subtest: Q10 successive previews restore the pre-preview time exactly once
ok 116 - Q10 successive previews restore the pre-preview time exactly once
  ---
  duration_ms: 2.206252
  type: 'test'
  ...
# Subtest: Q11 changing range during playback listens to the document at the new range
ok 117 - Q11 changing range during playback listens to the document at the new range
  ---
  duration_ms: 1.532808
  type: 'test'
  ...
# Subtest: Q12 invalid playback range leaves existing transport untouched
ok 118 - Q12 invalid playback range leaves existing transport untouched
  ---
  duration_ms: 1.230085
  type: 'test'
  ...
# Subtest: Q13 export selection is an independent snapshot
ok 119 - Q13 export selection is an independent snapshot
  ---
  duration_ms: 1.401306
  type: 'test'
  ...
# Subtest: Q14 paused candidate retains current-export identity
ok 120 - Q14 paused candidate retains current-export identity
  ---
  duration_ms: 1.660934
  type: 'test'
  ...
# Subtest: Q15 saved mute and temporary solo remain separate in all export selection paths
ok 121 - Q15 saved mute and temporary solo remain separate in all export selection paths
  ---
  duration_ms: 6.66867
  type: 'test'
  ...
# Subtest: Q16 a confirmed harmony retains confirmation after a proved performance bake
ok 122 - Q16 a confirmed harmony retains confirmation after a proved performance bake
  ---
  duration_ms: 9.241612
  type: 'test'
  ...
# Subtest: Q17 baking a track with no harmonic intent never invents it
ok 123 - Q17 baking a track with no harmonic intent never invents it
  ---
  duration_ms: 0.205494
  type: 'test'
  ...
# Subtest: Q18 drum mapping fingerprint ignores name and same-role sound changes
ok 124 - Q18 drum mapping fingerprint ignores name and same-role sound changes
  ---
  duration_ms: 8.07966
  type: 'test'
  ...
# Subtest: Q19 mapping-aware source dependency survives project roundtrip
ok 125 - Q19 mapping-aware source dependency survives project roundtrip
  ---
  duration_ms: 18.120436
  type: 'test'
  ...
# Subtest: Q20 old generation sources without mapping hash remain readable
ok 126 - Q20 old generation sources without mapping hash remain readable
  ---
  duration_ms: 11.318857
  type: 'test'
  ...
# Subtest: Q21 copy preserves mapping-aware dependencies and performance identity
ok 127 - Q21 copy preserves mapping-aware dependencies and performance identity
  ---
  duration_ms: 23.860128
  type: 'test'
  ...
# Subtest: Q22 drum remapping preserves timing, identity, and rejects missing target roles
ok 128 - Q22 drum remapping preserves timing, identity, and rejects missing target roles
  ---
  duration_ms: 5.148217
  type: 'test'
  ...
# Subtest: Q23 closing a paused preview cancels its pending resume safely
ok 129 - Q23 closing a paused preview cancels its pending resume safely
  ---
  duration_ms: 0.4382
  type: 'test'
  ...
# Subtest: Q24 property matrix: all recipes remain valid and reproducible at 12 keys
ok 130 - Q24 property matrix: all recipes remain valid and reproducible at 12 keys
  ---
  duration_ms: 2709.81831
  type: 'test'
  ...
# Subtest: Q25 newly generated documents remain readable by the unchanged 1.7.1 v3 validator
ok 131 - Q25 newly generated documents remain readable by the unchanged 1.7.1 v3 validator
  ---
  duration_ms: 65.126949
  type: 'test'
  ...
# Subtest: Recovery: shrinking tail respects a placed empty block
ok 132 - Recovery: shrinking tail respects a placed empty block
  ---
  duration_ms: 5.995056
  type: 'test'
  ...
# Subtest: Recovery: tail trim only changes song length
ok 133 - Recovery: tail trim only changes song length
  ---
  duration_ms: 30.101929
  type: 'test'
  ...
# Subtest: Recovery: resize rejects invalid lengths
ok 134 - Recovery: resize rejects invalid lengths
  ---
  duration_ms: 3.287605
  type: 'test'
  ...
# Subtest: Recovery: time clear retains length and leaves an actual gap
ok 135 - Recovery: time clear retains length and leaves an actual gap
  ---
  duration_ms: 2.200734
  type: 'test'
  ...
# Subtest: Recovery: time delete shifts all tracks equally
ok 136 - Recovery: time delete shifts all tracks equally
  ---
  duration_ms: 3.063038
  type: 'test'
  ...
# Subtest: Recovery: deleting the whole time is rejected; clearing is allowed
ok 137 - Recovery: deleting the whole time is rejected; clearing is allowed
  ---
  duration_ms: 2.421293
  type: 'test'
  ...
# Subtest: Recovery: sliced harmonic intent follows notes
ok 138 - Recovery: sliced harmonic intent follows notes
  ---
  duration_ms: 3.014198
  type: 'test'
  ...
# Subtest: Recovery: stale harmonic intent remains stale after time operation
ok 139 - Recovery: stale harmonic intent remains stale after time operation
  ---
  duration_ms: 12.888054
  type: 'test'
  ...
# Subtest: Recovery: retained notes and empty ranges are clipped validly
ok 140 - Recovery: retained notes and empty ranges are clipped validly
  ---
  duration_ms: 1.8258
  type: 'test'
  ...
# Subtest: Recovery: shared patterns outside edited range retain originals
ok 141 - Recovery: shared patterns outside edited range retain originals
  ---
  duration_ms: 6.881611
  type: 'test'
  ...
# Subtest: Recovery: serialized time edits 0..1 remain valid
ok 142 - Recovery: serialized time edits 0..1 remain valid
  ---
  duration_ms: 1.762309
  type: 'test'
  ...
# Subtest: Recovery: serialized time edits 1..3 remain valid
ok 143 - Recovery: serialized time edits 1..3 remain valid
  ---
  duration_ms: 1.656311
  type: 'test'
  ...
# Subtest: Recovery: serialized time edits 2..7 remain valid
ok 144 - Recovery: serialized time edits 2..7 remain valid
  ---
  duration_ms: 1.185609
  type: 'test'
  ...
# Subtest: Recovery: serialized time edits 3..6 remain valid
ok 145 - Recovery: serialized time edits 3..6 remain valid
  ---
  duration_ms: 1.397529
  type: 'test'
  ...
# Subtest: Recovery: serialized time edits 4..8 remain valid
ok 146 - Recovery: serialized time edits 4..8 remain valid
  ---
  duration_ms: 6.562979
  type: 'test'
  ...
# Subtest: Recovery: serialized time edits 0..8 remain valid
ok 147 - Recovery: serialized time edits 0..8 remain valid
  ---
  duration_ms: 0.849312
  type: 'test'
  ...
# Subtest: Recovery: serialized time edits 8..16 remain valid
ok 148 - Recovery: serialized time edits 8..16 remain valid
  ---
  duration_ms: 3.857116
  type: 'test'
  ...
# Subtest: Recovery: serialized time edits 7..9 remain valid
ok 149 - Recovery: serialized time edits 7..9 remain valid
  ---
  duration_ms: 1.430881
  type: 'test'
  ...
# Subtest: Recovery: invalid ranges are atomic
ok 150 - Recovery: invalid ranges are atomic
  ---
  duration_ms: 1.269347
  type: 'test'
  ...
# Subtest: Recovery: song tick mapping covers before, within, after deletion
ok 151 - Recovery: song tick mapping covers before, within, after deletion
  ---
  duration_ms: 0.227577
  type: 'test'
  ...
# Subtest: Recovery: ordered batch adds independent clips preserving track sound
ok 152 - Recovery: ordered batch adds independent clips preserving track sound
  ---
  duration_ms: 14.85617
  type: 'test'
  ...
# Subtest: Recovery: parallel batch allocates tracks at same position
ok 153 - Recovery: parallel batch allocates tracks at same position
  ---
  duration_ms: 15.822949
  type: 'test'
  ...
# Subtest: Recovery: mixed-kind series batch is rejected
ok 154 - Recovery: mixed-kind series batch is rejected
  ---
  duration_ms: 0.303422
  type: 'test'
  ...
# Subtest: Recovery: batch overlap is rejected without partial writes
ok 155 - Recovery: batch overlap is rejected without partial writes
  ---
  duration_ms: 0.328766
  type: 'test'
  ...
# Subtest: Recovery: batch exceeding timeline is rejected
ok 156 - Recovery: batch exceeding timeline is rejected
  ---
  duration_ms: 0.253677
  type: 'test'
  ...
# Subtest: Recovery: existing source data unaffected by new UI
ok 157 - Recovery: existing source data unaffected by new UI
  ---
  duration_ms: 0.600022
  type: 'test'
  ...
# Subtest: F1 partial known harmony leaves a precise unresolved gap
ok 158 - F1 partial known harmony leaves a precise unresolved gap
  ---
  duration_ms: 6.9992
  type: 'test'
  ...
# Subtest: F1 replacing unknown content removes only interval intent
ok 159 - F1 replacing unknown content removes only interval intent
  ---
  duration_ms: 12.018648
  type: 'test'
  ...
# Subtest: F1 splits a harmonic event across both replacement boundaries
ok 160 - F1 splits a harmonic event across both replacement boundaries
  ---
  duration_ms: 1.98787
  type: 'test'
  ...
# Subtest: F1 pre-existing stale outside intent is never auto-confirmed
ok 161 - F1 pre-existing stale outside intent is never auto-confirmed
  ---
  duration_ms: 1.209446
  type: 'test'
  ...
# Subtest: F1 full replacement can replace stale intent with explicit new intent
ok 162 - F1 full replacement can replace stale intent with explicit new intent
  ---
  duration_ms: 3.041341
  type: 'test'
  ...
# Subtest: F1 shared instance becomes independent and keeps the original intact
ok 163 - F1 shared instance becomes independent and keeps the original intact
  ---
  duration_ms: 1.809104
  type: 'test'
  ...
# Subtest: F1 roundtrip preserves harmonic collage and note IDs
ok 164 - F1 roundtrip preserves harmonic collage and note IDs
  ---
  duration_ms: 3.667378
  type: 'test'
  ...
# Subtest: F1 crossing note split keeps two exterior pieces and retained identity
ok 165 - F1 crossing note split keeps two exterior pieces and retained identity
  ---
  duration_ms: 1.421143
  type: 'test'
  ...
# Subtest: F2 operation whitelist generate
ok 166 - F2 operation whitelist generate
  ---
  duration_ms: 0.82053
  type: 'test'
  ...
# Subtest: F2 operation whitelist rhythm
ok 167 - F2 operation whitelist rhythm
  ---
  duration_ms: 0.652181
  type: 'test'
  ...
# Subtest: F2 operation whitelist anchors
ok 168 - F2 operation whitelist anchors
  ---
  duration_ms: 0.164812
  type: 'test'
  ...
# Subtest: F2 operation whitelist ending
ok 169 - F2 operation whitelist ending
  ---
  duration_ms: 0.092365
  type: 'test'
  ...
# Subtest: F2 operation whitelist answer
ok 170 - F2 operation whitelist answer
  ---
  duration_ms: 0.060979
  type: 'test'
  ...
# Subtest: F2 100 seeds preserve full rhythm even with hostile hidden options
ok 171 - F2 100 seeds preserve full rhythm even with hostile hidden options
  ---
  duration_ms: 209.772832
  type: 'test'
  ...
# Subtest: F2 skeleton is respected only in compatible generation modes
ok 172 - F2 skeleton is respected only in compatible generation modes
  ---
  duration_ms: 7.263832
  type: 'test'
  ...
# Subtest: F2 all and range retention preserve rests, fields and IDs
ok 173 - F2 all and range retention preserve rests, fields and IDs
  ---
  duration_ms: 7.544731
  type: 'test'
  ...
# Subtest: F2 all retained content returns no fabricated duplicate candidates
ok 174 - F2 all retained content returns no fabricated duplicate candidates
  ---
  duration_ms: 6.86306
  type: 'test'
  ...
# Subtest: F2 16-bar partial generation preserves unselected half
ok 175 - F2 16-bar partial generation preserves unselected half
  ---
  duration_ms: 21.94252
  type: 'test'
  ...
# Subtest: F4 source harmony edit invalidates candidate
ok 176 - F4 source harmony edit invalidates candidate
  ---
  duration_ms: 13.999751
  type: 'test'
  ...
# Subtest: F4 unrelated project name and track name do not lock workbench
ok 177 - F4 unrelated project name and track name do not lock workbench
  ---
  duration_ms: 14.54473
  type: 'test'
  ...
# Subtest: F4 scale is tracked for diatonic candidates
ok 178 - F4 scale is tracked for diatonic candidates
  ---
  duration_ms: 14.216021
  type: 'test'
  ...
# Subtest: F4 project switch rejects candidate
ok 179 - F4 project switch rejects candidate
  ---
  duration_ms: 16.712349
  type: 'test'
  ...
# Subtest: F4 late ready after cancel cannot reactivate candidate
ok 180 - F4 late ready after cancel cannot reactivate candidate
  ---
  duration_ms: 8.804897
  type: 'test'
  ...
# Subtest: F4 parameter invalidation immediately empties candidates
ok 181 - F4 parameter invalidation immediately empties candidates
  ---
  duration_ms: 11.891313
  type: 'test'
  ...
# Subtest: F4 patch conflict is atomic and unrelated changes survive
ok 182 - F4 patch conflict is atomic and unrelated changes survive
  ---
  duration_ms: 0.146759
  type: 'test'
  ...
# Subtest: F5 shared time snapping grid 0
ok 183 - F5 shared time snapping grid 0
  ---
  duration_ms: 0.102486
  type: 'test'
  ...
# Subtest: F5 shared time snapping grid 80
ok 184 - F5 shared time snapping grid 80
  ---
  duration_ms: 0.043303
  type: 'test'
  ...
# Subtest: F5 shared time snapping grid 120
ok 185 - F5 shared time snapping grid 120
  ---
  duration_ms: 0.042887
  type: 'test'
  ...
# Subtest: F5 shared time snapping grid 160
ok 186 - F5 shared time snapping grid 160
  ---
  duration_ms: 0.041607
  type: 'test'
  ...
# Subtest: F5 shared time snapping grid 240
ok 187 - F5 shared time snapping grid 240
  ---
  duration_ms: 0.089696
  type: 'test'
  ...
# Subtest: F5 shared time snapping grid 320
ok 188 - F5 shared time snapping grid 320
  ---
  duration_ms: 0.040026
  type: 'test'
  ...
# Subtest: F5 shared time snapping grid 480
ok 189 - F5 shared time snapping grid 480
  ---
  duration_ms: 0.033738
  type: 'test'
  ...
# Subtest: support: each duration and pattern length obeys shared contract
ok 190 - support: each duration and pattern length obeys shared contract
  ---
  duration_ms: 12.651901
  type: 'test'
  ...
# Subtest: support: track duplication preserves internal sharing and isolates originals
ok 191 - support: track duplication preserves internal sharing and isolates originals
  ---
  duration_ms: 0.644417
  type: 'test'
  ...
# Subtest: support: accompaniment sees sustained references across the left boundary
ok 192 - support: accompaniment sees sustained references across the left boundary
  ---
  duration_ms: 0.37205
  type: 'test'
  ...
# Subtest: support: bass pitch and density are genuine parameters
ok 193 - support: bass pitch and density are genuine parameters
  ---
  duration_ms: 5.990011
  type: 'test'
  ...
# Subtest: support: eight recipes compile and roundtrip with full harmonic sources
ok 194 - support: eight recipes compile and roundtrip with full harmonic sources
  ---
  duration_ms: 92.723125
  type: 'test'
  ...
# Subtest: support: reordered tracks do not alter group generation music
ok 195 - support: reordered tracks do not alter group generation music
  ---
  duration_ms: 16.629755
  type: 'test'
  ...
# Subtest: support: 100 seeds are deterministic and yield distinct musical candidates
ok 196 - support: 100 seeds are deterministic and yield distinct musical candidates
  ---
  duration_ms: 793.159854
  type: 'test'
  ...
# Subtest: built-in templates and 47 presets come from validated catalog configuration
ok 197 - built-in templates and 47 presets come from validated catalog configuration
  ---
  duration_ms: 50.472779
  type: 'test'
  ...
# Subtest: example pack installs one sound, nine-row kit, three templates, and a real WAV
ok 198 - example pack installs one sound, nine-row kit, three templates, and a real WAV
  ---
  duration_ms: 3.485674
  type: 'test'
  ...
# Subtest: reimporting identical material is idempotent
ok 199 - reimporting identical material is idempotent
  ---
  duration_ms: 29.612909
  type: 'test'
  ...
# Subtest: changed library id cannot replace sound already used in a project
ok 200 - changed library id cannot replace sound already used in a project
  ---
  duration_ms: 18.663202
  type: 'test'
  ...
# Subtest: unknown engine and malicious data fail before any library mutation
ok 201 - unknown engine and malicious data fail before any library mutation
  ---
  duration_ms: 47.751035
  type: 'test'
  ...
# Subtest: missing dependency is reported atomically
ok 202 - missing dependency is reported atomically
  ---
  duration_ms: 0.453437
  type: 'test'
  ...
# Subtest: duplicate ids, unsafe ids, invalid timing, and oversized rows rejected
ok 203 - duplicate ids, unsafe ids, invalid timing, and oversized rows rejected
  ---
  duration_ms: 14.691306
  type: 'test'
  ...
# Subtest: custom sound applied to new track is pinned in project, original stays unchanged
ok 204 - custom sound applied to new track is pinned in project, original stays unchanged
  ---
  duration_ms: 6.605229
  type: 'test'
  ...
# Subtest: drum kit application pins sample and exposes ninth row for editing
ok 205 - drum kit application pins sample and exposes ninth row for editing
  ---
  duration_ms: 6.943892
  type: 'test'
  ...
# Subtest: two uses of a template create distinct independent pattern and note ids
ok 206 - two uses of a template create distinct independent pattern and note ids
  ---
  duration_ms: 1.76283
  type: 'test'
  ...
# Subtest: new insertion validates collisions without altering original arrangement
ok 207 - new insertion validates collisions without altering original arrangement
  ---
  duration_ms: 0.981985
  type: 'test'
  ...
# Subtest: template replacement retains shared references and repeats a shorter template
ok 208 - template replacement retains shared references and repeats a shorter template
  ---
  duration_ms: 1.269991
  type: 'test'
  ...
# Subtest: oversized replacement never truncates or shifts existing clips silently
ok 209 - oversized replacement never truncates or shifts existing clips silently
  ---
  duration_ms: 0.535854
  type: 'test'
  ...
# Subtest: existing track retains sound unless explicit sound replacement requested
ok 210 - existing track retains sound unless explicit sound replacement requested
  ---
  duration_ms: 2.075991
  type: 'test'
  ...
# Subtest: template pitch conversion is explicit; source template and global reference retained
ok 211 - template pitch conversion is explicit; source template and global reference retained
  ---
  duration_ms: 1.124054
  type: 'test'
  ...
# Subtest: whole-song template regenerates identity and embeds custom dependencies
ok 212 - whole-song template regenerates identity and embeds custom dependencies
  ---
  duration_ms: 11.080857
  type: 'test'
  ...
# Subtest: saved project opens in clean runtime with custom sound and drum samples, without imported library
ok 213 - saved project opens in clean runtime with custom sound and drum samples, without imported library
  ---
  duration_ms: 60.722826
  type: 'test'
  ...
# Subtest: missing sound opens with explicit diagnostic and never falls back to piano
ok 214 - missing sound opens with explicit diagnostic and never falls back to piano
  ---
  duration_ms: 0.551901
  type: 'test'
  ...
# Subtest: missing sample stays editable and is blocked only for an audible target
ok 215 - missing sample stays editable and is blocked only for an audible target
  ---
  duration_ms: 1.979542
  type: 'test'
  ...
# Subtest: track and note ids cannot escape HTML attributes in imported projects
ok 216 - track and note ids cannot escape HTML attributes in imported projects
  ---
  duration_ms: 0.294987
  type: 'test'
  ...
# Subtest: a project cannot silently shadow a built-in kit
ok 217 - a project cannot silently shadow a built-in kit
  ---
  duration_ms: 0.368566
  type: 'test'
  ...
# Subtest: opening a kit with missing sample preserves repairable content and reports it
ok 218 - opening a kit with missing sample preserves repairable content and reports it
  ---
  duration_ms: 0.562579
  type: 'test'
  ...
# Subtest: catalog refuses a drum pattern with melodic engine atomically
ok 219 - catalog refuses a drum pattern with melodic engine atomically
  ---
  duration_ms: 11.339811
  type: 'test'
  ...
# Subtest: timebase: a 4/4 bar contains sixteen 240-tick cells
ok 220 - timebase: a 4/4 bar contains sixteen 240-tick cells
  ---
  duration_ms: 1.033265
  type: 'test'
  ...
# Subtest: original demo validates and has four tracks, eight bars
ok 221 - original demo validates and has four tracks, eight bars
  ---
  duration_ms: 7.811877
  type: 'test'
  ...
# Subtest: blank project is playable, valid, and contains one empty pattern
ok 222 - blank project is playable, valid, and contains one empty pattern
  ---
  duration_ms: 0.440114
  type: 'test'
  ...
# Subtest: preset library retains 26 legacy definitions and adds 21 distinct instrument presets
ok 223 - preset library retains 26 legacy definitions and adds 21 distinct instrument presets
  ---
  duration_ms: 0.241543
  type: 'test'
  ...
# Subtest: MIDI pitch naming uses C4 = 60
ok 224 - MIDI pitch naming uses C4 = 60
  ---
  duration_ms: 0.117585
  type: 'test'
  ...
# Subtest: scale membership and nearest-pitch snapping
ok 225 - scale membership and nearest-pitch snapping
  ---
  duration_ms: 0.321899
  type: 'test'
  ...
# Subtest: chord input expands into independent editable notes
ok 226 - chord input expands into independent editable notes
  ---
  duration_ms: 1.052362
  type: 'test'
  ...
# Subtest: chord input never exceeds MIDI pitch 127
ok 227 - chord input never exceeds MIDI pitch 127
  ---
  duration_ms: 0.134641
  type: 'test'
  ...
# Subtest: time reversal accounts for the full note duration
ok 228 - time reversal accounts for the full note duration
  ---
  duration_ms: 0.415389
  type: 'test'
  ...
# Subtest: applying time reversal twice restores the original
ok 229 - applying time reversal twice restores the original
  ---
  duration_ms: 0.571335
  type: 'test'
  ...
# Subtest: pitch reflection is centred on the first selected note
ok 230 - pitch reflection is centred on the first selected note
  ---
  duration_ms: 0.314595
  type: 'test'
  ...
# Subtest: scale-locked reflection yields in-scale pitches
ok 231 - scale-locked reflection yields in-scale pitches
  ---
  duration_ms: 0.139154
  type: 'test'
  ...
# Subtest: octave movement clamps at MIDI endpoints
ok 232 - octave movement clamps at MIDI endpoints
  ---
  duration_ms: 0.152171
  type: 'test'
  ...
# Subtest: circular shift wraps starts and clips tails at pattern end
ok 233 - circular shift wraps starts and clips tails at pattern end
  ---
  duration_ms: 0.098109
  type: 'test'
  ...
# Subtest: doubling creates fresh ids and a second copy one pattern later
ok 234 - doubling creates fresh ids and a second copy one pattern later
  ---
  duration_ms: 0.125946
  type: 'test'
  ...
# Subtest: variation copy is independent of original
ok 235 - variation copy is independent of original
  ---
  duration_ms: 0.138489
  type: 'test'
  ...
# Subtest: compilation respects mute and solo
ok 236 - compilation respects mute and solo
  ---
  duration_ms: 0.778694
  type: 'test'
  ...
# Subtest: compiling a single pattern has its own duration and no other tracks
ok 237 - compiling a single pattern has its own duration and no other tracks
  ---
  duration_ms: 0.492058
  type: 'test'
  ...
# Subtest: repeated clips share musical content at distinct positions
ok 238 - repeated clips share musical content at distinct positions
  ---
  duration_ms: 0.195139
  type: 'test'
  ...
# Subtest: arpeggiator unfolds simultaneous notes without mutating source
ok 239 - arpeggiator unfolds simultaneous notes without mutating source
  ---
  duration_ms: 0.32292
  type: 'test'
  ...
# Subtest: descending and bouncing arpeggio orders
ok 240 - descending and bouncing arpeggio orders
  ---
  duration_ms: 0.654164
  type: 'test'
  ...
# Subtest: arpeggio leaves single-note phrases unchanged
ok 241 - arpeggio leaves single-note phrases unchanged
  ---
  duration_ms: 0.148748
  type: 'test'
  ...
# Subtest: humanization is deterministic and within pattern bounds
ok 242 - humanization is deterministic and within pattern bounds
  ---
  duration_ms: 0.595034
  type: 'test'
  ...
# Subtest: swing delays alternate sixteenth cells, preserving raw note data
ok 243 - swing delays alternate sixteenth cells, preserving raw note data
  ---
  duration_ms: 0.714229
  type: 'test'
  ...
# Subtest: drum pipeline preserves drum keys and bypasses arpeggio
ok 244 - drum pipeline preserves drum keys and bypasses arpeggio
  ---
  duration_ms: 0.260254
  type: 'test'
  ...
# Subtest: placement rejects overlaps and supports moving its own clip
ok 245 - placement rejects overlaps and supports moving its own clip
  ---
  duration_ms: 0.429803
  type: 'test'
  ...
# Subtest: validation rejects version, tempo and track-count corruption
ok 246 - validation rejects version, tempo and track-count corruption
  ---
  duration_ms: 0.708687
  type: 'test'
  ...
# Subtest: validation rejects invalid, out-of-bounds and duplicate note ids
ok 247 - validation rejects invalid, out-of-bounds and duplicate note ids
  ---
  duration_ms: 2.091562
  type: 'test'
  ...
# Subtest: validation rejects overlapping arrangement clips
ok 248 - validation rejects overlapping arrangement clips
  ---
  duration_ms: 0.31559
  type: 'test'
  ...
# Subtest: v2 preserves missing sample reference for explicit repair
ok 249 - v2 preserves missing sample reference for explicit repair
  ---
  duration_ms: 0.320406
  type: 'test'
  ...
# Subtest: maximum track count and project length retain valid structure
ok 250 - maximum track count and project length retain valid structure
  ---
  duration_ms: 16.135301
  type: 'test'
  ...
# Subtest: project JSON round trip preserves complete musical data
ok 251 - project JSON round trip preserves complete musical data
  ---
  duration_ms: 1.572453
  type: 'test'
  ...
# Subtest: MIDI has a valid format-1 header and 960 PPQ division
ok 252 - MIDI has a valid format-1 header and 960 PPQ division
  ---
  duration_ms: 1.016219
  type: 'test'
  ...
# Subtest: MIDI timing and note events match compiled musical events
ok 253 - MIDI timing and note events match compiled musical events
  ---
  duration_ms: 3.905696
  type: 'test'
  ...
# Subtest: MIDI reserves channel 10 for percussion and encodes tempo
ok 254 - MIDI reserves channel 10 for percussion and encodes tempo
  ---
  duration_ms: 1.904515
  type: 'test'
  ...
# Subtest: MIDI export includes note pipeline and swing
ok 255 - MIDI export includes note pipeline and swing
  ---
  duration_ms: 0.395883
  type: 'test'
  ...
# Subtest: MIDI export explicitly rejects more than 15 melodic channels
ok 256 - MIDI export explicitly rejects more than 15 melodic channels
  ---
  duration_ms: 0.407926
  type: 'test'
  ...
# Subtest: 16-bit WAV header is stereo, interleaved, and correctly sized
ok 257 - 16-bit WAV header is stereo, interleaved, and correctly sized
  ---
  duration_ms: 0.358625
  type: 'test'
  ...
# Subtest: WAV scaling and clipping avoid int16 overflow
ok 258 - WAV scaling and clipping avoid int16 overflow
  ---
  duration_ms: 0.106366
  type: 'test'
  ...
# Subtest: custom instruments can register a new renderer
ok 259 - custom instruments can register a new renderer
  ---
  duration_ms: 0.140369
  type: 'test'
  ...
# Subtest: fixed viewport is a window, never forced to include distant notes
ok 260 - fixed viewport is a window, never forced to include distant notes
  ---
  duration_ms: 3.558614
  type: 'test'
  ...
# Subtest: simplified rows retain chromatic notes within view without rewriting data
ok 261 - simplified rows retain chromatic notes within view without rewriting data
  ---
  duration_ms: 1.173451
  type: 'test'
  ...
# Subtest: view pan zoom and fit leave compiled music untouched
ok 262 - view pan zoom and fit leave compiled music untouched
  ---
  duration_ms: 1.335573
  type: 'test'
  ...
# Subtest: semitone mirror does not depend on visible scale or reference key
ok 263 - semitone mirror does not depend on visible scale or reference key
  ---
  duration_ms: 0.292669
  type: 'test'
  ...
# Subtest: diatonic reflection uses degree distance and is reversible for in-scale data
ok 264 - diatonic reflection uses degree distance and is reversible for in-scale data
  ---
  duration_ms: 0.419076
  type: 'test'
  ...
# Subtest: diatonic reflection refuses to silently alter chromatic notes
ok 265 - diatonic reflection refuses to silently alter chromatic notes
  ---
  duration_ms: 0.839828
  type: 'test'
  ...
# Subtest: explicit transpose changes pitches while preserving times, ids and intervals
ok 266 - explicit transpose changes pitches while preserving times, ids and intervals
  ---
  duration_ms: 0.365444
  type: 'test'
  ...
# Subtest: key transpose uses nearest direction and scale adaptation is explicit
ok 267 - key transpose uses nearest direction and scale adaptation is explicit
  ---
  duration_ms: 0.481476
  type: 'test'
  ...
# Subtest: invalid pitch and incompatible scales reject without partially changing source
ok 268 - invalid pitch and incompatible scales reject without partially changing source
  ---
  duration_ms: 0.568189
  type: 'test'
  ...
# Subtest: candidate selection changes only selected notes, preserves reference and document
ok 269 - candidate selection changes only selected notes, preserves reference and document
  ---
  duration_ms: 0.903378
  type: 'test'
  ...
# Subtest: isolated pattern ignores project mute and unrelated temporary solo
ok 270 - isolated pattern ignores project mute and unrelated temporary solo
  ---
  duration_ms: 119.021173
  type: 'test'
  ...
# Subtest: bar audition clips and carries sustained notes at its local zero
ok 271 - bar audition clips and carries sustained notes at its local zero
  ---
  duration_ms: 14.651981
  type: 'test'
  ...
# Subtest: selected tracks isolate two tracks, independent from mute and solo
ok 272 - selected tracks isolate two tracks, independent from mute and solo
  ---
  duration_ms: 1.509579
  type: 'test'
  ...
# Subtest: invalid local scope fails explicitly rather than quietly playing all
ok 273 - invalid local scope fails explicitly rather than quietly playing all
  ---
  duration_ms: 0.896296
  type: 'test'
  ...
# Subtest: playback controller follows editor pattern, exits local, keeps full song across workspaces
ok 274 - playback controller follows editor pattern, exits local, keeps full song across workspaces
  ---
  duration_ms: 8.620568
  type: 'test'
  ...
# Subtest: whole-song export ignores temporary solo but respects project mute
ok 275 - whole-song export ignores temporary solo but respects project mute
  ---
  duration_ms: 31.380392
  type: 'test'
  ...
# Subtest: candidate audition does not mutate document, and stop restores original target
ok 276 - candidate audition does not mutate document, and stop restores original target
  ---
  duration_ms: 12.289155
  type: 'test'
  ...
# Subtest: stop during pending audio initialization invalidates a main start
ok 277 - stop during pending audio initialization invalidates a main start
  ---
  duration_ms: 0.694152
  type: 'test'
  ...
# Subtest: stop during pending note preview invalidates preview generation
ok 278 - stop during pending note preview invalidates preview generation
  ---
  duration_ms: 0.741728
  type: 'test'
  ...
# Subtest: fingerprint has semantic skins, transparency fallback, and touch sizing in shared manifest
ok 279 - fingerprint has semantic skins, transparency fallback, and touch sizing in shared manifest
  ---
  duration_ms: 2.588747
  type: 'test'
  ...
# Subtest: new presets use seven different synthesis families, legacy 26 remain addressable
ok 280 - new presets use seven different synthesis families, legacy 26 remain addressable
  ---
  duration_ms: 0.391279
  type: 'test'
  ...
# Subtest: 24 harmonic recipes are independently named and fit the supported clip lengths
ok 281 - 24 harmonic recipes are independently named and fit the supported clip lengths
  ---
  duration_ms: 0.199072
  type: 'test'
  ...
# Subtest: every progression in twelve keys, three voicings and four rhythms produces valid ordinary notes
ok 282 - every progression in twelve keys, three voicings and four rhythms produces valid ordinary notes
  ---
  duration_ms: 410.576629
  type: 'test'
  ...
# Subtest: voicing preserves chord pitch classes and never invents a scale correction
ok 283 - voicing preserves chord pitch classes and never invents a scale correction
  ---
  duration_ms: 12.836316
  type: 'test'
  ...
# Subtest: minor dominant retains raised leading tone; half diminished chord has flat fifth
ok 284 - minor dominant retains raised leading tone; half diminished chord has flat fifth
  ---
  duration_ms: 0.212899
  type: 'test'
  ...
# Subtest: a smooth four-chord loop moves less than root-position in the standard pop example
ok 285 - a smooth four-chord loop moves less than root-position in the standard pop example
  ---
  duration_ms: 0.294368
  type: 'test'
  ...
# Subtest: progression invalid options are rejected rather than silently changing pitches
ok 286 - progression invalid options are rejected rather than silently changing pitches
  ---
  duration_ms: 0.289779
  type: 'test'
  ...
# Subtest: generated chord pattern can be applied, independently edited, saved and reopened
ok 287 - generated chord pattern can be applied, independently edited, saved and reopened
  ---
  duration_ms: 10.164299
  type: 'test'
  ...
# Subtest: short existing clip refuses long harmonic replacement and preserves shared references
ok 288 - short existing clip refuses long harmonic replacement and preserves shared references
  ---
  duration_ms: 1.497874
  type: 'test'
  ...
# Subtest: new catalog has exact starter roles and all old seven template ids still exist
ok 289 - new catalog has exact starter roles and all old seven template ids still exist
  ---
  duration_ms: 2.386287
  type: 'test'
  ...
# Subtest: every template can be applied to a fresh song, compiled, serialized and reopened
ok 290 - every template can be applied to a fresh song, compiled, serialized and reopened
  ---
  duration_ms: 95.784717
  type: 'test'
  ...
# Subtest: new drum templates use 16-cell grid, distinguish velocities, and contain no duplicate hit
ok 291 - new drum templates use 16-cell grid, distinguish velocities, and contain no duplicate hit
  ---
  duration_ms: 2.373497
  type: 'test'
  ...
# Subtest: starter songs have matching four tracks, eight bars, no overlapping clips
ok 292 - starter songs have matching four tracks, eight bars, no overlapping clips
  ---
  duration_ms: 12.851192
  type: 'test'
  ...
# Subtest: multi-sample registry validates zones before importing anything
ok 293 - multi-sample registry validates zones before importing anything
  ---
  duration_ms: 1.012767
  type: 'test'
  ...
# Subtest: multi-sample missing dependency cannot partially install a sound
ok 294 - multi-sample missing dependency cannot partially install a sound
  ---
  duration_ms: 0.310302
  type: 'test'
  ...
# Subtest: multi-sample assets pin to a project and survive a clean runtime without its library
ok 295 - multi-sample assets pin to a project and survive a clean runtime without its library
  ---
  duration_ms: 50.638553
  type: 'test'
  ...
# Subtest: missing embedded multi-sample remains openable and repairable without silent fallback
ok 296 - missing embedded multi-sample remains openable and repairable without silent fallback
  ---
  duration_ms: 0.480987
  type: 'test'
  ...
# Subtest: R1: migrates v1 without mutating source or musical notes
ok 297 - R1: migrates v1 without mutating source or musical notes
  ---
  duration_ms: 5.366191
  type: 'test'
  ...
# Subtest: R1: view-only browsing does not change project or compiled notes
ok 298 - R1: view-only browsing does not change project or compiled notes
  ---
  duration_ms: 8.46877
  type: 'test'
  ...
# Subtest: R1: all clip openings resolve coherent track/pattern/instance
ok 299 - R1: all clip openings resolve coherent track/pattern/instance
  ---
  duration_ms: 0.956199
  type: 'test'
  ...
# Subtest: R1: deleted selections and monitoring ids reconcile
ok 300 - R1: deleted selections and monitoring ids reconcile
  ---
  duration_ms: 0.688467
  type: 'test'
  ...
# Subtest: R1: local scope and labels use actual pattern length
ok 301 - R1: local scope and labels use actual pattern length
  ---
  duration_ms: 1.057108
  type: 'test'
  ...
# Subtest: ST01 new library has bounded versions, unique IDs and valid definitions
ok 302 - ST01 new library has bounded versions, unique IDs and valid definitions
  ---
  duration_ms: 20.672233
  type: 'test'
  ...
# Subtest: ST02 every new preset roundtrips with exact synthesis definition
ok 303 - ST02 every new preset roundtrips with exact synthesis definition
  ---
  duration_ms: 20.909162
  type: 'test'
  ...
# Subtest: ST03 invalid DSP values and missing synth definitions are rejected
ok 304 - ST03 invalid DSP values and missing synth definitions are rejected
  ---
  duration_ms: 28.657081
  type: 'test'
  ...
# Subtest: ST04 FM operator topology is data-only and bounded
ok 305 - ST04 FM operator topology is data-only and bounded
  ---
  duration_ms: 11.49904
  type: 'test'
  ...
# Subtest: ST05 built-in source files retained byte-for-byte for 47 legacy presets
ok 306 - ST05 built-in source files retained byte-for-byte for 47 legacy presets
  ---
  duration_ms: 4.013933
  type: 'test'
  ...
# Subtest: ST06 new library is not an imported user pack
ok 307 - ST06 new library is not an imported user pack
  ---
  duration_ms: 6.601577
  type: 'test'
  ...
# Subtest: ST07 all sound IDs have a discoverable family, with older variants explicit
ok 308 - ST07 all sound IDs have a discoverable family, with older variants explicit
  ---
  duration_ms: 5.499785
  type: 'test'
  ...
# Subtest: ST08 family classification and query do not mutate legacy music
ok 309 - ST08 family classification and query do not mutate legacy music
  ---
  duration_ms: 53.511585
  type: 'test'
  ...
# Subtest: ST09 18 combination variants have distinct musical fields
ok 310 - ST09 18 combination variants have distinct musical fields
  ---
  duration_ms: 138.711431
  type: 'test'
  ...
# Subtest: ST10 every combination has correct eight-bar harmony and a blank writing track
ok 311 - ST10 every combination has correct eight-bar harmony and a blank writing track
  ---
  duration_ms: 140.29524
  type: 'test'
  ...
# Subtest: ST11 ending versions resolve to the actual tonic harmony
ok 312 - ST11 ending versions resolve to the actual tonic harmony
  ---
  duration_ms: 34.43047
  type: 'test'
  ...
# Subtest: ST12 applying a combination preserves old tracks, tempo unless explicit, and output range
ok 313 - ST12 applying a combination preserves old tracks, tempo unless explicit, and output range
  ---
  duration_ms: 43.211976
  type: 'test'
  ...
# Subtest: ST13 wrong placement and capacity failures preserve original
ok 314 - ST13 wrong placement and capacity failures preserve original
  ---
  duration_ms: 4.216506
  type: 'test'
  ...
# Subtest: ST14 performed timing is not swung or humanized twice
ok 315 - ST14 performed timing is not swung or humanized twice
  ---
  duration_ms: 2.849555
  type: 'test'
  ...
# Subtest: ST15 ordinary pre-existing notes retain global Swing
ok 316 - ST15 ordinary pre-existing notes retain global Swing
  ---
  duration_ms: 0.281709
  type: 'test'
  ...
# Subtest: ST16 source-derived flags and attribution survive local placement and save
ok 317 - ST16 source-derived flags and attribution survive local placement and save
  ---
  duration_ms: 3.032947
  type: 'test'
  ...
# Subtest: ST17 importing performed source preserves exact onset and velocity
ok 318 - ST17 importing performed source preserves exact onset and velocity
  ---
  duration_ms: 2.30179
  type: 'test'
  ...
# Subtest: ST18 original selected MIDI bytes match independent Git blob receipts
ok 319 - ST18 original selected MIDI bytes match independent Git blob receipts
  ---
  duration_ms: 1.555511
  type: 'test'
  ...
# Subtest: ST19 sound replacement changes neither old note material nor other tracks
ok 320 - ST19 sound replacement changes neither old note material nor other tracks
  ---
  duration_ms: 15.593179
  type: 'test'
  ...
# Subtest: ST20 drum sound adoption maps a custom kit by role and preserves musical identity
ok 321 - ST20 drum sound adoption maps a custom kit by role and preserves musical identity
  ---
  duration_ms: 11.086245
  type: 'test'
  ...
# Subtest: ST21 related voices retain old IDs, exact renderer delegation is available
ok 322 - ST21 related voices retain old IDs, exact renderer delegation is available
  ---
  duration_ms: 0.316015
  type: 'test'
  ...
# Subtest: ST22 source authoring notes and normalized presets remain read-only during combination generation
ok 323 - ST22 source authoring notes and normalized presets remain read-only during combination generation
  ---
  duration_ms: 84.862114
  type: 'test'
  ...
# Subtest: ST23 reference base key does not rewrite existing compositions
ok 324 - ST23 reference base key does not rewrite existing compositions
  ---
  duration_ms: 7.474448
  type: 'test'
  ...
# Subtest: ST24 keyboard platform mappings are separate data
ok 325 - ST24 keyboard platform mappings are separate data
  ---
  duration_ms: 0.459881
  type: 'test'
  ...
# Subtest: ST25 IME, text, prevented events and unrelated modifiers are isolated
ok 326 - ST25 IME, text, prevented events and unrelated modifiers are isolated
  ---
  duration_ms: 0.330414
  type: 'test'
  ...
# Subtest: ST26 save is a command even when a text field has focus
ok 327 - ST26 save is a command even when a text field has focus
  ---
  duration_ms: 0.228726
  type: 'test'
  ...
# Subtest: ST27 deletion maps Mac backward/forward and Windows delete without conflating select
ok 328 - ST27 deletion maps Mac backward/forward and Windows delete without conflating select
  ---
  duration_ms: 0.128367
  type: 'test'
  ...
# Subtest: ST28 cut notes captures clipboard and deletes in one pure transaction
ok 329 - ST28 cut notes captures clipboard and deletes in one pure transaction
  ---
  duration_ms: 11.546019
  type: 'test'
  ...
# Subtest: ST29 cut interval preserves rests and splits boundary notes consistently
ok 330 - ST29 cut interval preserves rests and splits boundary notes consistently
  ---
  duration_ms: 1.105439
  type: 'test'
  ...
# Subtest: ST30 cut last track refuses before deleting or replacing clipboard
ok 331 - ST30 cut last track refuses before deleting or replacing clipboard
  ---
  duration_ms: 0.318693
  type: 'test'
  ...
# Subtest: ST31 clipboard envelope safely roundtrips data and rejects reserved keys
ok 332 - ST31 clipboard envelope safely roundtrips data and rejects reserved keys
  ---
  duration_ms: 0.610181
  type: 'test'
  ...
# Subtest: ST32 patch/family lookup has no dependency on ID rewriting
ok 333 - ST32 patch/family lookup has no dependency on ID rewriting
  ---
  duration_ms: 14.286588
  type: 'test'
  ...
# Subtest: ST33 old no-performed projects compile identically under previous model
ok 334 - ST33 old no-performed projects compile identically under previous model
  ---
  duration_ms: 127.327621
  type: 'test'
  ...
# Subtest: ST34 optional performed marker rejects non-boolean data
ok 335 - ST34 optional performed marker rejects non-boolean data
  ---
  duration_ms: 7.840428
  type: 'test'
  ...
# Subtest: ST35 advanced own sound is data, serialized independently of its source preset
ok 336 - ST35 advanced own sound is data, serialized independently of its source preset
  ---
  duration_ms: 0.795248
  type: 'test'
  ...
# Subtest: ST36 native curve conversion stays finite and ordered
ok 337 - ST36 native curve conversion stays finite and ordered
  ---
  duration_ms: 0.238611
  type: 'test'
  ...
# Subtest: ST37 platform override still works when persistence is unavailable
ok 338 - ST37 platform override still works when persistence is unavailable
  ---
  duration_ms: 33.647576
  type: 'test'
  ...
# Subtest: ST38 bundled pack count matches the visible imported pack list
ok 339 - ST38 bundled pack count matches the visible imported pack list
  ---
  duration_ms: 24.922976
  type: 'test'
  ...
# Subtest: ST39 source metadata survives a derived template import and placement
ok 340 - ST39 source metadata survives a derived template import and placement
  ---
  duration_ms: 10.356108
  type: 'test'
  ...
# Subtest: ST40 invalid source metadata is rejected before library mutation
ok 341 - ST40 invalid source metadata is rejected before library mutation
  ---
  duration_ms: 0.851164
  type: 'test'
  ...
# Subtest: ST41 ending variants preserve the first seven bars of their melodic material
ok 342 - ST41 ending variants preserve the first seven bars of their melodic material
  ---
  duration_ms: 80.965088
  type: 'test'
  ...
# Subtest: ST42 assembled human-rhythm combinations retain both excerpt attributions
ok 343 - ST42 assembled human-rhythm combinations retain both excerpt attributions
  ---
  duration_ms: 14.347952
  type: 'test'
  ...
# Subtest: W01 new project opens one arrangement workspace with closed lower editor
ok 344 - W01 new project opens one arrangement workspace with closed lower editor
  ---
  duration_ms: 22.204992
  type: 'test'
  ...
# Subtest: W02 opening a block shows its content without a second page
ok 345 - W02 opening a block shows its content without a second page
  ---
  duration_ms: 24.112375
  type: 'test'
  ...
# Subtest: W03 no active target never falls back to deleting opened content
ok 346 - W03 no active target never falls back to deleting opened content
  ---
  duration_ms: 17.089112
  type: 'test'
  ...
# Subtest: W04 selecting track leaves opened pattern and cursor unchanged
ok 347 - W04 selecting track leaves opened pattern and cursor unchanged
  ---
  duration_ms: 19.271885
  type: 'test'
  ...
# Subtest: W05 note Copy never moves edit cursor or changes the project
ok 348 - W05 note Copy never moves edit cursor or changes the project
  ---
  duration_ms: 19.124243
  type: 'test'
  ...
# Subtest: W06 note Paste uses explicit edit cursor, independent of transport fields
ok 349 - W06 note Paste uses explicit edit cursor, independent of transport fields
  ---
  duration_ms: 24.705339
  type: 'test'
  ...
# Subtest: W07 overflow paste is rejected without clamp or mutation
ok 350 - W07 overflow paste is rejected without clamp or mutation
  ---
  duration_ms: 25.303493
  type: 'test'
  ...
# Subtest: W08 duplicate notes is immediate and independent of the clipboard
ok 351 - W08 duplicate notes is immediate and independent of the clipboard
  ---
  duration_ms: 17.664198
  type: 'test'
  ...
# Subtest: W09 Delete notes does not remove block instances
ok 352 - W09 Delete notes does not remove block instances
  ---
  duration_ms: 30.185903
  type: 'test'
  ...
# Subtest: W10 Delete block removes only occurrence and keeps shared pattern
ok 353 - W10 Delete block removes only occurrence and keeps shared pattern
  ---
  duration_ms: 35.208314
  type: 'test'
  ...
# Subtest: W11 stale selection ids cannot delete a fallback block
ok 354 - W11 stale selection ids cannot delete a fallback block
  ---
  duration_ms: 22.356116
  type: 'test'
  ...
# Subtest: W12 music block duplicate creates independent pattern and ids
ok 355 - W12 music block duplicate creates independent pattern and ids
  ---
  duration_ms: 25.82883
  type: 'test'
  ...
# Subtest: W13 associated repeat keeps shared content explicit
ok 356 - W13 associated repeat keeps shared content explicit
  ---
  duration_ms: 25.894743
  type: 'test'
  ...
# Subtest: W14 unlink isolates only selected shared occurrence
ok 357 - W14 unlink isolates only selected shared occurrence
  ---
  duration_ms: 49.077132
  type: 'test'
  ...
# Subtest: W15 music block clipboard pastes at arrangement cursor
ok 358 - W15 music block clipboard pastes at arrangement cursor
  ---
  duration_ms: 26.116743
  type: 'test'
  ...
# Subtest: W16 block clipboard incompatible target is atomic
ok 359 - W16 block clipboard incompatible target is atomic
  ---
  duration_ms: 22.421826
  type: 'test'
  ...
# Subtest: W17 track copy and paste preserve internal sharing and isolate source
ok 360 - W17 track copy and paste preserve internal sharing and isolate source
  ---
  duration_ms: 25.552136
  type: 'test'
  ...
# Subtest: W18 Delete track cannot delete final remaining track
ok 361 - W18 Delete track cannot delete final remaining track
  ---
  duration_ms: 13.19774
  type: 'test'
  ...
# Subtest: W19 deleting different track keeps opened pattern intact
ok 362 - W19 deleting different track keeps opened pattern intact
  ---
  duration_ms: 30.929634
  type: 'test'
  ...
# Subtest: W20 two timelines cannot be active command owners simultaneously
ok 363 - W20 two timelines cannot be active command owners simultaneously
  ---
  duration_ms: 22.245425
  type: 'test'
  ...
# Subtest: W21 Select all in notes never selects other tracks
ok 364 - W21 Select all in notes never selects other tracks
  ---
  duration_ms: 22.967691
  type: 'test'
  ...
# Subtest: W22 Select all in arrangement selects all occurrences
ok 365 - W22 Select all in arrangement selects all occurrences
  ---
  duration_ms: 26.772972
  type: 'test'
  ...
# Subtest: W23 mix page disables destructive composition commands
ok 366 - W23 mix page disables destructive composition commands
  ---
  duration_ms: 33.57579
  type: 'test'
  ...
# Subtest: W24 range copies silence and clips boundary sustains
ok 367 - W24 range copies silence and clips boundary sustains
  ---
  duration_ms: 20.736269
  type: 'test'
  ...
# Subtest: W25 range delete splits long note and preserves outside
ok 368 - W25 range delete splits long note and preserves outside
  ---
  duration_ms: 24.699965
  type: 'test'
  ...
# Subtest: W26 range duplicate preserves length including rests
ok 369 - W26 range duplicate preserves length including rests
  ---
  duration_ms: 23.457164
  type: 'test'
  ...
# Subtest: W27 range clear preserves outside harmony intervals
ok 370 - W27 range clear preserves outside harmony intervals
  ---
  duration_ms: 32.603598
  type: 'test'
  ...
# Subtest: W28 clipboard from stale harmony never acquires confirmation
ok 371 - W28 clipboard from stale harmony never acquires confirmation
  ---
  duration_ms: 29.295729
  type: 'test'
  ...
# Subtest: W29 range copy/paste carries known harmony to empty destination
ok 372 - W29 range copy/paste carries known harmony to empty destination
  ---
  duration_ms: 29.435663
  type: 'test'
  ...
# Subtest: W30 applying range paste to occupied content requires explicit range
ok 373 - W30 applying range paste to occupied content requires explicit range
  ---
  duration_ms: 24.60961
  type: 'test'
  ...
# Subtest: W31 range validity rejects reversed and out-of-bounds spans
ok 374 - W31 range validity rejects reversed and out-of-bounds spans
  ---
  duration_ms: 25.296073
  type: 'test'
  ...
# Subtest: W32 clipboard and editing targets remain outside musical document
ok 375 - W32 clipboard and editing targets remain outside musical document
  ---
  duration_ms: 29.617676
  type: 'test'
  ...
# Subtest: W33 every exposed basic command has one state definition
ok 376 - W33 every exposed basic command has one state definition
  ---
  duration_ms: 30.284073
  type: 'test'
  ...
# Subtest: W34 note clipboard rejects drum targets without mutation
ok 377 - W34 note clipboard rejects drum targets without mutation
  ---
  duration_ms: 25.698009
  type: 'test'
  ...
# Subtest: W35 empty range can be copied as intentional rest
ok 378 - W35 empty range can be copied as intentional rest
  ---
  duration_ms: 23.114577
  type: 'test'
  ...
# Subtest: W36 duplicate clips checks collisions without partial inserts
ok 379 - W36 duplicate clips checks collisions without partial inserts
  ---
  duration_ms: 29.859834
  type: 'test'
  ...
# Subtest: W37 clear pattern explicitly clears related content, not clip identity
ok 380 - W37 clear pattern explicitly clears related content, not clip identity
  ---
  duration_ms: 24.761233
  type: 'test'
  ...
# Subtest: W38 note range delete maintains valid retained references
ok 381 - W38 note range delete maintains valid retained references
  ---
  duration_ms: 25.930335
  type: 'test'
  ...
# Subtest: W39 deletion of selected pattern invalidates target, never falls back
ok 382 - W39 deletion of selected pattern invalidates target, never falls back
  ---
  duration_ms: 21.332431
  type: 'test'
  ...
# Subtest: W40 copies retain current input document and legacy file version
ok 383 - W40 copies retain current input document and legacy file version
  ---
  duration_ms: 29.195142
  type: 'test'
  ...
# Subtest: W41 legacy phrase workspace preference migrates without rewriting music
ok 384 - W41 legacy phrase workspace preference migrates without rewriting music
  ---
  duration_ms: 12.872945
  type: 'test'
  ...
# Subtest: W42 save/reload workspace keeps panel size and open state, not live selection
ok 385 - W42 save/reload workspace keeps panel size and open state, not live selection
  ---
  duration_ms: 24.375706
  type: 'test'
  ...
# Subtest: W43 closed editor preference stays closed when restored
ok 386 - W43 closed editor preference stays closed when restored
  ---
  duration_ms: 14.554343
  type: 'test'
  ...
# Subtest: W44 same shared content opened at a different instance reports change
ok 387 - W44 same shared content opened at a different instance reports change
  ---
  duration_ms: 22.632132
  type: 'test'
  ...
# Subtest: W45 expanding whole pattern copy preserves legacy metadata shape
ok 388 - W45 expanding whole pattern copy preserves legacy metadata shape
  ---
  duration_ms: 30.582005
  type: 'test'
  ...
# Subtest: W46 track clipboard copied into another project includes self-contained voice settings
ok 389 - W46 track clipboard copied into another project includes self-contained voice settings
  ---
  duration_ms: 25.55819
  type: 'test'
  ...
# Subtest: W47 repeated selection ids resolve to one object
ok 390 - W47 repeated selection ids resolve to one object
  ---
  duration_ms: 23.309642
  type: 'test'
  ...
# Subtest: W48 current build has one layout owner and no old properties renderer
ok 391 - W48 current build has one layout owner and no old properties renderer
  ---
  duration_ms: 0.450742
  type: 'test'
  ...
# Subtest: W49 explicit quantization aligns onset only and preserves identity/duration
ok 392 - W49 explicit quantization aligns onset only and preserves identity/duration
  ---
  duration_ms: 25.691307
  type: 'test'
  ...
# Subtest: W50 quantization rejects free-grid and overflow rather than silently cropping
ok 393 - W50 quantization rejects free-grid and overflow rather than silently cropping
  ---
  duration_ms: 44.728828
  type: 'test'
  ...
1..393
# tests 393
# suites 0
# pass 393
# fail 0
# cancelled 0
# skipped 0
# todo 0
# duration_ms 5540.220717
