
> gridtone@2.2.0 pretest
> node scripts/catalog-build.mjs


> gridtone@2.2.0 test
> node --test tests/*.test.mjs

TAP version 13
# Subtest: F1 两块四小节和弦连续放入，八小节上下文完整
ok 1 - F1 两块四小节和弦连续放入，八小节上下文完整
  ---
  duration_ms: 20.773459
  type: 'test'
  ...
# Subtest: F2 rhythm忽略残留ending意图，原节奏保持
ok 2 - F2 rhythm忽略残留ending意图，原节奏保持
  ---
  duration_ms: 25.643442
  type: 'test'
  ...
# Subtest: F2 anchors忽略残留ending，句尾支点保持
ok 3 - F2 anchors忽略残留ending，句尾支点保持
  ---
  duration_ms: 23.665785
  type: 'test'
  ...
# Subtest: F4 调内候选追踪key/scale的有效输入
ok 4 - F4 调内候选追踪key/scale的有效输入
  ---
  duration_ms: 30.321756
  type: 'test'
  ...
# Subtest: 控制：无关轨音量修改保留，纯和弦候选不依赖参考标签
ok 5 - 控制：无关轨音量修改保留，纯和弦候选不依赖参考标签
  ---
  duration_ms: 28.398371
  type: 'test'
  ...
# Subtest: Evidence: missing or NOT_RUN reports cannot silently pass
ok 6 - Evidence: missing or NOT_RUN reports cannot silently pass
  ---
  duration_ms: 0.796494
  type: 'test'
  ...
# Subtest: Evidence: a correct count cannot hide an individual failure
ok 7 - Evidence: a correct count cannot hide an individual failure
  ---
  duration_ms: 0.228397
  type: 'test'
  ...
# Subtest: Evidence: full engineering requires all six real task outcomes
ok 8 - Evidence: full engineering requires all six real task outcomes
  ---
  duration_ms: 0.822262
  type: 'test'
  ...
# Subtest: Evidence: stale builds and short soak logs remain unclosed
ok 9 - Evidence: stale builds and short soak logs remain unclosed
  ---
  duration_ms: 0.14091
  type: 'test'
  ...
# Subtest: DS01 one-based position roundtrip for integer, triplet, and fractional ticks
ok 10 - DS01 one-based position roundtrip for integer, triplet, and fractional ticks
  ---
  duration_ms: 2.683331
  type: 'test'
  ...
# Subtest: DS02 malformed and out-of-bounds positions rejected
ok 11 - DS02 malformed and out-of-bounds positions rejected
  ---
  duration_ms: 0.534078
  type: 'test'
  ...
# Subtest: DS03 musical end boundary and duration ranges explicit
ok 12 - DS03 musical end boundary and duration ranges explicit
  ---
  duration_ms: 0.632396
  type: 'test'
  ...
# Subtest: DS04 pan formatter consistent in all positions
ok 13 - DS04 pan formatter consistent in all positions
  ---
  duration_ms: 0.452366
  type: 'test'
  ...
# Subtest: DS05 every chord quality has a readable Chinese name
ok 14 - DS05 every chord quality has a readable Chinese name
  ---
  duration_ms: 0.662105
  type: 'test'
  ...
# Subtest: DS06 button role, size, busy and accessible name declared
ok 15 - DS06 button role, size, busy and accessible name declared
  ---
  duration_ms: 1.470009
  type: 'test'
  ...
# Subtest: DS07 invalid component variations rejected
ok 16 - DS07 invalid component variations rejected
  ---
  duration_ms: 0.307018
  type: 'test'
  ...
# Subtest: DS08 legacy compatibility explicitly identifies small icon key and transport
ok 17 - DS08 legacy compatibility explicitly identifies small icon key and transport
  ---
  duration_ms: 0.199629
  type: 'test'
  ...
# Subtest: DS09 sources cannot inject markup through material names
ok 18 - DS09 sources cannot inject markup through material names
  ---
  duration_ms: 6.885768
  type: 'test'
  ...
# Subtest: DS10 single material has exact duration and original notes
ok 19 - DS10 single material has exact duration and original notes
  ---
  duration_ms: 4.980973
  type: 'test'
  ...
# Subtest: DS11 all eight combination previews derive from actual composition roles
ok 20 - DS11 all eight combination previews derive from actual composition roles
  ---
  duration_ms: 231.251011
  type: 'test'
  ...
# Subtest: DS12 example projects cannot start material drags
ok 21 - DS12 example projects cannot start material drags
  ---
  duration_ms: 12.773823
  type: 'test'
  ...
# Subtest: DS13 independent audition favorite and pick actions
ok 22 - DS13 independent audition favorite and pick actions
  ---
  duration_ms: 3.993154
  type: 'test'
  ...
# Subtest: DS14 placement previews contain no editable note or clip identities
ok 23 - DS14 placement previews contain no editable note or clip identities
  ---
  duration_ms: 3.542486
  type: 'test'
  ...
# Subtest: DS15 projection comparison distinguishes unchanged changed removed with multiplicity
ok 24 - DS15 projection comparison distinguishes unchanged changed removed with multiplicity
  ---
  duration_ms: 0.489718
  type: 'test'
  ...
# Subtest: DS16 partial retention is labelled by actual dimension; false flags not hard-kept
ok 25 - DS16 partial retention is labelled by actual dimension; false flags not hard-kept
  ---
  duration_ms: 0.197809
  type: 'test'
  ...
# Subtest: DS17 range retention and rest boundaries stay external to projection
ok 26 - DS17 range retention and rest boundaries stay external to projection
  ---
  duration_ms: 0.17583
  type: 'test'
  ...
# Subtest: DS18 comparison score uses caller-shared music coordinates
ok 27 - DS18 comparison score uses caller-shared music coordinates
  ---
  duration_ms: 0.45449
  type: 'test'
  ...
# Subtest: DS19 preflight missing harmony is visible before computation
ok 28 - DS19 preflight missing harmony is visible before computation
  ---
  duration_ms: 22.749158
  type: 'test'
  ...
# Subtest: DS20 preparation uses task choices and disclosed advanced controls
ok 29 - DS20 preparation uses task choices and disclosed advanced controls
  ---
  duration_ms: 22.259705
  type: 'test'
  ...
# Subtest: DS21 result precedes settings and adoption becomes main action
ok 30 - DS21 result precedes settings and adoption becomes main action
  ---
  duration_ms: 57.400396
  type: 'test'
  ...
# Subtest: DS22 read-only projection never writes into original project
ok 31 - DS22 read-only projection never writes into original project
  ---
  duration_ms: 56.784901
  type: 'test'
  ...
# Subtest: DS23 target and dependency changes remove applicable projected result
ok 32 - DS23 target and dependency changes remove applicable projected result
  ---
  duration_ms: 53.678441
  type: 'test'
  ...
# Subtest: DS24 human timing drafts prevent generation on invalid range
ok 33 - DS24 human timing drafts prevent generation on invalid range
  ---
  duration_ms: 36.23533
  type: 'test'
  ...
# Subtest: DS25 generation needs 4 or 8 bars, not just valid endpoints
ok 34 - DS25 generation needs 4 or 8 bars, not just valid endpoints
  ---
  duration_ms: 21.039803
  type: 'test'
  ...
# Subtest: DS26 mode changes keep calculation whitelist while presentation changes
ok 35 - DS26 mode changes keep calculation whitelist while presentation changes
  ---
  duration_ms: 23.844394
  type: 'test'
  ...
# Subtest: DS27 metadata identities and version stay v3 through presentation
ok 36 - DS27 metadata identities and version stay v3 through presentation
  ---
  duration_ms: 14.037756
  type: 'test'
  ...
# Subtest: DS28 formatter is used for initial slider center, not 0 percent
ok 37 - DS28 formatter is used for initial slider center, not 0 percent
  ---
  duration_ms: 0.493489
  type: 'test'
  ...
# Subtest: DS29 all major flows have coverage owners and production modules
ok 38 - DS29 all major flows have coverage owners and production modules
  ---
  duration_ms: 0.366685
  type: 'test'
  ...
# Subtest: DS30 legacy sound data/algorithms stay frozen; approved v2 extensions use explicit allowlist
not ok 39 - DS30 legacy sound data/algorithms stay frozen; approved v2 extensions use explicit allowlist
  ---
  duration_ms: 3.383347
  type: 'test'
  location: '/mnt/data/legou_223/GridTone/tests/design-system.test.mjs:36:1'
  failureType: 'testCodeFailure'
  error: |-
    src/music/harmony.js
    + actual - expected
    
    + '5b977aa03db9b3eff0c78fa1cc7ad9047be5d1fe2aeb302a1899b3001463a331'
    - '342e846481d2f455a6f4b71a82a150bc0a92cca4db9e5a080dc5fb7ebdb6c684'
    
  code: 'ERR_ASSERTION'
  name: 'AssertionError'
  expected: '342e846481d2f455a6f4b71a82a150bc0a92cca4db9e5a080dc5fb7ebdb6c684'
  actual: '5b977aa03db9b3eff0c78fa1cc7ad9047be5d1fe2aeb302a1899b3001463a331'
  operator: 'strictEqual'
  stack: |-
    TestContext.<anonymous> (file:///mnt/data/legou_223/GridTone/tests/design-system.test.mjs:36:451)
    Test.runInAsyncScope (node:async_hooks:214:14)
    Test.run (node:internal/test_runner/test:1047:25)
    Test.processPendingSubtests (node:internal/test_runner/test:744:18)
    Test.postRun (node:internal/test_runner/test:1173:19)
    Test.run (node:internal/test_runner/test:1101:12)
    async Test.processPendingSubtests (node:internal/test_runner/test:744:7)
  ...
# Subtest: DS31 known browser storage errors are actionable Chinese without renaming user data
ok 40 - DS31 known browser storage errors are actionable Chinese without renaming user data
  ---
  duration_ms: 0.901711
  type: 'test'
  ...
# Subtest: MG25: old screenshots and stale browser build cannot pass
ok 41 - MG25: old screenshots and stale browser build cannot pass
  ---
  duration_ms: 1.999677
  type: 'test'
  ...
# Subtest: MG26: individual failure cannot hide behind passing count
ok 42 - MG26: individual failure cannot hide behind passing count
  ---
  duration_ms: 0.376939
  type: 'test'
  ...
# Subtest: MG27: ten minutes cannot satisfy thirty-minute contract
ok 43 - MG27: ten minutes cannot satisfy thirty-minute contract
  ---
  duration_ms: 0.125842
  type: 'test'
  ...
# Subtest: MG28: retained sources after stop fail soak
ok 44 - MG28: retained sources after stop fail soak
  ---
  duration_ms: 0.148322
  type: 'test'
  ...
# Subtest: MG29: valid engineering report does not require pretending native results
ok 45 - MG29: valid engineering report does not require pretending native results
  ---
  duration_ms: 0.631951
  type: 'test'
  ...
# Subtest: MG30: missing audio comparison is still incomplete
ok 46 - MG30: missing audio comparison is still incomplete
  ---
  duration_ms: 0.115144
  type: 'test'
  ...
# Subtest: MG01 one palette dependency before the components and view modules
ok 47 - MG01 one palette dependency before the components and view modules
  ---
  duration_ms: 0.969582
  type: 'test'
  ...
# Subtest: MG02 each semantic musical role exceeds body contrast on its surface
ok 48 - MG02 each semantic musical role exceeds body contrast on its surface
  ---
  duration_ms: 2.330856
  type: 'test'
  ...
# Subtest: MG03 custom extreme and arbitrary colors stay readable without mutation
ok 49 - MG03 custom extreme and arbitrary colors stay readable without mutation
  ---
  duration_ms: 9.561365
  type: 'test'
  ...
# Subtest: MG04 invalid color values are safe fallback, not CSS injection
ok 50 - MG04 invalid color values are safe fallback, not CSS injection
  ---
  duration_ms: 0.725376
  type: 'test'
  ...
# Subtest: MG05 palette cache identity is stable
ok 51 - MG05 palette cache identity is stable
  ---
  duration_ms: 0.213506
  type: 'test'
  ...
# Subtest: MG06 palette derivation never edits music documents
ok 52 - MG06 palette derivation never edits music documents
  ---
  duration_ms: 15.046009
  type: 'test'
  ...
# Subtest: MG07 single material identity survives shelf and placement projection
ok 53 - MG07 single material identity survives shelf and placement projection
  ---
  duration_ms: 2.863265
  type: 'test'
  ...
# Subtest: MG08 projection has no music hit-target or selectable note attributes
ok 54 - MG08 projection has no music hit-target or selectable note attributes
  ---
  duration_ms: 1.981019
  type: 'test'
  ...
# Subtest: MG09 malicious names are escaped in every material stage
ok 55 - MG09 malicious names are escaped in every material stage
  ---
  duration_ms: 2.47383
  type: 'test'
  ...
# Subtest: MG10 all material type identities are explicit
ok 56 - MG10 all material type identities are explicit
  ---
  duration_ms: 20.29232
  type: 'test'
  ...
# Subtest: MG11 multi-track previews retain original color and timing semantics
ok 57 - MG11 multi-track previews retain original color and timing semantics
  ---
  duration_ms: 6.496612
  type: 'test'
  ...
# Subtest: MG12 formatters still roundtrip fractional, triplet and boundary positions
ok 58 - MG12 formatters still roundtrip fractional, triplet and boundary positions
  ---
  duration_ms: 0.4544
  type: 'test'
  ...
# Subtest: MG13 empty selection never becomes a destructive palette-side operation
ok 59 - MG13 empty selection never becomes a destructive palette-side operation
  ---
  duration_ms: 8.801428
  type: 'test'
  ...
# Subtest: MG14 controls expose meaningful kind and dimension
ok 60 - MG14 controls expose meaningful kind and dimension
  ---
  duration_ms: 0.953147
  type: 'test'
  ...
# Subtest: MG15 only explicit button dimensions are accepted
ok 61 - MG15 only explicit button dimensions are accepted
  ---
  duration_ms: 0.428441
  type: 'test'
  ...
# Subtest: MG16 appearances preserve original preference keys
ok 62 - MG16 appearances preserve original preference keys
  ---
  duration_ms: 0.410008
  type: 'test'
  ...
# Subtest: MG17 shared geometry is not overridden by theme calibration
ok 63 - MG17 shared geometry is not overridden by theme calibration
  ---
  duration_ms: 0.402023
  type: 'test'
  ...
# Subtest: MG18 no transition-all or animated geometry anywhere in active styles
ok 64 - MG18 no transition-all or animated geometry anywhere in active styles
  ---
  duration_ms: 0.46913
  type: 'test'
  ...
# Subtest: MG19 reduced motion is available for system and user independently
ok 65 - MG19 reduced motion is available for system and user independently
  ---
  duration_ms: 0.187235
  type: 'test'
  ...
# Subtest: MG20 no music command depends on animationend or transitionend
ok 66 - MG20 no music command depends on animationend or transitionend
  ---
  duration_ms: 6.665313
  type: 'test'
  ...
# Subtest: MG21 no dangling tokens except values supplied by live key and slider elements
ok 67 - MG21 no dangling tokens except values supplied by live key and slider elements
  ---
  duration_ms: 0.975518
  type: 'test'
  ...
# Subtest: MG22 a single UI palette does not change catalog IDs or preset counts
ok 68 - MG22 a single UI palette does not change catalog IDs or preset counts
  ---
  duration_ms: 2.52293
  type: 'test'
  ...
# Subtest: MG23 viewport preferences and comparison styles never enter engineering schema
ok 69 - MG23 viewport preferences and comparison styles never enter engineering schema
  ---
  duration_ms: 9.160295
  type: 'test'
  ...
# Subtest: MG24 important notices remain live and actionable text
ok 70 - MG24 important notices remain live and actionable text
  ---
  duration_ms: 0.26588
  type: 'test'
  ...
# Subtest: MG31 legacy precision form and insertion menu belong to actual layout families
ok 71 - MG31 legacy precision form and insertion menu belong to actual layout families
  ---
  duration_ms: 0.254633
  type: 'test'
  ...
# Subtest: MG32 chord paint options and stale banners have named auxiliary layouts
ok 72 - MG32 chord paint options and stale banners have named auxiliary layouts
  ---
  duration_ms: 0.18749
  type: 'test'
  ...
# Subtest: Q01 late audition failure cannot stop a newer audition
ok 73 - Q01 late audition failure cannot stop a newer audition
  ---
  duration_ms: 4.273511
  type: 'test'
  ...
# Subtest: Q02 late normal-play failure cannot stop a newer audition
ok 74 - Q02 late normal-play failure cannot stop a newer audition
  ---
  duration_ms: 3.283618
  type: 'test'
  ...
# Subtest: Q03 changing loop range after paused audition clears preview ownership
ok 75 - Q03 changing loop range after paused audition clears preview ownership
  ---
  duration_ms: 1.993395
  type: 'test'
  ...
# Subtest: Q04 export current listening chooses preview document and scope
ok 76 - Q04 export current listening chooses preview document and scope
  ---
  duration_ms: 3.404959
  type: 'test'
  ...
# Subtest: Q05 baking performance must not confirm stale harmonic intent
ok 77 - Q05 baking performance must not confirm stale harmonic intent
  ---
  duration_ms: 25.529004
  type: 'test'
  ...
# Subtest: Q06 drum candidate invalidated when target drum mapping changes
ok 78 - Q06 drum candidate invalidated when target drum mapping changes
  ---
  duration_ms: 36.729479
  type: 'test'
  ...
# Subtest: Q07 generated bass dependency tracks source drum role mapping
ok 79 - Q07 generated bass dependency tracks source drum role mapping
  ---
  duration_ms: 19.865855
  type: 'test'
  ...
# Subtest: Q08 stopped pending playback does not surface a stale failure
ok 80 - Q08 stopped pending playback does not surface a stale failure
  ---
  duration_ms: 1.168414
  type: 'test'
  ...
# Subtest: Q09 current audition failure restores the original listening range
ok 81 - Q09 current audition failure restores the original listening range
  ---
  duration_ms: 1.895499
  type: 'test'
  ...
# Subtest: Q10 successive previews restore the pre-preview time exactly once
ok 82 - Q10 successive previews restore the pre-preview time exactly once
  ---
  duration_ms: 1.832793
  type: 'test'
  ...
# Subtest: Q11 changing range during playback listens to the document at the new range
ok 83 - Q11 changing range during playback listens to the document at the new range
  ---
  duration_ms: 2.038345
  type: 'test'
  ...
# Subtest: Q12 invalid playback range leaves existing transport untouched
ok 84 - Q12 invalid playback range leaves existing transport untouched
  ---
  duration_ms: 1.104551
  type: 'test'
  ...
# Subtest: Q13 export selection is an independent snapshot
ok 85 - Q13 export selection is an independent snapshot
  ---
  duration_ms: 1.386912
  type: 'test'
  ...
# Subtest: Q14 paused candidate retains current-export identity
ok 86 - Q14 paused candidate retains current-export identity
  ---
  duration_ms: 2.194364
  type: 'test'
  ...
# Subtest: Q15 saved mute and temporary solo remain separate in all export selection paths
ok 87 - Q15 saved mute and temporary solo remain separate in all export selection paths
  ---
  duration_ms: 6.109184
  type: 'test'
  ...
# Subtest: Q16 a confirmed harmony retains confirmation after a proved performance bake
ok 88 - Q16 a confirmed harmony retains confirmation after a proved performance bake
  ---
  duration_ms: 8.884513
  type: 'test'
  ...
# Subtest: Q17 baking a track with no harmonic intent never invents it
ok 89 - Q17 baking a track with no harmonic intent never invents it
  ---
  duration_ms: 0.134456
  type: 'test'
  ...
# Subtest: Q18 drum mapping fingerprint ignores name and same-role sound changes
ok 90 - Q18 drum mapping fingerprint ignores name and same-role sound changes
  ---
  duration_ms: 8.376489
  type: 'test'
  ...
# Subtest: Q19 mapping-aware source dependency survives project roundtrip
ok 91 - Q19 mapping-aware source dependency survives project roundtrip
  ---
  duration_ms: 15.788649
  type: 'test'
  ...
# Subtest: Q20 old generation sources without mapping hash remain readable
ok 92 - Q20 old generation sources without mapping hash remain readable
  ---
  duration_ms: 9.094382
  type: 'test'
  ...
# Subtest: Q21 copy preserves mapping-aware dependencies and performance identity
ok 93 - Q21 copy preserves mapping-aware dependencies and performance identity
  ---
  duration_ms: 29.095281
  type: 'test'
  ...
# Subtest: Q22 drum remapping preserves timing, identity, and rejects missing target roles
ok 94 - Q22 drum remapping preserves timing, identity, and rejects missing target roles
  ---
  duration_ms: 8.359803
  type: 'test'
  ...
# Subtest: Q23 closing a paused preview cancels its pending resume safely
ok 95 - Q23 closing a paused preview cancels its pending resume safely
  ---
  duration_ms: 0.691306
  type: 'test'
  ...
# Subtest: Q24 property matrix: all recipes remain valid and reproducible at 12 keys
ok 96 - Q24 property matrix: all recipes remain valid and reproducible at 12 keys
  ---
  duration_ms: 2359.006648
  type: 'test'
  ...
# Subtest: Q25 newly generated documents remain readable by the unchanged 1.7.1 v3 validator
ok 97 - Q25 newly generated documents remain readable by the unchanged 1.7.1 v3 validator
  ---
  duration_ms: 113.920649
  type: 'test'
  ...
# Subtest: Recovery: shrinking tail respects a placed empty block
ok 98 - Recovery: shrinking tail respects a placed empty block
  ---
  duration_ms: 3.132479
  type: 'test'
  ...
# Subtest: Recovery: tail trim only changes song length
ok 99 - Recovery: tail trim only changes song length
  ---
  duration_ms: 3.192828
  type: 'test'
  ...
# Subtest: Recovery: resize rejects invalid lengths
ok 100 - Recovery: resize rejects invalid lengths
  ---
  duration_ms: 1.372351
  type: 'test'
  ...
# Subtest: Recovery: time clear retains length and leaves an actual gap
ok 101 - Recovery: time clear retains length and leaves an actual gap
  ---
  duration_ms: 1.274361
  type: 'test'
  ...
# Subtest: Recovery: time delete shifts all tracks equally
ok 102 - Recovery: time delete shifts all tracks equally
  ---
  duration_ms: 0.976645
  type: 'test'
  ...
# Subtest: Recovery: deleting the whole time is rejected; clearing is allowed
ok 103 - Recovery: deleting the whole time is rejected; clearing is allowed
  ---
  duration_ms: 0.677115
  type: 'test'
  ...
# Subtest: Recovery: sliced harmonic intent follows notes
ok 104 - Recovery: sliced harmonic intent follows notes
  ---
  duration_ms: 0.841083
  type: 'test'
  ...
# Subtest: Recovery: stale harmonic intent remains stale after time operation
ok 105 - Recovery: stale harmonic intent remains stale after time operation
  ---
  duration_ms: 0.717462
  type: 'test'
  ...
# Subtest: Recovery: retained notes and empty ranges are clipped validly
ok 106 - Recovery: retained notes and empty ranges are clipped validly
  ---
  duration_ms: 0.977063
  type: 'test'
  ...
# Subtest: Recovery: shared patterns outside edited range retain originals
ok 107 - Recovery: shared patterns outside edited range retain originals
  ---
  duration_ms: 1.148328
  type: 'test'
  ...
# Subtest: Recovery: serialized time edits 0..1 remain valid
ok 108 - Recovery: serialized time edits 0..1 remain valid
  ---
  duration_ms: 2.965566
  type: 'test'
  ...
# Subtest: Recovery: serialized time edits 1..3 remain valid
ok 109 - Recovery: serialized time edits 1..3 remain valid
  ---
  duration_ms: 1.111747
  type: 'test'
  ...
# Subtest: Recovery: serialized time edits 2..7 remain valid
ok 110 - Recovery: serialized time edits 2..7 remain valid
  ---
  duration_ms: 3.204834
  type: 'test'
  ...
# Subtest: Recovery: serialized time edits 3..6 remain valid
ok 111 - Recovery: serialized time edits 3..6 remain valid
  ---
  duration_ms: 2.703788
  type: 'test'
  ...
# Subtest: Recovery: serialized time edits 4..8 remain valid
ok 112 - Recovery: serialized time edits 4..8 remain valid
  ---
  duration_ms: 4.037814
  type: 'test'
  ...
# Subtest: Recovery: serialized time edits 0..8 remain valid
ok 113 - Recovery: serialized time edits 0..8 remain valid
  ---
  duration_ms: 3.111786
  type: 'test'
  ...
# Subtest: Recovery: serialized time edits 8..16 remain valid
ok 114 - Recovery: serialized time edits 8..16 remain valid
  ---
  duration_ms: 0.465034
  type: 'test'
  ...
# Subtest: Recovery: serialized time edits 7..9 remain valid
ok 115 - Recovery: serialized time edits 7..9 remain valid
  ---
  duration_ms: 0.619112
  type: 'test'
  ...
# Subtest: Recovery: invalid ranges are atomic
ok 116 - Recovery: invalid ranges are atomic
  ---
  duration_ms: 0.985101
  type: 'test'
  ...
# Subtest: Recovery: song tick mapping covers before, within, after deletion
ok 117 - Recovery: song tick mapping covers before, within, after deletion
  ---
  duration_ms: 0.157365
  type: 'test'
  ...
# Subtest: Recovery: ordered batch adds independent clips preserving track sound
ok 118 - Recovery: ordered batch adds independent clips preserving track sound
  ---
  duration_ms: 1.598857
  type: 'test'
  ...
# Subtest: Recovery: parallel batch allocates tracks at same position
ok 119 - Recovery: parallel batch allocates tracks at same position
  ---
  duration_ms: 1.045618
  type: 'test'
  ...
# Subtest: Recovery: mixed-kind series batch is rejected
ok 120 - Recovery: mixed-kind series batch is rejected
  ---
  duration_ms: 0.359407
  type: 'test'
  ...
# Subtest: Recovery: batch overlap is rejected without partial writes
ok 121 - Recovery: batch overlap is rejected without partial writes
  ---
  duration_ms: 0.369738
  type: 'test'
  ...
# Subtest: Recovery: batch exceeding timeline is rejected
ok 122 - Recovery: batch exceeding timeline is rejected
  ---
  duration_ms: 0.181146
  type: 'test'
  ...
# Subtest: Recovery: existing source data unaffected by new UI
ok 123 - Recovery: existing source data unaffected by new UI
  ---
  duration_ms: 0.292235
  type: 'test'
  ...
# Subtest: F1 partial known harmony leaves a precise unresolved gap
ok 124 - F1 partial known harmony leaves a precise unresolved gap
  ---
  duration_ms: 7.136197
  type: 'test'
  ...
# Subtest: F1 replacing unknown content removes only interval intent
ok 125 - F1 replacing unknown content removes only interval intent
  ---
  duration_ms: 7.217187
  type: 'test'
  ...
# Subtest: F1 splits a harmonic event across both replacement boundaries
ok 126 - F1 splits a harmonic event across both replacement boundaries
  ---
  duration_ms: 1.678496
  type: 'test'
  ...
# Subtest: F1 pre-existing stale outside intent is never auto-confirmed
ok 127 - F1 pre-existing stale outside intent is never auto-confirmed
  ---
  duration_ms: 1.273755
  type: 'test'
  ...
# Subtest: F1 full replacement can replace stale intent with explicit new intent
ok 128 - F1 full replacement can replace stale intent with explicit new intent
  ---
  duration_ms: 1.070397
  type: 'test'
  ...
# Subtest: F1 shared instance becomes independent and keeps the original intact
ok 129 - F1 shared instance becomes independent and keeps the original intact
  ---
  duration_ms: 1.388898
  type: 'test'
  ...
# Subtest: F1 roundtrip preserves harmonic collage and note IDs
ok 130 - F1 roundtrip preserves harmonic collage and note IDs
  ---
  duration_ms: 9.12943
  type: 'test'
  ...
# Subtest: F1 crossing note split keeps two exterior pieces and retained identity
ok 131 - F1 crossing note split keeps two exterior pieces and retained identity
  ---
  duration_ms: 1.316057
  type: 'test'
  ...
# Subtest: F2 operation whitelist generate
ok 132 - F2 operation whitelist generate
  ---
  duration_ms: 0.499857
  type: 'test'
  ...
# Subtest: F2 operation whitelist rhythm
ok 133 - F2 operation whitelist rhythm
  ---
  duration_ms: 0.323603
  type: 'test'
  ...
# Subtest: F2 operation whitelist anchors
ok 134 - F2 operation whitelist anchors
  ---
  duration_ms: 0.13655
  type: 'test'
  ...
# Subtest: F2 operation whitelist ending
ok 135 - F2 operation whitelist ending
  ---
  duration_ms: 0.078015
  type: 'test'
  ...
# Subtest: F2 operation whitelist answer
ok 136 - F2 operation whitelist answer
  ---
  duration_ms: 0.054372
  type: 'test'
  ...
# Subtest: F2 100 seeds preserve full rhythm even with hostile hidden options
ok 137 - F2 100 seeds preserve full rhythm even with hostile hidden options
  ---
  duration_ms: 209.740935
  type: 'test'
  ...
# Subtest: F2 skeleton is respected only in compatible generation modes
ok 138 - F2 skeleton is respected only in compatible generation modes
  ---
  duration_ms: 13.949273
  type: 'test'
  ...
# Subtest: F2 all and range retention preserve rests, fields and IDs
ok 139 - F2 all and range retention preserve rests, fields and IDs
  ---
  duration_ms: 9.585149
  type: 'test'
  ...
# Subtest: F2 all retained content returns no fabricated duplicate candidates
ok 140 - F2 all retained content returns no fabricated duplicate candidates
  ---
  duration_ms: 11.873812
  type: 'test'
  ...
# Subtest: F2 16-bar partial generation preserves unselected half
ok 141 - F2 16-bar partial generation preserves unselected half
  ---
  duration_ms: 12.15888
  type: 'test'
  ...
# Subtest: F4 source harmony edit invalidates candidate
ok 142 - F4 source harmony edit invalidates candidate
  ---
  duration_ms: 21.662499
  type: 'test'
  ...
# Subtest: F4 unrelated project name and track name do not lock workbench
ok 143 - F4 unrelated project name and track name do not lock workbench
  ---
  duration_ms: 17.835387
  type: 'test'
  ...
# Subtest: F4 scale is tracked for diatonic candidates
ok 144 - F4 scale is tracked for diatonic candidates
  ---
  duration_ms: 17.767616
  type: 'test'
  ...
# Subtest: F4 project switch rejects candidate
ok 145 - F4 project switch rejects candidate
  ---
  duration_ms: 21.969616
  type: 'test'
  ...
# Subtest: F4 late ready after cancel cannot reactivate candidate
ok 146 - F4 late ready after cancel cannot reactivate candidate
  ---
  duration_ms: 10.027282
  type: 'test'
  ...
# Subtest: F4 parameter invalidation immediately empties candidates
ok 147 - F4 parameter invalidation immediately empties candidates
  ---
  duration_ms: 18.755726
  type: 'test'
  ...
# Subtest: F4 patch conflict is atomic and unrelated changes survive
ok 148 - F4 patch conflict is atomic and unrelated changes survive
  ---
  duration_ms: 0.169369
  type: 'test'
  ...
# Subtest: F5 shared time snapping grid 0
ok 149 - F5 shared time snapping grid 0
  ---
  duration_ms: 0.240074
  type: 'test'
  ...
# Subtest: F5 shared time snapping grid 80
ok 150 - F5 shared time snapping grid 80
  ---
  duration_ms: 0.0614
  type: 'test'
  ...
# Subtest: F5 shared time snapping grid 120
ok 151 - F5 shared time snapping grid 120
  ---
  duration_ms: 0.052978
  type: 'test'
  ...
# Subtest: F5 shared time snapping grid 160
ok 152 - F5 shared time snapping grid 160
  ---
  duration_ms: 0.039945
  type: 'test'
  ...
# Subtest: F5 shared time snapping grid 240
ok 153 - F5 shared time snapping grid 240
  ---
  duration_ms: 0.09853
  type: 'test'
  ...
# Subtest: F5 shared time snapping grid 320
ok 154 - F5 shared time snapping grid 320
  ---
  duration_ms: 0.043038
  type: 'test'
  ...
# Subtest: F5 shared time snapping grid 480
ok 155 - F5 shared time snapping grid 480
  ---
  duration_ms: 0.036685
  type: 'test'
  ...
# Subtest: support: each duration and pattern length obeys shared contract
ok 156 - support: each duration and pattern length obeys shared contract
  ---
  duration_ms: 1.699377
  type: 'test'
  ...
# Subtest: support: track duplication preserves internal sharing and isolates originals
ok 157 - support: track duplication preserves internal sharing and isolates originals
  ---
  duration_ms: 0.514628
  type: 'test'
  ...
# Subtest: support: accompaniment sees sustained references across the left boundary
ok 158 - support: accompaniment sees sustained references across the left boundary
  ---
  duration_ms: 0.731421
  type: 'test'
  ...
# Subtest: support: bass pitch and density are genuine parameters
ok 159 - support: bass pitch and density are genuine parameters
  ---
  duration_ms: 16.867459
  type: 'test'
  ...
# Subtest: support: eight recipes compile and roundtrip with full harmonic sources
ok 160 - support: eight recipes compile and roundtrip with full harmonic sources
  ---
  duration_ms: 98.147192
  type: 'test'
  ...
# Subtest: support: reordered tracks do not alter group generation music
ok 161 - support: reordered tracks do not alter group generation music
  ---
  duration_ms: 16.143845
  type: 'test'
  ...
# Subtest: support: 100 seeds are deterministic and yield distinct musical candidates
ok 162 - support: 100 seeds are deterministic and yield distinct musical candidates
  ---
  duration_ms: 486.021884
  type: 'test'
  ...
# Subtest: built-in templates and 47 presets come from validated catalog configuration
ok 163 - built-in templates and 47 presets come from validated catalog configuration
  ---
  duration_ms: 21.479645
  type: 'test'
  ...
# Subtest: example pack installs one sound, nine-row kit, three templates, and a real WAV
ok 164 - example pack installs one sound, nine-row kit, three templates, and a real WAV
  ---
  duration_ms: 3.253862
  type: 'test'
  ...
# Subtest: reimporting identical material is idempotent
ok 165 - reimporting identical material is idempotent
  ---
  duration_ms: 20.798642
  type: 'test'
  ...
# Subtest: changed library id cannot replace sound already used in a project
ok 166 - changed library id cannot replace sound already used in a project
  ---
  duration_ms: 4.403019
  type: 'test'
  ...
# Subtest: unknown engine and malicious data fail before any library mutation
ok 167 - unknown engine and malicious data fail before any library mutation
  ---
  duration_ms: 19.054743
  type: 'test'
  ...
# Subtest: missing dependency is reported atomically
ok 168 - missing dependency is reported atomically
  ---
  duration_ms: 1.323893
  type: 'test'
  ...
# Subtest: duplicate ids, unsafe ids, invalid timing, and oversized rows rejected
ok 169 - duplicate ids, unsafe ids, invalid timing, and oversized rows rejected
  ---
  duration_ms: 8.156504
  type: 'test'
  ...
# Subtest: custom sound applied to new track is pinned in project, original stays unchanged
ok 170 - custom sound applied to new track is pinned in project, original stays unchanged
  ---
  duration_ms: 5.753683
  type: 'test'
  ...
# Subtest: drum kit application pins sample and exposes ninth row for editing
ok 171 - drum kit application pins sample and exposes ninth row for editing
  ---
  duration_ms: 1.471411
  type: 'test'
  ...
# Subtest: two uses of a template create distinct independent pattern and note ids
ok 172 - two uses of a template create distinct independent pattern and note ids
  ---
  duration_ms: 1.635052
  type: 'test'
  ...
# Subtest: new insertion validates collisions without altering original arrangement
ok 173 - new insertion validates collisions without altering original arrangement
  ---
  duration_ms: 0.425964
  type: 'test'
  ...
# Subtest: template replacement retains shared references and repeats a shorter template
ok 174 - template replacement retains shared references and repeats a shorter template
  ---
  duration_ms: 0.625093
  type: 'test'
  ...
# Subtest: oversized replacement never truncates or shifts existing clips silently
ok 175 - oversized replacement never truncates or shifts existing clips silently
  ---
  duration_ms: 0.26298
  type: 'test'
  ...
# Subtest: existing track retains sound unless explicit sound replacement requested
ok 176 - existing track retains sound unless explicit sound replacement requested
  ---
  duration_ms: 0.674696
  type: 'test'
  ...
# Subtest: template pitch conversion is explicit; source template and global reference retained
ok 177 - template pitch conversion is explicit; source template and global reference retained
  ---
  duration_ms: 0.878716
  type: 'test'
  ...
# Subtest: whole-song template regenerates identity and embeds custom dependencies
ok 178 - whole-song template regenerates identity and embeds custom dependencies
  ---
  duration_ms: 4.811838
  type: 'test'
  ...
# Subtest: saved project opens in clean runtime with custom sound and drum samples, without imported library
ok 179 - saved project opens in clean runtime with custom sound and drum samples, without imported library
  ---
  duration_ms: 16.918842
  type: 'test'
  ...
# Subtest: missing sound opens with explicit diagnostic and never falls back to piano
ok 180 - missing sound opens with explicit diagnostic and never falls back to piano
  ---
  duration_ms: 0.387113
  type: 'test'
  ...
# Subtest: missing sample stays editable and is blocked only for an audible target
ok 181 - missing sample stays editable and is blocked only for an audible target
  ---
  duration_ms: 1.390823
  type: 'test'
  ...
# Subtest: track and note ids cannot escape HTML attributes in imported projects
ok 182 - track and note ids cannot escape HTML attributes in imported projects
  ---
  duration_ms: 0.170389
  type: 'test'
  ...
# Subtest: a project cannot silently shadow a built-in kit
ok 183 - a project cannot silently shadow a built-in kit
  ---
  duration_ms: 0.235358
  type: 'test'
  ...
# Subtest: opening a kit with missing sample preserves repairable content and reports it
ok 184 - opening a kit with missing sample preserves repairable content and reports it
  ---
  duration_ms: 0.368727
  type: 'test'
  ...
# Subtest: catalog refuses a drum pattern with melodic engine atomically
ok 185 - catalog refuses a drum pattern with melodic engine atomically
  ---
  duration_ms: 9.066015
  type: 'test'
  ...
# Subtest: timebase: a 4/4 bar contains sixteen 240-tick cells
ok 186 - timebase: a 4/4 bar contains sixteen 240-tick cells
  ---
  duration_ms: 2.017077
  type: 'test'
  ...
# Subtest: original demo validates and has four tracks, eight bars
ok 187 - original demo validates and has four tracks, eight bars
  ---
  duration_ms: 11.744193
  type: 'test'
  ...
# Subtest: blank project is playable, valid, and contains one empty pattern
ok 188 - blank project is playable, valid, and contains one empty pattern
  ---
  duration_ms: 0.319815
  type: 'test'
  ...
# Subtest: preset library retains 26 legacy definitions and adds 21 distinct instrument presets
ok 189 - preset library retains 26 legacy definitions and adds 21 distinct instrument presets
  ---
  duration_ms: 0.349991
  type: 'test'
  ...
# Subtest: MIDI pitch naming uses C4 = 60
ok 190 - MIDI pitch naming uses C4 = 60
  ---
  duration_ms: 0.234516
  type: 'test'
  ...
# Subtest: scale membership and nearest-pitch snapping
ok 191 - scale membership and nearest-pitch snapping
  ---
  duration_ms: 0.560639
  type: 'test'
  ...
# Subtest: chord input expands into independent editable notes
ok 192 - chord input expands into independent editable notes
  ---
  duration_ms: 1.183196
  type: 'test'
  ...
# Subtest: chord input never exceeds MIDI pitch 127
ok 193 - chord input never exceeds MIDI pitch 127
  ---
  duration_ms: 0.190793
  type: 'test'
  ...
# Subtest: time reversal accounts for the full note duration
ok 194 - time reversal accounts for the full note duration
  ---
  duration_ms: 3.543242
  type: 'test'
  ...
# Subtest: applying time reversal twice restores the original
ok 195 - applying time reversal twice restores the original
  ---
  duration_ms: 0.708328
  type: 'test'
  ...
# Subtest: pitch reflection is centred on the first selected note
ok 196 - pitch reflection is centred on the first selected note
  ---
  duration_ms: 0.758403
  type: 'test'
  ...
# Subtest: scale-locked reflection yields in-scale pitches
ok 197 - scale-locked reflection yields in-scale pitches
  ---
  duration_ms: 0.267818
  type: 'test'
  ...
# Subtest: octave movement clamps at MIDI endpoints
ok 198 - octave movement clamps at MIDI endpoints
  ---
  duration_ms: 0.789032
  type: 'test'
  ...
# Subtest: circular shift wraps starts and clips tails at pattern end
ok 199 - circular shift wraps starts and clips tails at pattern end
  ---
  duration_ms: 0.210251
  type: 'test'
  ...
# Subtest: doubling creates fresh ids and a second copy one pattern later
ok 200 - doubling creates fresh ids and a second copy one pattern later
  ---
  duration_ms: 0.190141
  type: 'test'
  ...
# Subtest: variation copy is independent of original
ok 201 - variation copy is independent of original
  ---
  duration_ms: 0.202179
  type: 'test'
  ...
# Subtest: compilation respects mute and solo
ok 202 - compilation respects mute and solo
  ---
  duration_ms: 5.959871
  type: 'test'
  ...
# Subtest: compiling a single pattern has its own duration and no other tracks
ok 203 - compiling a single pattern has its own duration and no other tracks
  ---
  duration_ms: 0.991943
  type: 'test'
  ...
# Subtest: repeated clips share musical content at distinct positions
ok 204 - repeated clips share musical content at distinct positions
  ---
  duration_ms: 0.497191
  type: 'test'
  ...
# Subtest: arpeggiator unfolds simultaneous notes without mutating source
ok 205 - arpeggiator unfolds simultaneous notes without mutating source
  ---
  duration_ms: 1.938285
  type: 'test'
  ...
# Subtest: descending and bouncing arpeggio orders
ok 206 - descending and bouncing arpeggio orders
  ---
  duration_ms: 0.5495
  type: 'test'
  ...
# Subtest: arpeggio leaves single-note phrases unchanged
ok 207 - arpeggio leaves single-note phrases unchanged
  ---
  duration_ms: 0.212399
  type: 'test'
  ...
# Subtest: humanization is deterministic and within pattern bounds
ok 208 - humanization is deterministic and within pattern bounds
  ---
  duration_ms: 0.325831
  type: 'test'
  ...
# Subtest: swing delays alternate sixteenth cells, preserving raw note data
ok 209 - swing delays alternate sixteenth cells, preserving raw note data
  ---
  duration_ms: 0.171708
  type: 'test'
  ...
# Subtest: drum pipeline preserves drum keys and bypasses arpeggio
ok 210 - drum pipeline preserves drum keys and bypasses arpeggio
  ---
  duration_ms: 0.204669
  type: 'test'
  ...
# Subtest: placement rejects overlaps and supports moving its own clip
ok 211 - placement rejects overlaps and supports moving its own clip
  ---
  duration_ms: 0.231055
  type: 'test'
  ...
# Subtest: validation rejects version, tempo and track-count corruption
ok 212 - validation rejects version, tempo and track-count corruption
  ---
  duration_ms: 1.688253
  type: 'test'
  ...
# Subtest: validation rejects invalid, out-of-bounds and duplicate note ids
ok 213 - validation rejects invalid, out-of-bounds and duplicate note ids
  ---
  duration_ms: 1.51398
  type: 'test'
  ...
# Subtest: validation rejects overlapping arrangement clips
ok 214 - validation rejects overlapping arrangement clips
  ---
  duration_ms: 0.286967
  type: 'test'
  ...
# Subtest: v2 preserves missing sample reference for explicit repair
ok 215 - v2 preserves missing sample reference for explicit repair
  ---
  duration_ms: 0.156467
  type: 'test'
  ...
# Subtest: maximum track count and project length retain valid structure
ok 216 - maximum track count and project length retain valid structure
  ---
  duration_ms: 2.22257
  type: 'test'
  ...
# Subtest: project JSON round trip preserves complete musical data
ok 217 - project JSON round trip preserves complete musical data
  ---
  duration_ms: 2.388961
  type: 'test'
  ...
# Subtest: MIDI has a valid format-1 header and 960 PPQ division
ok 218 - MIDI has a valid format-1 header and 960 PPQ division
  ---
  duration_ms: 1.732344
  type: 'test'
  ...
# Subtest: MIDI timing and note events match compiled musical events
ok 219 - MIDI timing and note events match compiled musical events
  ---
  duration_ms: 5.749914
  type: 'test'
  ...
# Subtest: MIDI reserves channel 10 for percussion and encodes tempo
ok 220 - MIDI reserves channel 10 for percussion and encodes tempo
  ---
  duration_ms: 3.949984
  type: 'test'
  ...
# Subtest: MIDI export includes note pipeline and swing
ok 221 - MIDI export includes note pipeline and swing
  ---
  duration_ms: 0.441555
  type: 'test'
  ...
# Subtest: MIDI export explicitly rejects more than 15 melodic channels
ok 222 - MIDI export explicitly rejects more than 15 melodic channels
  ---
  duration_ms: 0.779426
  type: 'test'
  ...
# Subtest: 16-bit WAV header is stereo, interleaved, and correctly sized
ok 223 - 16-bit WAV header is stereo, interleaved, and correctly sized
  ---
  duration_ms: 0.891787
  type: 'test'
  ...
# Subtest: WAV scaling and clipping avoid int16 overflow
ok 224 - WAV scaling and clipping avoid int16 overflow
  ---
  duration_ms: 0.179707
  type: 'test'
  ...
# Subtest: custom instruments can register a new renderer
ok 225 - custom instruments can register a new renderer
  ---
  duration_ms: 0.206729
  type: 'test'
  ...
# Subtest: fixed viewport is a window, never forced to include distant notes
ok 226 - fixed viewport is a window, never forced to include distant notes
  ---
  duration_ms: 14.458521
  type: 'test'
  ...
# Subtest: simplified rows retain chromatic notes within view without rewriting data
ok 227 - simplified rows retain chromatic notes within view without rewriting data
  ---
  duration_ms: 1.258307
  type: 'test'
  ...
# Subtest: view pan zoom and fit leave compiled music untouched
ok 228 - view pan zoom and fit leave compiled music untouched
  ---
  duration_ms: 5.152285
  type: 'test'
  ...
# Subtest: semitone mirror does not depend on visible scale or reference key
ok 229 - semitone mirror does not depend on visible scale or reference key
  ---
  duration_ms: 0.541213
  type: 'test'
  ...
# Subtest: diatonic reflection uses degree distance and is reversible for in-scale data
ok 230 - diatonic reflection uses degree distance and is reversible for in-scale data
  ---
  duration_ms: 0.646487
  type: 'test'
  ...
# Subtest: diatonic reflection refuses to silently alter chromatic notes
ok 231 - diatonic reflection refuses to silently alter chromatic notes
  ---
  duration_ms: 0.526548
  type: 'test'
  ...
# Subtest: explicit transpose changes pitches while preserving times, ids and intervals
ok 232 - explicit transpose changes pitches while preserving times, ids and intervals
  ---
  duration_ms: 0.510041
  type: 'test'
  ...
# Subtest: key transpose uses nearest direction and scale adaptation is explicit
ok 233 - key transpose uses nearest direction and scale adaptation is explicit
  ---
  duration_ms: 0.444411
  type: 'test'
  ...
# Subtest: invalid pitch and incompatible scales reject without partially changing source
ok 234 - invalid pitch and incompatible scales reject without partially changing source
  ---
  duration_ms: 0.534787
  type: 'test'
  ...
# Subtest: candidate selection changes only selected notes, preserves reference and document
ok 235 - candidate selection changes only selected notes, preserves reference and document
  ---
  duration_ms: 1.028238
  type: 'test'
  ...
# Subtest: isolated pattern ignores project mute and unrelated temporary solo
ok 236 - isolated pattern ignores project mute and unrelated temporary solo
  ---
  duration_ms: 7.600955
  type: 'test'
  ...
# Subtest: bar audition clips and carries sustained notes at its local zero
ok 237 - bar audition clips and carries sustained notes at its local zero
  ---
  duration_ms: 1.301502
  type: 'test'
  ...
# Subtest: selected tracks isolate two tracks, independent from mute and solo
ok 238 - selected tracks isolate two tracks, independent from mute and solo
  ---
  duration_ms: 1.532123
  type: 'test'
  ...
# Subtest: invalid local scope fails explicitly rather than quietly playing all
ok 239 - invalid local scope fails explicitly rather than quietly playing all
  ---
  duration_ms: 0.824473
  type: 'test'
  ...
# Subtest: playback controller follows editor pattern, exits local, keeps full song across workspaces
ok 240 - playback controller follows editor pattern, exits local, keeps full song across workspaces
  ---
  duration_ms: 1.481832
  type: 'test'
  ...
# Subtest: whole-song export ignores temporary solo but respects project mute
ok 241 - whole-song export ignores temporary solo but respects project mute
  ---
  duration_ms: 2.595771
  type: 'test'
  ...
# Subtest: candidate audition does not mutate document, and stop restores original target
ok 242 - candidate audition does not mutate document, and stop restores original target
  ---
  duration_ms: 3.923061
  type: 'test'
  ...
# Subtest: stop during pending audio initialization invalidates a main start
ok 243 - stop during pending audio initialization invalidates a main start
  ---
  duration_ms: 1.915053
  type: 'test'
  ...
# Subtest: stop during pending note preview invalidates preview generation
ok 244 - stop during pending note preview invalidates preview generation
  ---
  duration_ms: 0.723478
  type: 'test'
  ...
# Subtest: fingerprint has semantic skins, transparency fallback, and touch sizing in shared manifest
ok 245 - fingerprint has semantic skins, transparency fallback, and touch sizing in shared manifest
  ---
  duration_ms: 2.658337
  type: 'test'
  ...
# Subtest: new presets use seven different synthesis families, legacy 26 remain addressable
ok 246 - new presets use seven different synthesis families, legacy 26 remain addressable
  ---
  duration_ms: 0.374045
  type: 'test'
  ...
# Subtest: 24 harmonic recipes are independently named and fit the supported clip lengths
ok 247 - 24 harmonic recipes are independently named and fit the supported clip lengths
  ---
  duration_ms: 0.254659
  type: 'test'
  ...
# Subtest: every progression in twelve keys, three voicings and four rhythms produces valid ordinary notes
ok 248 - every progression in twelve keys, three voicings and four rhythms produces valid ordinary notes
  ---
  duration_ms: 431.874578
  type: 'test'
  ...
# Subtest: voicing preserves chord pitch classes and never invents a scale correction
ok 249 - voicing preserves chord pitch classes and never invents a scale correction
  ---
  duration_ms: 13.604977
  type: 'test'
  ...
# Subtest: minor dominant retains raised leading tone; half diminished chord has flat fifth
ok 250 - minor dominant retains raised leading tone; half diminished chord has flat fifth
  ---
  duration_ms: 0.335891
  type: 'test'
  ...
# Subtest: a smooth four-chord loop moves less than root-position in the standard pop example
ok 251 - a smooth four-chord loop moves less than root-position in the standard pop example
  ---
  duration_ms: 0.357344
  type: 'test'
  ...
# Subtest: progression invalid options are rejected rather than silently changing pitches
ok 252 - progression invalid options are rejected rather than silently changing pitches
  ---
  duration_ms: 0.444575
  type: 'test'
  ...
# Subtest: generated chord pattern can be applied, independently edited, saved and reopened
ok 253 - generated chord pattern can be applied, independently edited, saved and reopened
  ---
  duration_ms: 7.112299
  type: 'test'
  ...
# Subtest: short existing clip refuses long harmonic replacement and preserves shared references
ok 254 - short existing clip refuses long harmonic replacement and preserves shared references
  ---
  duration_ms: 1.236984
  type: 'test'
  ...
# Subtest: new catalog has exact starter roles and all old seven template ids still exist
ok 255 - new catalog has exact starter roles and all old seven template ids still exist
  ---
  duration_ms: 3.168852
  type: 'test'
  ...
# Subtest: every template can be applied to a fresh song, compiled, serialized and reopened
ok 256 - every template can be applied to a fresh song, compiled, serialized and reopened
  ---
  duration_ms: 65.582635
  type: 'test'
  ...
# Subtest: new drum templates use 16-cell grid, distinguish velocities, and contain no duplicate hit
ok 257 - new drum templates use 16-cell grid, distinguish velocities, and contain no duplicate hit
  ---
  duration_ms: 3.898033
  type: 'test'
  ...
# Subtest: starter songs have matching four tracks, eight bars, no overlapping clips
ok 258 - starter songs have matching four tracks, eight bars, no overlapping clips
  ---
  duration_ms: 11.940882
  type: 'test'
  ...
# Subtest: multi-sample registry validates zones before importing anything
ok 259 - multi-sample registry validates zones before importing anything
  ---
  duration_ms: 2.60634
  type: 'test'
  ...
# Subtest: multi-sample missing dependency cannot partially install a sound
ok 260 - multi-sample missing dependency cannot partially install a sound
  ---
  duration_ms: 0.311641
  type: 'test'
  ...
# Subtest: multi-sample assets pin to a project and survive a clean runtime without its library
ok 261 - multi-sample assets pin to a project and survive a clean runtime without its library
  ---
  duration_ms: 31.230617
  type: 'test'
  ...
# Subtest: missing embedded multi-sample remains openable and repairable without silent fallback
ok 262 - missing embedded multi-sample remains openable and repairable without silent fallback
  ---
  duration_ms: 1.315355
  type: 'test'
  ...
# Subtest: R1: migrates v1 without mutating source or musical notes
ok 263 - R1: migrates v1 without mutating source or musical notes
  ---
  duration_ms: 5.078197
  type: 'test'
  ...
# Subtest: R1: view-only browsing does not change project or compiled notes
ok 264 - R1: view-only browsing does not change project or compiled notes
  ---
  duration_ms: 7.013667
  type: 'test'
  ...
# Subtest: R1: all clip openings resolve coherent track/pattern/instance
ok 265 - R1: all clip openings resolve coherent track/pattern/instance
  ---
  duration_ms: 0.907261
  type: 'test'
  ...
# Subtest: R1: deleted selections and monitoring ids reconcile
ok 266 - R1: deleted selections and monitoring ids reconcile
  ---
  duration_ms: 0.691615
  type: 'test'
  ...
# Subtest: R1: local scope and labels use actual pattern length
ok 267 - R1: local scope and labels use actual pattern length
  ---
  duration_ms: 0.671474
  type: 'test'
  ...
# Subtest: ST01 new library has bounded versions, unique IDs and valid definitions
ok 268 - ST01 new library has bounded versions, unique IDs and valid definitions
  ---
  duration_ms: 12.628307
  type: 'test'
  ...
# Subtest: ST02 every new preset roundtrips with exact synthesis definition
ok 269 - ST02 every new preset roundtrips with exact synthesis definition
  ---
  duration_ms: 13.990692
  type: 'test'
  ...
# Subtest: ST03 invalid DSP values and missing synth definitions are rejected
ok 270 - ST03 invalid DSP values and missing synth definitions are rejected
  ---
  duration_ms: 15.484948
  type: 'test'
  ...
# Subtest: ST04 FM operator topology is data-only and bounded
ok 271 - ST04 FM operator topology is data-only and bounded
  ---
  duration_ms: 5.743343
  type: 'test'
  ...
# Subtest: ST05 built-in source files retained byte-for-byte for 47 legacy presets
ok 272 - ST05 built-in source files retained byte-for-byte for 47 legacy presets
  ---
  duration_ms: 4.117958
  type: 'test'
  ...
# Subtest: ST06 new library is not an imported user pack
ok 273 - ST06 new library is not an imported user pack
  ---
  duration_ms: 3.598212
  type: 'test'
  ...
# Subtest: ST07 all sound IDs have a discoverable family, with older variants explicit
ok 274 - ST07 all sound IDs have a discoverable family, with older variants explicit
  ---
  duration_ms: 8.323869
  type: 'test'
  ...
# Subtest: ST08 family classification and query do not mutate legacy music
ok 275 - ST08 family classification and query do not mutate legacy music
  ---
  duration_ms: 44.69735
  type: 'test'
  ...
# Subtest: ST09 18 combination variants have distinct musical fields
ok 276 - ST09 18 combination variants have distinct musical fields
  ---
  duration_ms: 101.338446
  type: 'test'
  ...
# Subtest: ST10 every combination has correct eight-bar harmony and a blank writing track
ok 277 - ST10 every combination has correct eight-bar harmony and a blank writing track
  ---
  duration_ms: 75.930331
  type: 'test'
  ...
# Subtest: ST11 ending versions resolve to the actual tonic harmony
ok 278 - ST11 ending versions resolve to the actual tonic harmony
  ---
  duration_ms: 14.474717
  type: 'test'
  ...
# Subtest: ST12 applying a combination preserves old tracks, tempo unless explicit, and output range
ok 279 - ST12 applying a combination preserves old tracks, tempo unless explicit, and output range
  ---
  duration_ms: 22.734101
  type: 'test'
  ...
# Subtest: ST13 wrong placement and capacity failures preserve original
ok 280 - ST13 wrong placement and capacity failures preserve original
  ---
  duration_ms: 3.791366
  type: 'test'
  ...
# Subtest: ST14 performed timing is not swung or humanized twice
ok 281 - ST14 performed timing is not swung or humanized twice
  ---
  duration_ms: 2.082997
  type: 'test'
  ...
# Subtest: ST15 ordinary pre-existing notes retain global Swing
ok 282 - ST15 ordinary pre-existing notes retain global Swing
  ---
  duration_ms: 0.188657
  type: 'test'
  ...
# Subtest: ST16 source-derived flags and attribution survive local placement and save
ok 283 - ST16 source-derived flags and attribution survive local placement and save
  ---
  duration_ms: 1.864537
  type: 'test'
  ...
# Subtest: ST17 importing performed source preserves exact onset and velocity
ok 284 - ST17 importing performed source preserves exact onset and velocity
  ---
  duration_ms: 1.842381
  type: 'test'
  ...
# Subtest: ST18 original selected MIDI bytes match independent Git blob receipts
ok 285 - ST18 original selected MIDI bytes match independent Git blob receipts
  ---
  duration_ms: 1.247701
  type: 'test'
  ...
# Subtest: ST19 sound replacement changes neither old note material nor other tracks
ok 286 - ST19 sound replacement changes neither old note material nor other tracks
  ---
  duration_ms: 6.215564
  type: 'test'
  ...
# Subtest: ST20 drum sound adoption maps a custom kit by role and preserves musical identity
ok 287 - ST20 drum sound adoption maps a custom kit by role and preserves musical identity
  ---
  duration_ms: 5.917526
  type: 'test'
  ...
# Subtest: ST21 related voices retain old IDs, exact renderer delegation is available
ok 288 - ST21 related voices retain old IDs, exact renderer delegation is available
  ---
  duration_ms: 0.161209
  type: 'test'
  ...
# Subtest: ST22 source authoring notes and normalized presets remain read-only during combination generation
ok 289 - ST22 source authoring notes and normalized presets remain read-only during combination generation
  ---
  duration_ms: 86.873811
  type: 'test'
  ...
# Subtest: ST23 reference base key does not rewrite existing compositions
ok 290 - ST23 reference base key does not rewrite existing compositions
  ---
  duration_ms: 4.364462
  type: 'test'
  ...
# Subtest: ST24 keyboard platform mappings are separate data
ok 291 - ST24 keyboard platform mappings are separate data
  ---
  duration_ms: 0.309185
  type: 'test'
  ...
# Subtest: ST25 IME, text, prevented events and unrelated modifiers are isolated
ok 292 - ST25 IME, text, prevented events and unrelated modifiers are isolated
  ---
  duration_ms: 0.359908
  type: 'test'
  ...
# Subtest: ST26 save is a command even when a text field has focus
ok 293 - ST26 save is a command even when a text field has focus
  ---
  duration_ms: 0.14637
  type: 'test'
  ...
# Subtest: ST27 deletion maps Mac backward/forward and Windows delete without conflating select
ok 294 - ST27 deletion maps Mac backward/forward and Windows delete without conflating select
  ---
  duration_ms: 0.193925
  type: 'test'
  ...
# Subtest: ST28 cut notes captures clipboard and deletes in one pure transaction
ok 295 - ST28 cut notes captures clipboard and deletes in one pure transaction
  ---
  duration_ms: 14.419516
  type: 'test'
  ...
# Subtest: ST29 cut interval preserves rests and splits boundary notes consistently
ok 296 - ST29 cut interval preserves rests and splits boundary notes consistently
  ---
  duration_ms: 0.943667
  type: 'test'
  ...
# Subtest: ST30 cut last track refuses before deleting or replacing clipboard
ok 297 - ST30 cut last track refuses before deleting or replacing clipboard
  ---
  duration_ms: 0.242196
  type: 'test'
  ...
# Subtest: ST31 clipboard envelope safely roundtrips data and rejects reserved keys
ok 298 - ST31 clipboard envelope safely roundtrips data and rejects reserved keys
  ---
  duration_ms: 0.38306
  type: 'test'
  ...
# Subtest: ST32 patch/family lookup has no dependency on ID rewriting
ok 299 - ST32 patch/family lookup has no dependency on ID rewriting
  ---
  duration_ms: 9.601337
  type: 'test'
  ...
# Subtest: ST33 old no-performed projects compile identically under previous model
ok 300 - ST33 old no-performed projects compile identically under previous model
  ---
  duration_ms: 110.620467
  type: 'test'
  ...
# Subtest: ST34 optional performed marker rejects non-boolean data
ok 301 - ST34 optional performed marker rejects non-boolean data
  ---
  duration_ms: 4.87072
  type: 'test'
  ...
# Subtest: ST35 advanced own sound is data, serialized independently of its source preset
ok 302 - ST35 advanced own sound is data, serialized independently of its source preset
  ---
  duration_ms: 0.642972
  type: 'test'
  ...
# Subtest: ST36 native curve conversion stays finite and ordered
ok 303 - ST36 native curve conversion stays finite and ordered
  ---
  duration_ms: 0.292607
  type: 'test'
  ...
# Subtest: ST37 platform override still works when persistence is unavailable
ok 304 - ST37 platform override still works when persistence is unavailable
  ---
  duration_ms: 35.1204
  type: 'test'
  ...
# Subtest: ST38 bundled pack count matches the visible imported pack list
ok 305 - ST38 bundled pack count matches the visible imported pack list
  ---
  duration_ms: 10.54464
  type: 'test'
  ...
# Subtest: ST39 source metadata survives a derived template import and placement
ok 306 - ST39 source metadata survives a derived template import and placement
  ---
  duration_ms: 25.162001
  type: 'test'
  ...
# Subtest: ST40 invalid source metadata is rejected before library mutation
ok 307 - ST40 invalid source metadata is rejected before library mutation
  ---
  duration_ms: 5.779368
  type: 'test'
  ...
# Subtest: ST41 ending variants preserve the first seven bars of their melodic material
ok 308 - ST41 ending variants preserve the first seven bars of their melodic material
  ---
  duration_ms: 56.585261
  type: 'test'
  ...
# Subtest: ST42 assembled human-rhythm combinations retain both excerpt attributions
ok 309 - ST42 assembled human-rhythm combinations retain both excerpt attributions
  ---
  duration_ms: 5.963321
  type: 'test'
  ...
# Subtest: W01 new project opens one arrangement workspace with closed lower editor
ok 310 - W01 new project opens one arrangement workspace with closed lower editor
  ---
  duration_ms: 25.191963
  type: 'test'
  ...
# Subtest: W02 opening a block shows its content without a second page
ok 311 - W02 opening a block shows its content without a second page
  ---
  duration_ms: 22.591596
  type: 'test'
  ...
# Subtest: W03 no active target never falls back to deleting opened content
ok 312 - W03 no active target never falls back to deleting opened content
  ---
  duration_ms: 16.952255
  type: 'test'
  ...
# Subtest: W04 selecting track leaves opened pattern and cursor unchanged
ok 313 - W04 selecting track leaves opened pattern and cursor unchanged
  ---
  duration_ms: 31.130417
  type: 'test'
  ...
# Subtest: W05 note Copy never moves edit cursor or changes the project
ok 314 - W05 note Copy never moves edit cursor or changes the project
  ---
  duration_ms: 17.347053
  type: 'test'
  ...
# Subtest: W06 note Paste uses explicit edit cursor, independent of transport fields
ok 315 - W06 note Paste uses explicit edit cursor, independent of transport fields
  ---
  duration_ms: 29.565309
  type: 'test'
  ...
# Subtest: W07 overflow paste is rejected without clamp or mutation
ok 316 - W07 overflow paste is rejected without clamp or mutation
  ---
  duration_ms: 27.236408
  type: 'test'
  ...
# Subtest: W08 duplicate notes is immediate and independent of the clipboard
ok 317 - W08 duplicate notes is immediate and independent of the clipboard
  ---
  duration_ms: 34.948995
  type: 'test'
  ...
# Subtest: W09 Delete notes does not remove block instances
ok 318 - W09 Delete notes does not remove block instances
  ---
  duration_ms: 27.137819
  type: 'test'
  ...
# Subtest: W10 Delete block removes only occurrence and keeps shared pattern
ok 319 - W10 Delete block removes only occurrence and keeps shared pattern
  ---
  duration_ms: 31.895092
  type: 'test'
  ...
# Subtest: W11 stale selection ids cannot delete a fallback block
ok 320 - W11 stale selection ids cannot delete a fallback block
  ---
  duration_ms: 21.241846
  type: 'test'
  ...
# Subtest: W12 music block duplicate creates independent pattern and ids
ok 321 - W12 music block duplicate creates independent pattern and ids
  ---
  duration_ms: 33.469422
  type: 'test'
  ...
# Subtest: W13 associated repeat keeps shared content explicit
ok 322 - W13 associated repeat keeps shared content explicit
  ---
  duration_ms: 22.480981
  type: 'test'
  ...
# Subtest: W14 unlink isolates only selected shared occurrence
ok 323 - W14 unlink isolates only selected shared occurrence
  ---
  duration_ms: 29.670371
  type: 'test'
  ...
# Subtest: W15 music block clipboard pastes at arrangement cursor
ok 324 - W15 music block clipboard pastes at arrangement cursor
  ---
  duration_ms: 55.902483
  type: 'test'
  ...
# Subtest: W16 block clipboard incompatible target is atomic
ok 325 - W16 block clipboard incompatible target is atomic
  ---
  duration_ms: 15.468197
  type: 'test'
  ...
# Subtest: W17 track copy and paste preserve internal sharing and isolate source
ok 326 - W17 track copy and paste preserve internal sharing and isolate source
  ---
  duration_ms: 26.186858
  type: 'test'
  ...
# Subtest: W18 Delete track cannot delete final remaining track
ok 327 - W18 Delete track cannot delete final remaining track
  ---
  duration_ms: 26.273056
  type: 'test'
  ...
# Subtest: W19 deleting different track keeps opened pattern intact
ok 328 - W19 deleting different track keeps opened pattern intact
  ---
  duration_ms: 49.119762
  type: 'test'
  ...
# Subtest: W20 two timelines cannot be active command owners simultaneously
ok 329 - W20 two timelines cannot be active command owners simultaneously
  ---
  duration_ms: 34.843471
  type: 'test'
  ...
# Subtest: W21 Select all in notes never selects other tracks
ok 330 - W21 Select all in notes never selects other tracks
  ---
  duration_ms: 21.816565
  type: 'test'
  ...
# Subtest: W22 Select all in arrangement selects all occurrences
ok 331 - W22 Select all in arrangement selects all occurrences
  ---
  duration_ms: 23.705633
  type: 'test'
  ...
# Subtest: W23 mix page disables destructive composition commands
ok 332 - W23 mix page disables destructive composition commands
  ---
  duration_ms: 24.881721
  type: 'test'
  ...
# Subtest: W24 range copies silence and clips boundary sustains
ok 333 - W24 range copies silence and clips boundary sustains
  ---
  duration_ms: 34.115503
  type: 'test'
  ...
# Subtest: W25 range delete splits long note and preserves outside
ok 334 - W25 range delete splits long note and preserves outside
  ---
  duration_ms: 22.408629
  type: 'test'
  ...
# Subtest: W26 range duplicate preserves length including rests
ok 335 - W26 range duplicate preserves length including rests
  ---
  duration_ms: 23.656989
  type: 'test'
  ...
# Subtest: W27 range clear preserves outside harmony intervals
ok 336 - W27 range clear preserves outside harmony intervals
  ---
  duration_ms: 24.224137
  type: 'test'
  ...
# Subtest: W28 clipboard from stale harmony never acquires confirmation
ok 337 - W28 clipboard from stale harmony never acquires confirmation
  ---
  duration_ms: 24.865227
  type: 'test'
  ...
# Subtest: W29 range copy/paste carries known harmony to empty destination
ok 338 - W29 range copy/paste carries known harmony to empty destination
  ---
  duration_ms: 17.221415
  type: 'test'
  ...
# Subtest: W30 applying range paste to occupied content requires explicit range
ok 339 - W30 applying range paste to occupied content requires explicit range
  ---
  duration_ms: 13.142825
  type: 'test'
  ...
# Subtest: W31 range validity rejects reversed and out-of-bounds spans
ok 340 - W31 range validity rejects reversed and out-of-bounds spans
  ---
  duration_ms: 18.35517
  type: 'test'
  ...
# Subtest: W32 clipboard and editing targets remain outside musical document
ok 341 - W32 clipboard and editing targets remain outside musical document
  ---
  duration_ms: 16.604922
  type: 'test'
  ...
# Subtest: W33 every exposed basic command has one state definition
ok 342 - W33 every exposed basic command has one state definition
  ---
  duration_ms: 14.692115
  type: 'test'
  ...
# Subtest: W34 note clipboard rejects drum targets without mutation
ok 343 - W34 note clipboard rejects drum targets without mutation
  ---
  duration_ms: 13.680171
  type: 'test'
  ...
# Subtest: W35 empty range can be copied as intentional rest
ok 344 - W35 empty range can be copied as intentional rest
  ---
  duration_ms: 16.77987
  type: 'test'
  ...
# Subtest: W36 duplicate clips checks collisions without partial inserts
ok 345 - W36 duplicate clips checks collisions without partial inserts
  ---
  duration_ms: 29.089699
  type: 'test'
  ...
# Subtest: W37 clear pattern explicitly clears related content, not clip identity
ok 346 - W37 clear pattern explicitly clears related content, not clip identity
  ---
  duration_ms: 19.683201
  type: 'test'
  ...
# Subtest: W38 note range delete maintains valid retained references
ok 347 - W38 note range delete maintains valid retained references
  ---
  duration_ms: 16.282626
  type: 'test'
  ...
# Subtest: W39 deletion of selected pattern invalidates target, never falls back
ok 348 - W39 deletion of selected pattern invalidates target, never falls back
  ---
  duration_ms: 15.155093
  type: 'test'
  ...
# Subtest: W40 copies retain current input document and legacy file version
ok 349 - W40 copies retain current input document and legacy file version
  ---
  duration_ms: 19.172892
  type: 'test'
  ...
# Subtest: W41 legacy phrase workspace preference migrates without rewriting music
ok 350 - W41 legacy phrase workspace preference migrates without rewriting music
  ---
  duration_ms: 9.086008
  type: 'test'
  ...
# Subtest: W42 save/reload workspace keeps panel size and open state, not live selection
ok 351 - W42 save/reload workspace keeps panel size and open state, not live selection
  ---
  duration_ms: 7.110671
  type: 'test'
  ...
# Subtest: W43 closed editor preference stays closed when restored
ok 352 - W43 closed editor preference stays closed when restored
  ---
  duration_ms: 8.803345
  type: 'test'
  ...
# Subtest: W44 same shared content opened at a different instance reports change
ok 353 - W44 same shared content opened at a different instance reports change
  ---
  duration_ms: 12.263246
  type: 'test'
  ...
# Subtest: W45 expanding whole pattern copy preserves legacy metadata shape
ok 354 - W45 expanding whole pattern copy preserves legacy metadata shape
  ---
  duration_ms: 18.720688
  type: 'test'
  ...
# Subtest: W46 track clipboard copied into another project includes self-contained voice settings
ok 355 - W46 track clipboard copied into another project includes self-contained voice settings
  ---
  duration_ms: 13.430637
  type: 'test'
  ...
# Subtest: W47 repeated selection ids resolve to one object
ok 356 - W47 repeated selection ids resolve to one object
  ---
  duration_ms: 13.398279
  type: 'test'
  ...
# Subtest: W48 current build has one layout owner and no old properties renderer
ok 357 - W48 current build has one layout owner and no old properties renderer
  ---
  duration_ms: 0.316522
  type: 'test'
  ...
# Subtest: W49 explicit quantization aligns onset only and preserves identity/duration
ok 358 - W49 explicit quantization aligns onset only and preserves identity/duration
  ---
  duration_ms: 13.387887
  type: 'test'
  ...
# Subtest: W50 quantization rejects free-grid and overflow rather than silently cropping
ok 359 - W50 quantization rejects free-grid and overflow rather than silently cropping
  ---
  duration_ms: 16.021642
  type: 'test'
  ...
1..359
# tests 359
# suites 0
# pass 358
# fail 1
# cancelled 0
# skipped 0
# todo 0
# duration_ms 3426.8169
